Archive member included to satisfy reference by file (symbol)

C:/CLionToolchains/gcc-arm-none-eabi-10.3-2021.10/bin/../lib/gcc/arm-none-eabi/13.3.1/thumb/v7e-m+fp/hard\libgcc.a(_arm_addsubdf3.o)
                              CMakeFiles/bubing_RM2025.elf.dir/code_mf/Src/MahonyAHRS.c.obj (__aeabi_f2d)
C:/CLionToolchains/gcc-arm-none-eabi-10.3-2021.10/bin/../lib/gcc/arm-none-eabi/13.3.1/thumb/v7e-m+fp/hard\libgcc.a(_arm_truncdfsf2.o)
                              CMakeFiles/bubing_RM2025.elf.dir/code_mf/Src/MahonyAHRS.c.obj (__aeabi_d2f)
C:/CLionToolchains/gcc-arm-none-eabi-10.3-2021.10/bin/../lib/gcc/arm-none-eabi/13.3.1/thumb/v7e-m+fp/hard\libgcc.a(_aeabi_uldivmod.o)
                              CMakeFiles/bubing_RM2025.elf.dir/Drivers/STM32F4xx_HAL_Driver/Src/stm32f4xx_hal_rcc.c.obj (__aeabi_uldivmod)
C:/CLionToolchains/gcc-arm-none-eabi-10.3-2021.10/bin/../lib/gcc/arm-none-eabi/13.3.1/thumb/v7e-m+fp/hard\libgcc.a(_udivmoddi4.o)
                              C:/CLionToolchains/gcc-arm-none-eabi-10.3-2021.10/bin/../lib/gcc/arm-none-eabi/13.3.1/thumb/v7e-m+fp/hard\libgcc.a(_aeabi_uldivmod.o) (__udivmoddi4)
C:/CLionToolchains/gcc-arm-none-eabi-10.3-2021.10/bin/../lib/gcc/arm-none-eabi/13.3.1/thumb/v7e-m+fp/hard\libgcc.a(_dvmd_tls.o)
                              C:/CLionToolchains/gcc-arm-none-eabi-10.3-2021.10/bin/../lib/gcc/arm-none-eabi/13.3.1/thumb/v7e-m+fp/hard\libgcc.a(_aeabi_uldivmod.o) (__aeabi_ldiv0)
C:/CLionToolchains/gcc-arm-none-eabi-10.3-2021.10/bin/../lib/gcc/arm-none-eabi/13.3.1/thumb/v7e-m+fp/hard\libg.a(libc_a-exit.o)
                              C:/CLionToolchains/gcc-arm-none-eabi-10.3-2021.10/bin/../lib/gcc/arm-none-eabi/13.3.1/thumb/v7e-m+fp/hard/crt0.o (exit)
C:/CLionToolchains/gcc-arm-none-eabi-10.3-2021.10/bin/../lib/gcc/arm-none-eabi/13.3.1/thumb/v7e-m+fp/hard\libg.a(libc_a-findfp.o)
                              CMakeFiles/bubing_RM2025.elf.dir/Middlewares/Third_Party/FreeRTOS/Source/tasks.c.obj (__sf)
C:/CLionToolchains/gcc-arm-none-eabi-10.3-2021.10/bin/../lib/gcc/arm-none-eabi/13.3.1/thumb/v7e-m+fp/hard\libg.a(libc_a-fwalk.o)
                              C:/CLionToolchains/gcc-arm-none-eabi-10.3-2021.10/bin/../lib/gcc/arm-none-eabi/13.3.1/thumb/v7e-m+fp/hard\libg.a(libc_a-findfp.o) (_fwalk_sglue)
C:/CLionToolchains/gcc-arm-none-eabi-10.3-2021.10/bin/../lib/gcc/arm-none-eabi/13.3.1/thumb/v7e-m+fp/hard\libg.a(libc_a-stdio.o)
                              C:/CLionToolchains/gcc-arm-none-eabi-10.3-2021.10/bin/../lib/gcc/arm-none-eabi/13.3.1/thumb/v7e-m+fp/hard\libg.a(libc_a-findfp.o) (__sread)
C:/CLionToolchains/gcc-arm-none-eabi-10.3-2021.10/bin/../lib/gcc/arm-none-eabi/13.3.1/thumb/v7e-m+fp/hard\libg.a(libc_a-vsprintf.o)
                              CMakeFiles/bubing_RM2025.elf.dir/code_mf/Src/uart_printf.c.obj (vsprintf)
C:/CLionToolchains/gcc-arm-none-eabi-10.3-2021.10/bin/../lib/gcc/arm-none-eabi/13.3.1/thumb/v7e-m+fp/hard\libg.a(libc_a-memset.o)
                              C:/CLionToolchains/gcc-arm-none-eabi-10.3-2021.10/bin/../lib/gcc/arm-none-eabi/13.3.1/thumb/v7e-m+fp/hard/crt0.o (memset)
C:/CLionToolchains/gcc-arm-none-eabi-10.3-2021.10/bin/../lib/gcc/arm-none-eabi/13.3.1/thumb/v7e-m+fp/hard\libg.a(libc_a-closer.o)
                              C:/CLionToolchains/gcc-arm-none-eabi-10.3-2021.10/bin/../lib/gcc/arm-none-eabi/13.3.1/thumb/v7e-m+fp/hard\libg.a(libc_a-stdio.o) (_close_r)
C:/CLionToolchains/gcc-arm-none-eabi-10.3-2021.10/bin/../lib/gcc/arm-none-eabi/13.3.1/thumb/v7e-m+fp/hard\libg.a(libc_a-reent.o)
                              CMakeFiles/bubing_RM2025.elf.dir/Middlewares/Third_Party/FreeRTOS/Source/tasks.c.obj (_reclaim_reent)
C:/CLionToolchains/gcc-arm-none-eabi-10.3-2021.10/bin/../lib/gcc/arm-none-eabi/13.3.1/thumb/v7e-m+fp/hard\libg.a(libc_a-impure.o)
                              CMakeFiles/bubing_RM2025.elf.dir/Middlewares/Third_Party/FreeRTOS/Source/tasks.c.obj (_impure_ptr)
C:/CLionToolchains/gcc-arm-none-eabi-10.3-2021.10/bin/../lib/gcc/arm-none-eabi/13.3.1/thumb/v7e-m+fp/hard\libg.a(libc_a-lseekr.o)
                              C:/CLionToolchains/gcc-arm-none-eabi-10.3-2021.10/bin/../lib/gcc/arm-none-eabi/13.3.1/thumb/v7e-m+fp/hard\libg.a(libc_a-stdio.o) (_lseek_r)
C:/CLionToolchains/gcc-arm-none-eabi-10.3-2021.10/bin/../lib/gcc/arm-none-eabi/13.3.1/thumb/v7e-m+fp/hard\libg.a(libc_a-readr.o)
                              C:/CLionToolchains/gcc-arm-none-eabi-10.3-2021.10/bin/../lib/gcc/arm-none-eabi/13.3.1/thumb/v7e-m+fp/hard\libg.a(libc_a-stdio.o) (_read_r)
C:/CLionToolchains/gcc-arm-none-eabi-10.3-2021.10/bin/../lib/gcc/arm-none-eabi/13.3.1/thumb/v7e-m+fp/hard\libg.a(libc_a-writer.o)
                              C:/CLionToolchains/gcc-arm-none-eabi-10.3-2021.10/bin/../lib/gcc/arm-none-eabi/13.3.1/thumb/v7e-m+fp/hard\libg.a(libc_a-stdio.o) (_write_r)
C:/CLionToolchains/gcc-arm-none-eabi-10.3-2021.10/bin/../lib/gcc/arm-none-eabi/13.3.1/thumb/v7e-m+fp/hard\libg.a(libc_a-errno.o)
[...]
Memory Configuration

Name             Origin             Length             Attributes
CCMRAM           0x10000000         0x00010000         xrw
RAM              0x20000000         0x00020000         xrw
FLASH            0x08000000         0x00100000         xr
*default*        0x00000000         0xffffffff

Linker script and memory map

LOAD C:/CLionToolchains/gcc-arm-none-eabi-10.3-2021.10/bin/../lib/gcc/arm-none-eabi/13.3.1/thumb/v7e-m+fp/hard/crti.o
LOAD C:/CLionToolchains/gcc-arm-none-eabi-10.3-2021.10/bin/../lib/gcc/arm-none-eabi/13.3.1/thumb/v7e-m+fp/hard/crtbegin.o
LOAD C:/CLionToolchains/gcc-arm-none-eabi-10.3-2021.10/bin/../lib/gcc/arm-none-eabi/13.3.1/thumb/v7e-m+fp/hard/crt0.o
LOAD CMakeFiles/bubing_RM2025.elf.dir/Core/Src/can.c.obj
LOAD CMakeFiles/bubing_RM2025.elf.dir/Core/Src/dma.c.obj
LOAD CMakeFiles/bubing_RM2025.elf.dir/Core/Src/freertos.c.obj
LOAD CMakeFiles/bubing_RM2025.elf.dir/Core/Src/gpio.c.obj
LOAD CMakeFiles/bubing_RM2025.elf.dir/Core/Src/main.c.obj
LOAD CMakeFiles/bubing_RM2025.elf.dir/Core/Src/spi.c.obj
LOAD CMakeFiles/bubing_RM2025.elf.dir/Core/Src/stm32f4xx_hal_msp.c.obj
LOAD CMakeFiles/bubing_RM2025.elf.dir/Core/Src/stm32f4xx_hal_timebase_tim.c.obj
LOAD CMakeFiles/bubing_RM2025.elf.dir/Core/Src/stm32f4xx_it.c.obj
LOAD CMakeFiles/bubing_RM2025.elf.dir/Core/Src/syscalls.c.obj
LOAD CMakeFiles/bubing_RM2025.elf.dir/Core/Src/sysmem.c.obj
LOAD CMakeFiles/bubing_RM2025.elf.dir/Core/Src/system_stm32f4xx.c.obj
LOAD CMakeFiles/bubing_RM2025.elf.dir/Core/Src/tim.c.obj
LOAD CMakeFiles/bubing_RM2025.elf.dir/Core/Src/usart.c.obj
LOAD CMakeFiles/bubing_RM2025.elf.dir/Core/Startup/startup_stm32f407ighx.s.obj
LOAD CMakeFiles/bubing_RM2025.elf.dir/Drivers/STM32F4xx_HAL_Driver/Src/stm32f4xx_hal.c.obj
LOAD CMakeFiles/bubing_RM2025.elf.dir/Drivers/STM32F4xx_HAL_Driver/Src/stm32f4xx_hal_can.c.obj
LOAD CMakeFiles/bubing_RM2025.elf.dir/Drivers/STM32F4xx_HAL_Driver/Src/stm32f4xx_hal_cortex.c.obj
LOAD CMakeFiles/bubing_RM2025.elf.dir/Drivers/STM32F4xx_HAL_Driver/Src/stm32f4xx_hal_dma.c.obj
LOAD CMakeFiles/bubing_RM2025.elf.dir/Drivers/STM32F4xx_HAL_Driver/Src/stm32f4xx_hal_dma_ex.c.obj
LOAD CMakeFiles/bubing_RM2025.elf.dir/Drivers/STM32F4xx_HAL_Driver/Src/stm32f4xx_hal_exti.c.obj
LOAD CMakeFiles/bubing_RM2025.elf.dir/Drivers/STM32F4xx_HAL_Driver/Src/stm32f4xx_hal_flash.c.obj
LOAD CMakeFiles/bubing_RM2025.elf.dir/Drivers/STM32F4xx_HAL_Driver/Src/stm32f4xx_hal_flash_ex.c.obj
LOAD CMakeFiles/bubing_RM2025.elf.dir/Drivers/STM32F4xx_HAL_Driver/Src/stm32f4xx_hal_flash_ramfunc.c.obj
LOAD CMakeFiles/bubing_RM2025.elf.dir/Drivers/STM32F4xx_HAL_Driver/Src/stm32f4xx_hal_gpio.c.obj
LOAD CMakeFiles/bubing_RM2025.elf.dir/Drivers/STM32F4xx_HAL_Driver/Src/stm32f4xx_hal_pwr.c.obj
LOAD CMakeFiles/bubing_RM2025.elf.dir/Drivers/STM32F4xx_HAL_Driver/Src/stm32f4xx_hal_pwr_ex.c.obj
LOAD CMakeFiles/bubing_RM2025.elf.dir/Drivers/STM32F4xx_HAL_Driver/Src/stm32f4xx_hal_rcc.c.obj
LOAD CMakeFiles/bubing_RM2025.elf.dir/Drivers/STM32F4xx_HAL_Driver/Src/stm32f4xx_hal_rcc_ex.c.obj
LOAD CMakeFiles/bubing_RM2025.elf.dir/Drivers/STM32F4xx_HAL_Driver/Src/stm32f4xx_hal_spi.c.obj
LOAD CMakeFiles/bubing_RM2025.elf.dir/Drivers/STM32F4xx_HAL_Driver/Src/stm32f4xx_hal_tim.c.obj
LOAD CMakeFiles/bubing_RM2025.elf.dir/Drivers/STM32F4xx_HAL_Driver/Src/stm32f4xx_hal_tim_ex.c.obj
LOAD CMakeFiles/bubing_RM2025.elf.dir/Drivers/STM32F4xx_HAL_Driver/Src/stm32f4xx_hal_uart.c.obj
LOAD CMakeFiles/bubing_RM2025.elf.dir/Middlewares/Third_Party/FreeRTOS/Source/CMSIS_RTOS/cmsis_os.c.obj
LOAD CMakeFiles/bubing_RM2025.elf.dir/Middlewares/Third_Party/FreeRTOS/Source/croutine.c.obj
LOAD CMakeFiles/bubing_RM2025.elf.dir/Middlewares/Third_Party/FreeRTOS/Source/event_groups.c.obj
LOAD CMakeFiles/bubing_RM2025.elf.dir/Middlewares/Third_Party/FreeRTOS/Source/list.c.obj
LOAD CMakeFiles/bubing_RM2025.elf.dir/Middlewares/Third_Party/FreeRTOS/Source/portable/GCC/ARM_CM4F/port.c.obj
LOAD CMakeFiles/bubing_RM2025.elf.dir/Middlewares/Third_Party/FreeRTOS/Source/portable/MemMang/heap_4.c.obj
LOAD CMakeFiles/bubing_RM2025.elf.dir/Middlewares/Third_Party/FreeRTOS/Source/queue.c.obj
LOAD CMakeFiles/bubing_RM2025.elf.dir/Middlewares/Third_Party/FreeRTOS/Source/stream_buffer.c.obj
LOAD CMakeFiles/bubing_RM2025.elf.dir/Middlewares/Third_Party/FreeRTOS/Source/tasks.c.obj
LOAD CMakeFiles/bubing_RM2025.elf.dir/Middlewares/Third_Party/FreeRTOS/Source/timers.c.obj
LOAD CMakeFiles/bubing_RM2025.elf.dir/code_mf/Src/BMI088Middleware.c.obj
LOAD CMakeFiles/bubing_RM2025.elf.dir/code_mf/Src/BMI088driver.c.obj
LOAD CMakeFiles/bubing_RM2025.elf.dir/code_mf/Src/CAN_receive.c.obj
LOAD CMakeFiles/bubing_RM2025.elf.dir/code_mf/Src/IMU_DATA_GET.c.obj
LOAD CMakeFiles/bubing_RM2025.elf.dir/code_mf/Src/MahonyAHRS.c.obj
LOAD CMakeFiles/bubing_RM2025.elf.dir/code_mf/Src/auto_aim.c.obj
LOAD CMakeFiles/bubing_RM2025.elf.dir/code_mf/Src/board_LED.c.obj
LOAD CMakeFiles/bubing_RM2025.elf.dir/code_mf/Src/bsp_can.c.obj
LOAD CMakeFiles/bubing_RM2025.elf.dir/code_mf/Src/bsp_rc.c.obj
LOAD CMakeFiles/bubing_RM2025.elf.dir/code_mf/Src/can_sent.c.obj
LOAD CMakeFiles/bubing_RM2025.elf.dir/code_mf/Src/chassis_motor_control.c.obj
LOAD CMakeFiles/bubing_RM2025.elf.dir/code_mf/Src/error_detection.c.obj
LOAD CMakeFiles/bubing_RM2025.elf.dir/code_mf/Src/get_rc.c.obj
LOAD CMakeFiles/bubing_RM2025.elf.dir/code_mf/Src/gimbal_motor_control.c.obj
LOAD CMakeFiles/bubing_RM2025.elf.dir/code_mf/Src/jy61p.c.obj
LOAD CMakeFiles/bubing_RM2025.elf.dir/code_mf/Src/odometer.c.obj
LOAD CMakeFiles/bubing_RM2025.elf.dir/code_mf/Src/pid.c.obj
LOAD CMakeFiles/bubing_RM2025.elf.dir/code_mf/Src/refree_task.c.obj
LOAD CMakeFiles/bubing_RM2025.elf.dir/code_mf/Src/remote_control.c.obj
LOAD CMakeFiles/bubing_RM2025.elf.dir/code_mf/Src/servo_task.c.obj
LOAD CMakeFiles/bubing_RM2025.elf.dir/code_mf/Src/shoot_control.c.obj
LOAD CMakeFiles/bubing_RM2025.elf.dir/code_mf/Src/uart_callback.c.obj
LOAD CMakeFiles/bubing_RM2025.elf.dir/code_mf/Src/uart_printf.c.obj
LOAD CMakeFiles/bubing_RM2025.elf.dir/code_mf/Src/uart_sent.c.obj
START GROUP
LOAD C:/CLionToolchains/gcc-arm-none-eabi-10.3-2021.10/bin/../lib/gcc/arm-none-eabi/13.3.1/thumb/v7e-m+fp/hard\libgcc.a
LOAD C:/CLionToolchains/gcc-arm-none-eabi-10.3-2021.10/bin/../lib/gcc/arm-none-eabi/13.3.1/thumb/v7e-m+fp/hard\libg.a
LOAD C:/CLionToolchains/gcc-arm-none-eabi-10.3-2021.10/bin/../lib/gcc/arm-none-eabi/13.3.1/thumb/v7e-m+fp/hard\libc.a
END GROUP
LOAD C:/CLionToolchains/gcc-arm-none-eabi-10.3-2021.10/bin/../lib/gcc/arm-none-eabi/13.3.1/thumb/v7e-m+fp/hard/crtend.o
LOAD C:/CLionToolchains/gcc-arm-none-eabi-10.3-2021.10/bin/../lib/gcc/arm-none-eabi/13.3.1/thumb/v7e-m+fp/hard/crtn.o
                0x20020000                        _estack = (ORIGIN (RAM) + LENGTH (RAM))
                0x00000200                        _Min_Heap_Size = 0x200
                0x00000400                        _Min_Stack_Size = 0x400

.isr_vector     0x08000000      0x188
                0x08000000                        . = ALIGN (0x4)
 *(.isr_vector)
 .isr_vector    0x08000000      0x188 CMakeFiles/bubing_RM2025.elf.dir/Core/Startup/startup_stm32f407ighx.s.obj
                0x08000000                g_pfnVectors
                0x08000188                        . = ALIGN (0x4)

.text           0x080001c0     0xee68
                0x080001c0                        . = ALIGN (0x4)
 *(.text)
 .text          0x080001c0      0x378 C:/CLionToolchains/gcc-arm-none-eabi-10.3-2021.10/bin/../lib/gcc/arm-none-eabi/13.3.1/thumb/v7e-m+fp/hard\libgcc.a(_arm_addsubdf3.o)
                0x080001c0                __aeabi_drsub
                0x080001c8                __aeabi_dsub
                0x080001c8                __subdf3
                0x080001cc                __aeabi_dadd
                0x080001cc                __adddf3
                0x08000444                __floatunsidf
                0x08000444                __aeabi_ui2d
                0x08000464                __floatsidf
                0x08000464                __aeabi_i2d
                0x08000488                __aeabi_f2d
                0x08000488                __extendsfdf2
                0x080004cc                __floatundidf
                0x080004cc                __aeabi_ul2d
                0x080004dc                __floatdidf
                0x080004dc                __aeabi_l2d
 .text          0x08000538       0xa0 C:/CLionToolchains/gcc-arm-none-eabi-10.3-2021.10/bin/../lib/gcc/arm-none-eabi/13.3.1/thumb/v7e-m+fp/hard\libgcc.a(_arm_truncdfsf2.o)
                0x08000538                __truncdfsf2
                0x08000538                __aeabi_d2f
 .text          0x080005d8       0x30 C:/CLionToolchains/gcc-arm-none-eabi-10.3-2021.10/bin/../lib/gcc/arm-none-eabi/13.3.1/thumb/v7e-m+fp/hard\libgcc.a(_aeabi_uldivmod.o)
                0x080005d8                __aeabi_uldivmod
 .text          0x08000608        0x4 C:/CLionToolchains/gcc-arm-none-eabi-10.3-2021.10/bin/../lib/gcc/arm-none-eabi/13.3.1/thumb/v7e-m+fp/hard\libgcc.a(_dvmd_tls.o)
                0x08000608                __aeabi_idiv0
                0x08000608                __aeabi_ldiv0
 .text          0x0800060c      0x134 C:/CLionToolchains/gcc-arm-none-eabi-10.3-2021.10/bin/../lib/gcc/arm-none-eabi/13.3.1/thumb/v7e-m+fp/hard\libg.a(libc_a-memcpy.o)
                0x0800060c                memcpy
 .text          0x08000740       0xa0 C:/CLionToolchains/gcc-arm-none-eabi-10.3-2021.10/bin/../lib/gcc/arm-none-eabi/13.3.1/thumb/v7e-m+fp/hard\libg.a(libc_a-memchr.o)
                0x08000740                memchr
 *fill*         0x080007e0       0x20 
 .text          0x08000800       0xd8 C:/CLionToolchains/gcc-arm-none-eabi-10.3-2021.10/bin/../lib/gcc/arm-none-eabi/13.3.1/thumb/v7e-m+fp/hard\libg.a(libc_a-strlen.o)
                0x08000800                strlen
 .text          0x080008d8      0x424 C:/CLionToolchains/gcc-arm-none-eabi-10.3-2021.10/bin/../lib/gcc/arm-none-eabi/13.3.1/thumb/v7e-m+fp/hard\libgcc.a(_arm_muldivdf3.o)
                0x080008d8                __aeabi_dmul
                0x080008d8                __muldf3
                0x08000b2c                __divdf3
                0x08000b2c                __aeabi_ddiv
 .text          0x08000cfc      0x110 C:/CLionToolchains/gcc-arm-none-eabi-10.3-2021.10/bin/../lib/gcc/arm-none-eabi/13.3.1/thumb/v7e-m+fp/hard\libgcc.a(_arm_cmpdf2.o)
                0x08000cfc                __gtdf2
                0x08000cfc                __gedf2
                0x08000d04                __ltdf2
                0x08000d04                __ledf2
                0x08000d0c                __nedf2
                0x08000d0c                __eqdf2
                0x08000d0c                __cmpdf2
                0x08000d88                __aeabi_cdrcmple
                0x08000d98                __aeabi_cdcmpeq
                0x08000d98                __aeabi_cdcmple
                0x08000da8                __aeabi_dcmpeq
                0x08000dbc                __aeabi_dcmplt
                0x08000dd0                __aeabi_dcmple
                0x08000de4                __aeabi_dcmpge
                0x08000df8                __aeabi_dcmpgt
 .text          0x08000e0c       0x2c C:/CLionToolchains/gcc-arm-none-eabi-10.3-2021.10/bin/../lib/gcc/arm-none-eabi/13.3.1/thumb/v7e-m+fp/hard\libgcc.a(_arm_unorddf2.o)
                0x08000e0c                __unorddf2
                0x08000e0c                __aeabi_dcmpun
 .text          0x08000e38       0x50 C:/CLionToolchains/gcc-arm-none-eabi-10.3-2021.10/bin/../lib/gcc/arm-none-eabi/13.3.1/thumb/v7e-m+fp/hard\libgcc.a(_arm_fixdfsi.o)
                0x08000e38                __aeabi_d2iz
                0x08000e38                __fixdfsi
 *(.text*)
 .text.deregister_tm_clones
                0x08000e88       0x1c C:/CLionToolchains/gcc-arm-none-eabi-10.3-2021.10/bin/../lib/gcc/arm-none-eabi/13.3.1/thumb/v7e-m+fp/hard/crtbegin.o
 .text.register_tm_clones
                0x08000ea4       0x24 C:/CLionToolchains/gcc-arm-none-eabi-10.3-2021.10/bin/../lib/gcc/arm-none-eabi/13.3.1/thumb/v7e-m+fp/hard/crtbegin.o
 .text.__do_global_dtors_aux
                0x08000ec8       0x28 C:/CLionToolchains/gcc-arm-none-eabi-10.3-2021.10/bin/../lib/gcc/arm-none-eabi/13.3.1/thumb/v7e-m+fp/hard/crtbegin.o
 .text.frame_dummy
                0x08000ef0       0x24 C:/CLionToolchains/gcc-arm-none-eabi-10.3-2021.10/bin/../lib/gcc/arm-none-eabi/13.3.1/thumb/v7e-m+fp/hard/crtbegin.o
 .text.MX_CAN1_Init
                0x08000f14       0x40 CMakeFiles/bubing_RM2025.elf.dir/Core/Src/can.c.obj
                0x08000f14                MX_CAN1_Init
 .text.MX_CAN2_Init
                0x08000f54       0x40 CMakeFiles/bubing_RM2025.elf.dir/Core/Src/can.c.obj
                0x08000f54                MX_CAN2_Init
 .text.HAL_CAN_MspInit
                0x08000f94      0x120 CMakeFiles/bubing_RM2025.elf.dir/Core/Src/can.c.obj
                0x08000f94                HAL_CAN_MspInit
 .text.MX_DMA_Init
                0x080010b4       0x88 CMakeFiles/bubing_RM2025.elf.dir/Core/Src/dma.c.obj
                0x080010b4                MX_DMA_Init
 .text.StartDefaultTask
                0x0800113c        0xa CMakeFiles/bubing_RM2025.elf.dir/Core/Src/freertos.c.obj
                0x0800113c                StartDefaultTask
 *fill*         0x08001146        0x2 
 .text.vApplicationGetIdleTaskMemory
                0x08001148       0x18 CMakeFiles/bubing_RM2025.elf.dir/Core/Src/freertos.c.obj
                0x08001148                vApplicationGetIdleTaskMemory
 .text.MX_FREERTOS_Init
                0x08001160      0x214 CMakeFiles/bubing_RM2025.elf.dir/Core/Src/freertos.c.obj
                0x08001160                MX_FREERTOS_Init
 .text.MX_GPIO_Init
                0x08001374      0x144 CMakeFiles/bubing_RM2025.elf.dir/Core/Src/gpio.c.obj
                0x08001374                MX_GPIO_Init
 .text.HAL_TIM_PeriodElapsedCallback
                0x080014b8       0x18 CMakeFiles/bubing_RM2025.elf.dir/Core/Src/main.c.obj
                0x080014b8                HAL_TIM_PeriodElapsedCallback
 .text.Error_Handler
                0x080014d0        0x4 CMakeFiles/bubing_RM2025.elf.dir/Core/Src/main.c.obj
                0x080014d0                Error_Handler
 .text.SystemClock_Config
                0x080014d4       0xa8 CMakeFiles/bubing_RM2025.elf.dir/Core/Src/main.c.obj
                0x080014d4                SystemClock_Config
 .text.main     0x0800157c       0xf8 CMakeFiles/bubing_RM2025.elf.dir/Core/Src/main.c.obj
                0x0800157c                main
 .text.MX_SPI1_Init
                0x08001674       0x48 CMakeFiles/bubing_RM2025.elf.dir/Core/Src/spi.c.obj
                0x08001674                MX_SPI1_Init
 .text.HAL_SPI_MspInit
                0x080016bc       0x98 CMakeFiles/bubing_RM2025.elf.dir/Core/Src/spi.c.obj
                0x080016bc                HAL_SPI_MspInit
 .text.HAL_MspInit
                0x08001754       0x44 CMakeFiles/bubing_RM2025.elf.dir/Core/Src/stm32f4xx_hal_msp.c.obj
                0x08001754                HAL_MspInit
 .text.HAL_InitTick
                0x08001798       0xa4 CMakeFiles/bubing_RM2025.elf.dir/Core/Src/stm32f4xx_hal_timebase_tim.c.obj
                0x08001798                HAL_InitTick
 .text.NMI_Handler
                0x0800183c        0x2 CMakeFiles/bubing_RM2025.elf.dir/Core/Src/stm32f4xx_it.c.obj
                0x0800183c                NMI_Handler
 .text.HardFault_Handler
                0x0800183e        0x2 CMakeFiles/bubing_RM2025.elf.dir/Core/Src/stm32f4xx_it.c.obj
                0x0800183e                HardFault_Handler
 .text.MemManage_Handler
                0x08001840        0x2 CMakeFiles/bubing_RM2025.elf.dir/Core/Src/stm32f4xx_it.c.obj
                0x08001840                MemManage_Handler
 .text.BusFault_Handler
                0x08001842        0x2 CMakeFiles/bubing_RM2025.elf.dir/Core/Src/stm32f4xx_it.c.obj
                0x08001842                BusFault_Handler
 .text.UsageFault_Handler
                0x08001844        0x2 CMakeFiles/bubing_RM2025.elf.dir/Core/Src/stm32f4xx_it.c.obj
                0x08001844                UsageFault_Handler
 .text.DebugMon_Handler
                0x08001846        0x2 CMakeFiles/bubing_RM2025.elf.dir/Core/Src/stm32f4xx_it.c.obj
                0x08001846                DebugMon_Handler
 .text.DMA1_Stream1_IRQHandler
                0x08001848       0x10 CMakeFiles/bubing_RM2025.elf.dir/Core/Src/stm32f4xx_it.c.obj
                0x08001848                DMA1_Stream1_IRQHandler
 .text.CAN1_RX0_IRQHandler
                0x08001858       0x10 CMakeFiles/bubing_RM2025.elf.dir/Core/Src/stm32f4xx_it.c.obj
                0x08001858                CAN1_RX0_IRQHandler
 .text.USART1_IRQHandler
                0x08001868       0x10 CMakeFiles/bubing_RM2025.elf.dir/Core/Src/stm32f4xx_it.c.obj
                0x08001868                USART1_IRQHandler
 .text.TIM7_IRQHandler
                0x08001878       0x10 CMakeFiles/bubing_RM2025.elf.dir/Core/Src/stm32f4xx_it.c.obj
                0x08001878                TIM7_IRQHandler
 .text.DMA2_Stream1_IRQHandler
                0x08001888       0x10 CMakeFiles/bubing_RM2025.elf.dir/Core/Src/stm32f4xx_it.c.obj
                0x08001888                DMA2_Stream1_IRQHandler
 .text.DMA2_Stream2_IRQHandler
                0x08001898       0x10 CMakeFiles/bubing_RM2025.elf.dir/Core/Src/stm32f4xx_it.c.obj
                0x08001898                DMA2_Stream2_IRQHandler
 .text.CAN2_RX0_IRQHandler
                0x080018a8       0x10 CMakeFiles/bubing_RM2025.elf.dir/Core/Src/stm32f4xx_it.c.obj
                0x080018a8                CAN2_RX0_IRQHandler
 .text.DMA2_Stream6_IRQHandler
                0x080018b8       0x10 CMakeFiles/bubing_RM2025.elf.dir/Core/Src/stm32f4xx_it.c.obj
                0x080018b8                DMA2_Stream6_IRQHandler
 .text.DMA2_Stream7_IRQHandler
                0x080018c8       0x10 CMakeFiles/bubing_RM2025.elf.dir/Core/Src/stm32f4xx_it.c.obj
                0x080018c8                DMA2_Stream7_IRQHandler
 .text.USART6_IRQHandler
                0x080018d8       0x10 CMakeFiles/bubing_RM2025.elf.dir/Core/Src/stm32f4xx_it.c.obj
                0x080018d8                USART6_IRQHandler
 .text._getpid  0x080018e8        0x4 CMakeFiles/bubing_RM2025.elf.dir/Core/Src/syscalls.c.obj
                0x080018e8                _getpid
 .text._kill    0x080018ec       0x10 CMakeFiles/bubing_RM2025.elf.dir/Core/Src/syscalls.c.obj
                0x080018ec                _kill
 .text._exit    0x080018fc        0xc CMakeFiles/bubing_RM2025.elf.dir/Core/Src/syscalls.c.obj
                0x080018fc                _exit
 .text._read    0x08001908       0x20 CMakeFiles/bubing_RM2025.elf.dir/Core/Src/syscalls.c.obj
                0x08001908                _read
 .text._write   0x08001928       0x1c CMakeFiles/bubing_RM2025.elf.dir/Core/Src/syscalls.c.obj
                0x08001928                _write
 .text._close   0x08001944        0x6 CMakeFiles/bubing_RM2025.elf.dir/Core/Src/syscalls.c.obj
                0x08001944                _close
 .text._fstat   0x0800194a        0xa CMakeFiles/bubing_RM2025.elf.dir/Core/Src/syscalls.c.obj
                0x0800194a                _fstat
 .text._isatty  0x08001954        0x4 CMakeFiles/bubing_RM2025.elf.dir/Core/Src/syscalls.c.obj
                0x08001954                _isatty
 .text._lseek   0x08001958        0x4 CMakeFiles/bubing_RM2025.elf.dir/Core/Src/syscalls.c.obj
                0x08001958                _lseek
 .text._sbrk    0x0800195c       0x48 CMakeFiles/bubing_RM2025.elf.dir/Core/Src/sysmem.c.obj
                0x0800195c                _sbrk
 .text.SystemInit
                0x080019a4       0x14 CMakeFiles/bubing_RM2025.elf.dir/Core/Src/system_stm32f4xx.c.obj
                0x080019a4                SystemInit
 .text.HAL_TIM_Base_MspInit
                0x080019b8       0x54 CMakeFiles/bubing_RM2025.elf.dir/Core/Src/tim.c.obj
                0x080019b8                HAL_TIM_Base_MspInit
 .text.HAL_TIM_MspPostInit
                0x08001a0c       0xc0 CMakeFiles/bubing_RM2025.elf.dir/Core/Src/tim.c.obj
                0x08001a0c                HAL_TIM_MspPostInit
 .text.MX_TIM1_Init
                0x08001acc      0x124 CMakeFiles/bubing_RM2025.elf.dir/Core/Src/tim.c.obj
                0x08001acc                MX_TIM1_Init
 .text.MX_TIM8_Init
                0x08001bf0      0x110 CMakeFiles/bubing_RM2025.elf.dir/Core/Src/tim.c.obj
                0x08001bf0                MX_TIM8_Init
 .text.MX_USART1_UART_Init
                0x08001d00       0x34 CMakeFiles/bubing_RM2025.elf.dir/Core/Src/usart.c.obj
                0x08001d00                MX_USART1_UART_Init
 .text.MX_USART3_UART_Init
                0x08001d34       0x3c CMakeFiles/bubing_RM2025.elf.dir/Core/Src/usart.c.obj
                0x08001d34                MX_USART3_UART_Init
 .text.MX_USART6_UART_Init
                0x08001d70       0x34 CMakeFiles/bubing_RM2025.elf.dir/Core/Src/usart.c.obj
                0x08001d70                MX_USART6_UART_Init
 .text.HAL_UART_MspInit
                0x08001da4      0x2d4 CMakeFiles/bubing_RM2025.elf.dir/Core/Src/usart.c.obj
                0x08001da4                HAL_UART_MspInit
 .text.Reset_Handler
                0x08002078       0x50 CMakeFiles/bubing_RM2025.elf.dir/Core/Startup/startup_stm32f407ighx.s.obj
                0x08002078                Reset_Handler
 .text.Default_Handler
                0x080020c8        0x2 CMakeFiles/bubing_RM2025.elf.dir/Core/Startup/startup_stm32f407ighx.s.obj
                0x080020c8                RTC_Alarm_IRQHandler
                0x080020c8                HASH_RNG_IRQHandler
                0x080020c8                EXTI2_IRQHandler
                0x080020c8                TIM8_CC_IRQHandler
                0x080020c8                TIM1_CC_IRQHandler
                0x080020c8                DMA2_Stream5_IRQHandler
                0x080020c8                DMA1_Stream5_IRQHandler
                0x080020c8                PVD_IRQHandler
                0x080020c8                SDIO_IRQHandler
                0x080020c8                TAMP_STAMP_IRQHandler
                0x080020c8                CAN2_RX1_IRQHandler
                0x080020c8                EXTI3_IRQHandler
                0x080020c8                TIM8_TRG_COM_TIM14_IRQHandler
                0x080020c8                TIM1_UP_TIM10_IRQHandler
                0x080020c8                TIM8_UP_TIM13_IRQHandler
                0x080020c8                I2C3_ER_IRQHandler
                0x080020c8                EXTI0_IRQHandler
                0x080020c8                I2C2_EV_IRQHandler
                0x080020c8                DMA1_Stream2_IRQHandler
                0x080020c8                FPU_IRQHandler
                0x080020c8                OTG_HS_WKUP_IRQHandler
                0x080020c8                CAN2_SCE_IRQHandler
                0x080020c8                SPI1_IRQHandler
                0x080020c8                TIM6_DAC_IRQHandler
                0x080020c8                TIM1_BRK_TIM9_IRQHandler
                0x080020c8                DCMI_IRQHandler
                0x080020c8                DMA2_Stream3_IRQHandler
                0x080020c8                CAN1_RX1_IRQHandler
                0x080020c8                UART5_IRQHandler
                0x080020c8                DMA2_Stream0_IRQHandler
                0x080020c8                TIM4_IRQHandler
                0x080020c8                I2C1_EV_IRQHandler
                0x080020c8                DMA1_Stream6_IRQHandler
                0x080020c8                UART4_IRQHandler
                0x080020c8                TIM3_IRQHandler
                0x080020c8                RCC_IRQHandler
                0x080020c8                TIM8_BRK_TIM12_IRQHandler
                0x080020c8                Default_Handler
                0x080020c8                EXTI15_10_IRQHandler
                0x080020c8                ADC_IRQHandler
                0x080020c8                DMA1_Stream7_IRQHandler
                0x080020c8                CAN2_TX_IRQHandler
                0x080020c8                TIM5_IRQHandler
                0x080020c8                I2C3_EV_IRQHandler
                0x080020c8                EXTI9_5_IRQHandler
                0x080020c8                RTC_WKUP_IRQHandler
                0x080020c8                ETH_WKUP_IRQHandler
                0x080020c8                SPI2_IRQHandler
                0x080020c8                OTG_HS_EP1_IN_IRQHandler
                0x080020c8                DMA1_Stream0_IRQHandler
                0x080020c8                CAN1_TX_IRQHandler
                0x080020c8                EXTI4_IRQHandler
                0x080020c8                FSMC_IRQHandler
                0x080020c8                ETH_IRQHandler
                0x080020c8                OTG_HS_EP1_OUT_IRQHandler
                0x080020c8                WWDG_IRQHandler
                0x080020c8                TIM2_IRQHandler
                0x080020c8                OTG_FS_WKUP_IRQHandler
                0x080020c8                TIM1_TRG_COM_TIM11_IRQHandler
                0x080020c8                OTG_HS_IRQHandler
                0x080020c8                EXTI1_IRQHandler
                0x080020c8                USART2_IRQHandler
                0x080020c8                I2C2_ER_IRQHandler
                0x080020c8                CAN1_SCE_IRQHandler
                0x080020c8                FLASH_IRQHandler
                0x080020c8                DMA2_Stream4_IRQHandler
                0x080020c8                OTG_FS_IRQHandler
                0x080020c8                SPI3_IRQHandler
                0x080020c8                DMA1_Stream4_IRQHandler
                0x080020c8                I2C1_ER_IRQHandler
                0x080020c8                DMA1_Stream3_IRQHandler
 *fill*         0x080020ca        0x2 
 .text.HAL_Init
                0x080020cc       0x34 CMakeFiles/bubing_RM2025.elf.dir/Drivers/STM32F4xx_HAL_Driver/Src/stm32f4xx_hal.c.obj
                0x080020cc                HAL_Init
 .text.HAL_IncTick
                0x08002100       0x18 CMakeFiles/bubing_RM2025.elf.dir/Drivers/STM32F4xx_HAL_Driver/Src/stm32f4xx_hal.c.obj
                0x08002100                HAL_IncTick
 .text.HAL_GetTick
                0x08002118        0xc CMakeFiles/bubing_RM2025.elf.dir/Drivers/STM32F4xx_HAL_Driver/Src/stm32f4xx_hal.c.obj
                0x08002118                HAL_GetTick
 .text.HAL_CAN_Init
                0x08002124      0x14c CMakeFiles/bubing_RM2025.elf.dir/Drivers/STM32F4xx_HAL_Driver/Src/stm32f4xx_hal_can.c.obj
                0x08002124                HAL_CAN_Init
 .text.HAL_CAN_ConfigFilter
                0x08002270      0x138 CMakeFiles/bubing_RM2025.elf.dir/Drivers/STM32F4xx_HAL_Driver/Src/stm32f4xx_hal_can.c.obj
                0x08002270                HAL_CAN_ConfigFilter
 .text.HAL_CAN_Start
                0x080023a8       0x5c CMakeFiles/bubing_RM2025.elf.dir/Drivers/STM32F4xx_HAL_Driver/Src/stm32f4xx_hal_can.c.obj
                0x080023a8                HAL_CAN_Start
 .text.HAL_CAN_AddTxMessage
                0x08002404       0xea CMakeFiles/bubing_RM2025.elf.dir/Drivers/STM32F4xx_HAL_Driver/Src/stm32f4xx_hal_can.c.obj
                0x08002404                HAL_CAN_AddTxMessage
 .text.HAL_CAN_GetRxMessage
                0x080024ee      0x16a CMakeFiles/bubing_RM2025.elf.dir/Drivers/STM32F4xx_HAL_Driver/Src/stm32f4xx_hal_can.c.obj
                0x080024ee                HAL_CAN_GetRxMessage
 .text.HAL_CAN_ActivateNotification
                0x08002658       0x24 CMakeFiles/bubing_RM2025.elf.dir/Drivers/STM32F4xx_HAL_Driver/Src/stm32f4xx_hal_can.c.obj
                0x08002658                HAL_CAN_ActivateNotification
 .text.HAL_CAN_TxMailbox0CompleteCallback
                0x0800267c        0x2 CMakeFiles/bubing_RM2025.elf.dir/Drivers/STM32F4xx_HAL_Driver/Src/stm32f4xx_hal_can.c.obj
                0x0800267c                HAL_CAN_TxMailbox0CompleteCallback
 .text.HAL_CAN_TxMailbox1CompleteCallback
                0x0800267e        0x2 CMakeFiles/bubing_RM2025.elf.dir/Drivers/STM32F4xx_HAL_Driver/Src/stm32f4xx_hal_can.c.obj
                0x0800267e                HAL_CAN_TxMailbox1CompleteCallback
 .text.HAL_CAN_TxMailbox2CompleteCallback
                0x08002680        0x2 CMakeFiles/bubing_RM2025.elf.dir/Drivers/STM32F4xx_HAL_Driver/Src/stm32f4xx_hal_can.c.obj
                0x08002680                HAL_CAN_TxMailbox2CompleteCallback
 .text.HAL_CAN_TxMailbox0AbortCallback
                0x08002682        0x2 CMakeFiles/bubing_RM2025.elf.dir/Drivers/STM32F4xx_HAL_Driver/Src/stm32f4xx_hal_can.c.obj
                0x08002682                HAL_CAN_TxMailbox0AbortCallback
 .text.HAL_CAN_TxMailbox1AbortCallback
                0x08002684        0x2 CMakeFiles/bubing_RM2025.elf.dir/Drivers/STM32F4xx_HAL_Driver/Src/stm32f4xx_hal_can.c.obj
                0x08002684                HAL_CAN_TxMailbox1AbortCallback
 .text.HAL_CAN_TxMailbox2AbortCallback
                0x08002686        0x2 CMakeFiles/bubing_RM2025.elf.dir/Drivers/STM32F4xx_HAL_Driver/Src/stm32f4xx_hal_can.c.obj
                0x08002686                HAL_CAN_TxMailbox2AbortCallback
 .text.HAL_CAN_RxFifo0FullCallback
                0x08002688        0x2 CMakeFiles/bubing_RM2025.elf.dir/Drivers/STM32F4xx_HAL_Driver/Src/stm32f4xx_hal_can.c.obj
                0x08002688                HAL_CAN_RxFifo0FullCallback
 .text.HAL_CAN_RxFifo1MsgPendingCallback
                0x0800268a        0x2 CMakeFiles/bubing_RM2025.elf.dir/Drivers/STM32F4xx_HAL_Driver/Src/stm32f4xx_hal_can.c.obj
                0x0800268a                HAL_CAN_RxFifo1MsgPendingCallback
 .text.HAL_CAN_RxFifo1FullCallback
                0x0800268c        0x2 CMakeFiles/bubing_RM2025.elf.dir/Drivers/STM32F4xx_HAL_Driver/Src/stm32f4xx_hal_can.c.obj
                0x0800268c                HAL_CAN_RxFifo1FullCallback
 .text.HAL_CAN_SleepCallback
                0x0800268e        0x2 CMakeFiles/bubing_RM2025.elf.dir/Drivers/STM32F4xx_HAL_Driver/Src/stm32f4xx_hal_can.c.obj
                0x0800268e                HAL_CAN_SleepCallback
 .text.HAL_CAN_WakeUpFromRxMsgCallback
                0x08002690        0x2 CMakeFiles/bubing_RM2025.elf.dir/Drivers/STM32F4xx_HAL_Driver/Src/stm32f4xx_hal_can.c.obj
                0x08002690                HAL_CAN_WakeUpFromRxMsgCallback
 .text.HAL_CAN_ErrorCallback
                0x08002692        0x2 CMakeFiles/bubing_RM2025.elf.dir/Drivers/STM32F4xx_HAL_Driver/Src/stm32f4xx_hal_can.c.obj
                0x08002692                HAL_CAN_ErrorCallback
 .text.HAL_CAN_IRQHandler
                0x08002694      0x250 CMakeFiles/bubing_RM2025.elf.dir/Drivers/STM32F4xx_HAL_Driver/Src/stm32f4xx_hal_can.c.obj
                0x08002694                HAL_CAN_IRQHandler
 .text.__NVIC_EnableIRQ
                0x080028e4       0x1c CMakeFiles/bubing_RM2025.elf.dir/Drivers/STM32F4xx_HAL_Driver/Src/stm32f4xx_hal_cortex.c.obj
 .text.__NVIC_SetPriority
                0x08002900       0x28 CMakeFiles/bubing_RM2025.elf.dir/Drivers/STM32F4xx_HAL_Driver/Src/stm32f4xx_hal_cortex.c.obj
 .text.NVIC_EncodePriority
                0x08002928       0x3e CMakeFiles/bubing_RM2025.elf.dir/Drivers/STM32F4xx_HAL_Driver/Src/stm32f4xx_hal_cortex.c.obj
 *fill*         0x08002966        0x2 
 .text.HAL_NVIC_SetPriorityGrouping
                0x08002968       0x24 CMakeFiles/bubing_RM2025.elf.dir/Drivers/STM32F4xx_HAL_Driver/Src/stm32f4xx_hal_cortex.c.obj
                0x08002968                HAL_NVIC_SetPriorityGrouping
 .text.HAL_NVIC_SetPriority
                0x0800298c       0x20 CMakeFiles/bubing_RM2025.elf.dir/Drivers/STM32F4xx_HAL_Driver/Src/stm32f4xx_hal_cortex.c.obj
                0x0800298c                HAL_NVIC_SetPriority
 .text.HAL_NVIC_EnableIRQ
                0x080029ac        0x8 CMakeFiles/bubing_RM2025.elf.dir/Drivers/STM32F4xx_HAL_Driver/Src/stm32f4xx_hal_cortex.c.obj
                0x080029ac                HAL_NVIC_EnableIRQ
 .text.DMA_SetConfig
                0x080029b4       0x2c CMakeFiles/bubing_RM2025.elf.dir/Drivers/STM32F4xx_HAL_Driver/Src/stm32f4xx_hal_dma.c.obj
 .text.DMA_CalcBaseAndBitshift
                0x080029e0       0x3c CMakeFiles/bubing_RM2025.elf.dir/Drivers/STM32F4xx_HAL_Driver/Src/stm32f4xx_hal_dma.c.obj
 .text.DMA_CheckFifoParam
                0x08002a1c       0x8e CMakeFiles/bubing_RM2025.elf.dir/Drivers/STM32F4xx_HAL_Driver/Src/stm32f4xx_hal_dma.c.obj
 *fill*         0x08002aaa        0x2 
 .text.HAL_DMA_Init
                0x08002aac       0xcc CMakeFiles/bubing_RM2025.elf.dir/Drivers/STM32F4xx_HAL_Driver/Src/stm32f4xx_hal_dma.c.obj
                0x08002aac                HAL_DMA_Init
 .text.HAL_DMA_Start_IT
                0x08002b78       0x6a CMakeFiles/bubing_RM2025.elf.dir/Drivers/STM32F4xx_HAL_Driver/Src/stm32f4xx_hal_dma.c.obj
                0x08002b78                HAL_DMA_Start_IT
 .text.HAL_DMA_Abort
                0x08002be2       0x94 CMakeFiles/bubing_RM2025.elf.dir/Drivers/STM32F4xx_HAL_Driver/Src/stm32f4xx_hal_dma.c.obj
                0x08002be2                HAL_DMA_Abort
 .text.HAL_DMA_Abort_IT
                0x08002c76       0x26 CMakeFiles/bubing_RM2025.elf.dir/Drivers/STM32F4xx_HAL_Driver/Src/stm32f4xx_hal_dma.c.obj
                0x08002c76                HAL_DMA_Abort_IT
 .text.HAL_DMA_IRQHandler
                0x08002c9c      0x1dc CMakeFiles/bubing_RM2025.elf.dir/Drivers/STM32F4xx_HAL_Driver/Src/stm32f4xx_hal_dma.c.obj
                0x08002c9c                HAL_DMA_IRQHandler
 .text.HAL_GPIO_Init
                0x08002e78      0x1ec CMakeFiles/bubing_RM2025.elf.dir/Drivers/STM32F4xx_HAL_Driver/Src/stm32f4xx_hal_gpio.c.obj
                0x08002e78                HAL_GPIO_Init
 .text.HAL_GPIO_WritePin
                0x08003064        0xc CMakeFiles/bubing_RM2025.elf.dir/Drivers/STM32F4xx_HAL_Driver/Src/stm32f4xx_hal_gpio.c.obj
                0x08003064                HAL_GPIO_WritePin
 .text.HAL_GPIO_TogglePin
                0x08003070       0x12 CMakeFiles/bubing_RM2025.elf.dir/Drivers/STM32F4xx_HAL_Driver/Src/stm32f4xx_hal_gpio.c.obj
                0x08003070                HAL_GPIO_TogglePin
 *fill*         0x08003082        0x2 
 .text.HAL_RCC_OscConfig
                0x08003084      0x3f8 CMakeFiles/bubing_RM2025.elf.dir/Drivers/STM32F4xx_HAL_Driver/Src/stm32f4xx_hal_rcc.c.obj
                0x08003084                HAL_RCC_OscConfig
 .text.HAL_RCC_GetSysClockFreq
                0x0800347c       0xa8 CMakeFiles/bubing_RM2025.elf.dir/Drivers/STM32F4xx_HAL_Driver/Src/stm32f4xx_hal_rcc.c.obj
                0x0800347c                HAL_RCC_GetSysClockFreq
 .text.HAL_RCC_ClockConfig
                0x08003524      0x160 CMakeFiles/bubing_RM2025.elf.dir/Drivers/STM32F4xx_HAL_Driver/Src/stm32f4xx_hal_rcc.c.obj
                0x08003524                HAL_RCC_ClockConfig
 .text.HAL_RCC_GetHCLKFreq
                0x08003684        0xc CMakeFiles/bubing_RM2025.elf.dir/Drivers/STM32F4xx_HAL_Driver/Src/stm32f4xx_hal_rcc.c.obj
                0x08003684                HAL_RCC_GetHCLKFreq
 .text.HAL_RCC_GetPCLK1Freq
                0x08003690       0x20 CMakeFiles/bubing_RM2025.elf.dir/Drivers/STM32F4xx_HAL_Driver/Src/stm32f4xx_hal_rcc.c.obj
                0x08003690                HAL_RCC_GetPCLK1Freq
 .text.HAL_RCC_GetPCLK2Freq
                0x080036b0       0x20 CMakeFiles/bubing_RM2025.elf.dir/Drivers/STM32F4xx_HAL_Driver/Src/stm32f4xx_hal_rcc.c.obj
                0x080036b0                HAL_RCC_GetPCLK2Freq
 .text.HAL_RCC_GetClockConfig
                0x080036d0       0x3c CMakeFiles/bubing_RM2025.elf.dir/Drivers/STM32F4xx_HAL_Driver/Src/stm32f4xx_hal_rcc.c.obj
                0x080036d0                HAL_RCC_GetClockConfig
 .text.SPI_WaitFlagStateUntilTimeout
                0x0800370c       0xc8 CMakeFiles/bubing_RM2025.elf.dir/Drivers/STM32F4xx_HAL_Driver/Src/stm32f4xx_hal_spi.c.obj
 .text.SPI_EndRxTxTransaction
                0x080037d4       0x80 CMakeFiles/bubing_RM2025.elf.dir/Drivers/STM32F4xx_HAL_Driver/Src/stm32f4xx_hal_spi.c.obj
 .text.HAL_SPI_Init
                0x08003854       0xbe CMakeFiles/bubing_RM2025.elf.dir/Drivers/STM32F4xx_HAL_Driver/Src/stm32f4xx_hal_spi.c.obj
                0x08003854                HAL_SPI_Init
 .text.HAL_SPI_TransmitReceive
                0x08003912      0x254 CMakeFiles/bubing_RM2025.elf.dir/Drivers/STM32F4xx_HAL_Driver/Src/stm32f4xx_hal_spi.c.obj
                0x08003912                HAL_SPI_TransmitReceive
 *fill*         0x08003b66        0x2 
 .text.TIM_OC1_SetConfig
                0x08003b68       0x70 CMakeFiles/bubing_RM2025.elf.dir/Drivers/STM32F4xx_HAL_Driver/Src/stm32f4xx_hal_tim.c.obj
 .text.TIM_OC3_SetConfig
                0x08003bd8       0x70 CMakeFiles/bubing_RM2025.elf.dir/Drivers/STM32F4xx_HAL_Driver/Src/stm32f4xx_hal_tim.c.obj
 .text.TIM_OC4_SetConfig
                0x08003c48       0x50 CMakeFiles/bubing_RM2025.elf.dir/Drivers/STM32F4xx_HAL_Driver/Src/stm32f4xx_hal_tim.c.obj
 .text.TIM_TI1_ConfigInputStage
                0x08003c98       0x26 CMakeFiles/bubing_RM2025.elf.dir/Drivers/STM32F4xx_HAL_Driver/Src/stm32f4xx_hal_tim.c.obj
 .text.TIM_TI2_ConfigInputStage
                0x08003cbe       0x28 CMakeFiles/bubing_RM2025.elf.dir/Drivers/STM32F4xx_HAL_Driver/Src/stm32f4xx_hal_tim.c.obj
 .text.TIM_ITRx_SetConfig
                0x08003ce6       0x10 CMakeFiles/bubing_RM2025.elf.dir/Drivers/STM32F4xx_HAL_Driver/Src/stm32f4xx_hal_tim.c.obj
 *fill*         0x08003cf6        0x2 
 .text.HAL_TIM_Base_Start
                0x08003cf8       0x7c CMakeFiles/bubing_RM2025.elf.dir/Drivers/STM32F4xx_HAL_Driver/Src/stm32f4xx_hal_tim.c.obj
                0x08003cf8                HAL_TIM_Base_Start
 .text.HAL_TIM_Base_Start_IT
                0x08003d74       0x88 CMakeFiles/bubing_RM2025.elf.dir/Drivers/STM32F4xx_HAL_Driver/Src/stm32f4xx_hal_tim.c.obj
                0x08003d74                HAL_TIM_Base_Start_IT
 .text.HAL_TIM_PWM_MspInit
                0x08003dfc        0x2 CMakeFiles/bubing_RM2025.elf.dir/Drivers/STM32F4xx_HAL_Driver/Src/stm32f4xx_hal_tim.c.obj
                0x08003dfc                HAL_TIM_PWM_MspInit
 .text.HAL_TIM_OC_DelayElapsedCallback
                0x08003dfe        0x2 CMakeFiles/bubing_RM2025.elf.dir/Drivers/STM32F4xx_HAL_Driver/Src/stm32f4xx_hal_tim.c.obj
                0x08003dfe                HAL_TIM_OC_DelayElapsedCallback
 .text.HAL_TIM_IC_CaptureCallback
                0x08003e00        0x2 CMakeFiles/bubing_RM2025.elf.dir/Drivers/STM32F4xx_HAL_Driver/Src/stm32f4xx_hal_tim.c.obj
                0x08003e00                HAL_TIM_IC_CaptureCallback
 .text.HAL_TIM_PWM_PulseFinishedCallback
                0x08003e02        0x2 CMakeFiles/bubing_RM2025.elf.dir/Drivers/STM32F4xx_HAL_Driver/Src/stm32f4xx_hal_tim.c.obj
                0x08003e02                HAL_TIM_PWM_PulseFinishedCallback
 .text.HAL_TIM_TriggerCallback
                0x08003e04        0x2 CMakeFiles/bubing_RM2025.elf.dir/Drivers/STM32F4xx_HAL_Driver/Src/stm32f4xx_hal_tim.c.obj
                0x08003e04                HAL_TIM_TriggerCallback
 .text.HAL_TIM_IRQHandler
                0x08003e06      0x15e CMakeFiles/bubing_RM2025.elf.dir/Drivers/STM32F4xx_HAL_Driver/Src/stm32f4xx_hal_tim.c.obj
                0x08003e06                HAL_TIM_IRQHandler
 .text.TIM_Base_SetConfig
                0x08003f64       0xd8 CMakeFiles/bubing_RM2025.elf.dir/Drivers/STM32F4xx_HAL_Driver/Src/stm32f4xx_hal_tim.c.obj
                0x08003f64                TIM_Base_SetConfig
 .text.HAL_TIM_Base_Init
                0x0800403c       0x58 CMakeFiles/bubing_RM2025.elf.dir/Drivers/STM32F4xx_HAL_Driver/Src/stm32f4xx_hal_tim.c.obj
                0x0800403c                HAL_TIM_Base_Init
 .text.HAL_TIM_PWM_Init
                0x08004094       0x58 CMakeFiles/bubing_RM2025.elf.dir/Drivers/STM32F4xx_HAL_Driver/Src/stm32f4xx_hal_tim.c.obj
                0x08004094                HAL_TIM_PWM_Init
 .text.TIM_OC2_SetConfig
                0x080040ec       0x70 CMakeFiles/bubing_RM2025.elf.dir/Drivers/STM32F4xx_HAL_Driver/Src/stm32f4xx_hal_tim.c.obj
                0x080040ec                TIM_OC2_SetConfig
 .text.HAL_TIM_PWM_ConfigChannel
                0x0800415c       0xdc CMakeFiles/bubing_RM2025.elf.dir/Drivers/STM32F4xx_HAL_Driver/Src/stm32f4xx_hal_tim.c.obj
                0x0800415c                HAL_TIM_PWM_ConfigChannel
 .text.TIM_ETR_SetConfig
                0x08004238       0x1a CMakeFiles/bubing_RM2025.elf.dir/Drivers/STM32F4xx_HAL_Driver/Src/stm32f4xx_hal_tim.c.obj
                0x08004238                TIM_ETR_SetConfig
 .text.HAL_TIM_ConfigClockSource
                0x08004252       0xfe CMakeFiles/bubing_RM2025.elf.dir/Drivers/STM32F4xx_HAL_Driver/Src/stm32f4xx_hal_tim.c.obj
                0x08004252                HAL_TIM_ConfigClockSource
 .text.TIM_CCxChannelCmd
                0x08004350       0x1e CMakeFiles/bubing_RM2025.elf.dir/Drivers/STM32F4xx_HAL_Driver/Src/stm32f4xx_hal_tim.c.obj
                0x08004350                TIM_CCxChannelCmd
 *fill*         0x0800436e        0x2 
 .text.HAL_TIM_PWM_Start
                0x08004370      0x104 CMakeFiles/bubing_RM2025.elf.dir/Drivers/STM32F4xx_HAL_Driver/Src/stm32f4xx_hal_tim.c.obj
                0x08004370                HAL_TIM_PWM_Start
 .text.HAL_TIMEx_MasterConfigSynchronization
                0x08004474       0x8c CMakeFiles/bubing_RM2025.elf.dir/Drivers/STM32F4xx_HAL_Driver/Src/stm32f4xx_hal_tim_ex.c.obj
                0x08004474                HAL_TIMEx_MasterConfigSynchronization
 .text.HAL_TIMEx_ConfigBreakDeadTime
                0x08004500       0x52 CMakeFiles/bubing_RM2025.elf.dir/Drivers/STM32F4xx_HAL_Driver/Src/stm32f4xx_hal_tim_ex.c.obj
                0x08004500                HAL_TIMEx_ConfigBreakDeadTime
 .text.HAL_TIMEx_CommutCallback
                0x08004552        0x2 CMakeFiles/bubing_RM2025.elf.dir/Drivers/STM32F4xx_HAL_Driver/Src/stm32f4xx_hal_tim_ex.c.obj
                0x08004552                HAL_TIMEx_CommutCallback
 .text.HAL_TIMEx_BreakCallback
                0x08004554        0x2 CMakeFiles/bubing_RM2025.elf.dir/Drivers/STM32F4xx_HAL_Driver/Src/stm32f4xx_hal_tim_ex.c.obj
                0x08004554                HAL_TIMEx_BreakCallback
 .text.UART_EndTxTransfer
                0x08004556       0x20 CMakeFiles/bubing_RM2025.elf.dir/Drivers/STM32F4xx_HAL_Driver/Src/stm32f4xx_hal_uart.c.obj
 .text.UART_EndRxTransfer
                0x08004576       0x5c CMakeFiles/bubing_RM2025.elf.dir/Drivers/STM32F4xx_HAL_Driver/Src/stm32f4xx_hal_uart.c.obj
 .text.UART_Transmit_IT
                0x080045d2       0x60 CMakeFiles/bubing_RM2025.elf.dir/Drivers/STM32F4xx_HAL_Driver/Src/stm32f4xx_hal_uart.c.obj
 *fill*         0x08004632        0x2 
 .text.UART_SetConfig
                0x08004634      0x110 CMakeFiles/bubing_RM2025.elf.dir/Drivers/STM32F4xx_HAL_Driver/Src/stm32f4xx_hal_uart.c.obj
 .text.UART_WaitOnFlagUntilTimeout
                0x08004744       0x86 CMakeFiles/bubing_RM2025.elf.dir/Drivers/STM32F4xx_HAL_Driver/Src/stm32f4xx_hal_uart.c.obj
 .text.HAL_UART_Init
                0x080047ca       0x60 CMakeFiles/bubing_RM2025.elf.dir/Drivers/STM32F4xx_HAL_Driver/Src/stm32f4xx_hal_uart.c.obj
                0x080047ca                HAL_UART_Init
 .text.HAL_UART_Transmit
                0x0800482a       0xcc CMakeFiles/bubing_RM2025.elf.dir/Drivers/STM32F4xx_HAL_Driver/Src/stm32f4xx_hal_uart.c.obj
                0x0800482a                HAL_UART_Transmit
 .text.HAL_UART_TxCpltCallback
                0x080048f6        0x2 CMakeFiles/bubing_RM2025.elf.dir/Drivers/STM32F4xx_HAL_Driver/Src/stm32f4xx_hal_uart.c.obj
                0x080048f6                HAL_UART_TxCpltCallback
 .text.UART_EndTransmit_IT
                0x080048f8       0x1a CMakeFiles/bubing_RM2025.elf.dir/Drivers/STM32F4xx_HAL_Driver/Src/stm32f4xx_hal_uart.c.obj
 .text.HAL_UART_RxHalfCpltCallback
                0x08004912        0x2 CMakeFiles/bubing_RM2025.elf.dir/Drivers/STM32F4xx_HAL_Driver/Src/stm32f4xx_hal_uart.c.obj
                0x08004912                HAL_UART_RxHalfCpltCallback
 .text.HAL_UART_ErrorCallback
                0x08004914        0x2 CMakeFiles/bubing_RM2025.elf.dir/Drivers/STM32F4xx_HAL_Driver/Src/stm32f4xx_hal_uart.c.obj
                0x08004914                HAL_UART_ErrorCallback
 .text.UART_DMAError
                0x08004916       0x58 CMakeFiles/bubing_RM2025.elf.dir/Drivers/STM32F4xx_HAL_Driver/Src/stm32f4xx_hal_uart.c.obj
 .text.UART_DMAAbortOnError
                0x0800496e       0x10 CMakeFiles/bubing_RM2025.elf.dir/Drivers/STM32F4xx_HAL_Driver/Src/stm32f4xx_hal_uart.c.obj
 .text.HAL_UARTEx_RxEventCallback
                0x0800497e        0x2 CMakeFiles/bubing_RM2025.elf.dir/Drivers/STM32F4xx_HAL_Driver/Src/stm32f4xx_hal_uart.c.obj
                0x0800497e                HAL_UARTEx_RxEventCallback
 .text.UART_Receive_IT
                0x08004980       0xe6 CMakeFiles/bubing_RM2025.elf.dir/Drivers/STM32F4xx_HAL_Driver/Src/stm32f4xx_hal_uart.c.obj
 *fill*         0x08004a66        0x2 
 .text.HAL_UART_IRQHandler
                0x08004a68      0x284 CMakeFiles/bubing_RM2025.elf.dir/Drivers/STM32F4xx_HAL_Driver/Src/stm32f4xx_hal_uart.c.obj
                0x08004a68                HAL_UART_IRQHandler
 .text.UART_DMARxHalfCplt
                0x08004cec       0x1e CMakeFiles/bubing_RM2025.elf.dir/Drivers/STM32F4xx_HAL_Driver/Src/stm32f4xx_hal_uart.c.obj
 .text.UART_DMAReceiveCplt
                0x08004d0a       0x9a CMakeFiles/bubing_RM2025.elf.dir/Drivers/STM32F4xx_HAL_Driver/Src/stm32f4xx_hal_uart.c.obj
 .text.UART_Start_Receive_DMA
                0x08004da4       0xa4 CMakeFiles/bubing_RM2025.elf.dir/Drivers/STM32F4xx_HAL_Driver/Src/stm32f4xx_hal_uart.c.obj
                0x08004da4                UART_Start_Receive_DMA
 .text.HAL_UART_Receive_DMA
                0x08004e48       0x26 CMakeFiles/bubing_RM2025.elf.dir/Drivers/STM32F4xx_HAL_Driver/Src/stm32f4xx_hal_uart.c.obj
                0x08004e48                HAL_UART_Receive_DMA
 .text.makeFreeRtosPriority
                0x08004e6e        0xc CMakeFiles/bubing_RM2025.elf.dir/Middlewares/Third_Party/FreeRTOS/Source/CMSIS_RTOS/cmsis_os.c.obj
 .text.osKernelStart
                0x08004e7a        0xa CMakeFiles/bubing_RM2025.elf.dir/Middlewares/Third_Party/FreeRTOS/Source/CMSIS_RTOS/cmsis_os.c.obj
                0x08004e7a                osKernelStart
 .text.osThreadCreate
                0x08004e84       0x66 CMakeFiles/bubing_RM2025.elf.dir/Middlewares/Third_Party/FreeRTOS/Source/CMSIS_RTOS/cmsis_os.c.obj
                0x08004e84                osThreadCreate
 .text.osDelay  0x08004eea        0xe CMakeFiles/bubing_RM2025.elf.dir/Middlewares/Third_Party/FreeRTOS/Source/CMSIS_RTOS/cmsis_os.c.obj
                0x08004eea                osDelay
 .text.vListInitialise
                0x08004ef8       0x16 CMakeFiles/bubing_RM2025.elf.dir/Middlewares/Third_Party/FreeRTOS/Source/list.c.obj
                0x08004ef8                vListInitialise
 .text.vListInitialiseItem
                0x08004f0e        0x6 CMakeFiles/bubing_RM2025.elf.dir/Middlewares/Third_Party/FreeRTOS/Source/list.c.obj
                0x08004f0e                vListInitialiseItem
 .text.vListInsertEnd
                0x08004f14       0x16 CMakeFiles/bubing_RM2025.elf.dir/Middlewares/Third_Party/FreeRTOS/Source/list.c.obj
                0x08004f14                vListInsertEnd
 .text.vListInsert
                0x08004f2a       0x32 CMakeFiles/bubing_RM2025.elf.dir/Middlewares/Third_Party/FreeRTOS/Source/list.c.obj
                0x08004f2a                vListInsert
 .text.uxListRemove
                0x08004f5c       0x26 CMakeFiles/bubing_RM2025.elf.dir/Middlewares/Third_Party/FreeRTOS/Source/list.c.obj
                0x08004f5c                uxListRemove
 *fill*         0x08004f82        0x2 
 .text.prvTaskExitError
                0x08004f84       0x40 CMakeFiles/bubing_RM2025.elf.dir/Middlewares/Third_Party/FreeRTOS/Source/portable/GCC/ARM_CM4F/port.c.obj
 .text.prvPortStartFirstTask
                0x08004fc4       0x28 CMakeFiles/bubing_RM2025.elf.dir/Middlewares/Third_Party/FreeRTOS/Source/portable/GCC/ARM_CM4F/port.c.obj
 .text.vPortEnableVFP
                0x08004fec       0x14 CMakeFiles/bubing_RM2025.elf.dir/Middlewares/Third_Party/FreeRTOS/Source/portable/GCC/ARM_CM4F/port.c.obj
 .text.pxPortInitialiseStack
                0x08005000       0x2c CMakeFiles/bubing_RM2025.elf.dir/Middlewares/Third_Party/FreeRTOS/Source/portable/GCC/ARM_CM4F/port.c.obj
                0x08005000                pxPortInitialiseStack
 *fill*         0x0800502c        0x4 
 .text.SVC_Handler
                0x08005030       0x24 CMakeFiles/bubing_RM2025.elf.dir/Middlewares/Third_Party/FreeRTOS/Source/portable/GCC/ARM_CM4F/port.c.obj
                0x08005030                SVC_Handler
 .text.vPortEnterCritical
                0x08005054       0x44 CMakeFiles/bubing_RM2025.elf.dir/Middlewares/Third_Party/FreeRTOS/Source/portable/GCC/ARM_CM4F/port.c.obj
                0x08005054                vPortEnterCritical
 .text.vPortExitCritical
                0x08005098       0x2c CMakeFiles/bubing_RM2025.elf.dir/Middlewares/Third_Party/FreeRTOS/Source/portable/GCC/ARM_CM4F/port.c.obj
                0x08005098                vPortExitCritical
 *fill*         0x080050c4        0xc 
 .text.PendSV_Handler
                0x080050d0       0x64 CMakeFiles/bubing_RM2025.elf.dir/Middlewares/Third_Party/FreeRTOS/Source/portable/GCC/ARM_CM4F/port.c.obj
                0x080050d0                PendSV_Handler
 .text.SysTick_Handler
                0x08005134       0x2c CMakeFiles/bubing_RM2025.elf.dir/Middlewares/Third_Party/FreeRTOS/Source/portable/GCC/ARM_CM4F/port.c.obj
                0x08005134                SysTick_Handler
 .text.vPortSetupTimerInterrupt
                0x08005160       0x28 CMakeFiles/bubing_RM2025.elf.dir/Middlewares/Third_Party/FreeRTOS/Source/portable/GCC/ARM_CM4F/port.c.obj
                0x08005160                vPortSetupTimerInterrupt
 .text.xPortStartScheduler
                0x08005188      0x118 CMakeFiles/bubing_RM2025.elf.dir/Middlewares/Third_Party/FreeRTOS/Source/portable/GCC/ARM_CM4F/port.c.obj
                0x08005188                xPortStartScheduler
 .text.prvHeapInit
                0x080052a0       0x64 CMakeFiles/bubing_RM2025.elf.dir/Middlewares/Third_Party/FreeRTOS/Source/portable/MemMang/heap_4.c.obj
 .text.prvInsertBlockIntoFreeList
                0x08005304       0x64 CMakeFiles/bubing_RM2025.elf.dir/Middlewares/Third_Party/FreeRTOS/Source/portable/MemMang/heap_4.c.obj
 .text.pvPortMalloc
                0x08005368      0x104 CMakeFiles/bubing_RM2025.elf.dir/Middlewares/Third_Party/FreeRTOS/Source/portable/MemMang/heap_4.c.obj
                0x08005368                pvPortMalloc
 .text.vPortFree
                0x0800546c       0x7c CMakeFiles/bubing_RM2025.elf.dir/Middlewares/Third_Party/FreeRTOS/Source/portable/MemMang/heap_4.c.obj
                0x0800546c                vPortFree
 .text.prvResetNextTaskUnblockTime
                0x080054e8       0x2c CMakeFiles/bubing_RM2025.elf.dir/Middlewares/Third_Party/FreeRTOS/Source/tasks.c.obj
 .text.prvInitialiseNewTask
                0x08005514       0xfc CMakeFiles/bubing_RM2025.elf.dir/Middlewares/Third_Party/FreeRTOS/Source/tasks.c.obj
 .text.prvInitialiseTaskLists
                0x08005610       0x68 CMakeFiles/bubing_RM2025.elf.dir/Middlewares/Third_Party/FreeRTOS/Source/tasks.c.obj
 .text.prvAddNewTaskToReadyList
                0x08005678       0xa8 CMakeFiles/bubing_RM2025.elf.dir/Middlewares/Third_Party/FreeRTOS/Source/tasks.c.obj
 .text.prvDeleteTCB
                0x08005720       0x40 CMakeFiles/bubing_RM2025.elf.dir/Middlewares/Third_Party/FreeRTOS/Source/tasks.c.obj
 .text.prvCheckTasksWaitingTermination
                0x08005760       0x4c CMakeFiles/bubing_RM2025.elf.dir/Middlewares/Third_Party/FreeRTOS/Source/tasks.c.obj
 .text.prvIdleTask
                0x080057ac       0x28 CMakeFiles/bubing_RM2025.elf.dir/Middlewares/Third_Party/FreeRTOS/Source/tasks.c.obj
 .text.prvAddCurrentTaskToDelayedList
                0x080057d4       0x98 CMakeFiles/bubing_RM2025.elf.dir/Middlewares/Third_Party/FreeRTOS/Source/tasks.c.obj
 .text.xTaskCreateStatic
                0x0800586c       0x7a CMakeFiles/bubing_RM2025.elf.dir/Middlewares/Third_Party/FreeRTOS/Source/tasks.c.obj
                0x0800586c                xTaskCreateStatic
 .text.xTaskCreate
                0x080058e6       0x66 CMakeFiles/bubing_RM2025.elf.dir/Middlewares/Third_Party/FreeRTOS/Source/tasks.c.obj
                0x080058e6                xTaskCreate
 .text.vTaskStartScheduler
                0x0800594c       0x84 CMakeFiles/bubing_RM2025.elf.dir/Middlewares/Third_Party/FreeRTOS/Source/tasks.c.obj
                0x0800594c                vTaskStartScheduler
 .text.vTaskSuspendAll
                0x080059d0       0x10 CMakeFiles/bubing_RM2025.elf.dir/Middlewares/Third_Party/FreeRTOS/Source/tasks.c.obj
                0x080059d0                vTaskSuspendAll
 .text.xTaskIncrementTick
                0x080059e0      0x118 CMakeFiles/bubing_RM2025.elf.dir/Middlewares/Third_Party/FreeRTOS/Source/tasks.c.obj
                0x080059e0                xTaskIncrementTick
 .text.xTaskResumeAll
                0x08005af8       0xf8 CMakeFiles/bubing_RM2025.elf.dir/Middlewares/Third_Party/FreeRTOS/Source/tasks.c.obj
                0x08005af8                xTaskResumeAll
 .text.vTaskDelay
                0x08005bf0       0x4c CMakeFiles/bubing_RM2025.elf.dir/Middlewares/Third_Party/FreeRTOS/Source/tasks.c.obj
                0x08005bf0                vTaskDelay
 .text.vTaskSwitchContext
                0x08005c3c       0xa4 CMakeFiles/bubing_RM2025.elf.dir/Middlewares/Third_Party/FreeRTOS/Source/tasks.c.obj
                0x08005c3c                vTaskSwitchContext
 .text.BMI088_GPIO_init
                0x08005ce0        0x2 CMakeFiles/bubing_RM2025.elf.dir/code_mf/Src/BMI088Middleware.c.obj
                0x08005ce0                BMI088_GPIO_init
 .text.BMI088_com_init
                0x08005ce2        0x2 CMakeFiles/bubing_RM2025.elf.dir/code_mf/Src/BMI088Middleware.c.obj
                0x08005ce2                BMI088_com_init
 .text.BMI088_delay_us
                0x08005ce4       0x16 CMakeFiles/bubing_RM2025.elf.dir/code_mf/Src/BMI088Middleware.c.obj
                0x08005ce4                BMI088_delay_us
 .text.BMI088_delay_ms
                0x08005cfa       0x18 CMakeFiles/bubing_RM2025.elf.dir/code_mf/Src/BMI088Middleware.c.obj
                0x08005cfa                BMI088_delay_ms
 *fill*         0x08005d12        0x2 
 .text.BMI088_ACCEL_NS_L
                0x08005d14       0x14 CMakeFiles/bubing_RM2025.elf.dir/code_mf/Src/BMI088Middleware.c.obj
                0x08005d14                BMI088_ACCEL_NS_L
 .text.BMI088_ACCEL_NS_H
                0x08005d28       0x14 CMakeFiles/bubing_RM2025.elf.dir/code_mf/Src/BMI088Middleware.c.obj
                0x08005d28                BMI088_ACCEL_NS_H
 .text.BMI088_GYRO_NS_L
                0x08005d3c       0x14 CMakeFiles/bubing_RM2025.elf.dir/code_mf/Src/BMI088Middleware.c.obj
                0x08005d3c                BMI088_GYRO_NS_L
 .text.BMI088_GYRO_NS_H
                0x08005d50       0x14 CMakeFiles/bubing_RM2025.elf.dir/code_mf/Src/BMI088Middleware.c.obj
                0x08005d50                BMI088_GYRO_NS_H
 .text.BMI088_read_write_byte
                0x08005d64       0x2c CMakeFiles/bubing_RM2025.elf.dir/code_mf/Src/BMI088Middleware.c.obj
                0x08005d64                BMI088_read_write_byte
 .text.BMI088_write_single_reg
                0x08005d90       0x10 CMakeFiles/bubing_RM2025.elf.dir/code_mf/Src/BMI088driver.c.obj
 .text.BMI088_read_single_reg
                0x08005da0       0x16 CMakeFiles/bubing_RM2025.elf.dir/code_mf/Src/BMI088driver.c.obj
 .text.BMI088_read_muli_reg
                0x08005db6       0x24 CMakeFiles/bubing_RM2025.elf.dir/code_mf/Src/BMI088driver.c.obj
 *fill*         0x08005dda        0x2 
 .text.bmi088_accel_init
                0x08005ddc      0x10c CMakeFiles/bubing_RM2025.elf.dir/code_mf/Src/BMI088driver.c.obj
                0x08005ddc                bmi088_accel_init
 .text.bmi088_gyro_init
                0x08005ee8       0xf0 CMakeFiles/bubing_RM2025.elf.dir/code_mf/Src/BMI088driver.c.obj
                0x08005ee8                bmi088_gyro_init
 .text.BMI088_init
                0x08005fd8       0x1a CMakeFiles/bubing_RM2025.elf.dir/code_mf/Src/BMI088driver.c.obj
                0x08005fd8                BMI088_init
 *fill*         0x08005ff2        0x2 
 .text.BMI088_read
                0x08005ff4      0x164 CMakeFiles/bubing_RM2025.elf.dir/code_mf/Src/BMI088driver.c.obj
                0x08005ff4                BMI088_read
 .text.HAL_CAN_RxFifo0MsgPendingCallback
                0x08006158      0x104 CMakeFiles/bubing_RM2025.elf.dir/code_mf/Src/CAN_receive.c.obj
                0x08006158                HAL_CAN_RxFifo0MsgPendingCallback
 .text.CAN1_cmd_chassis
                0x0800625c       0x54 CMakeFiles/bubing_RM2025.elf.dir/code_mf/Src/CAN_receive.c.obj
                0x0800625c                CAN1_cmd_chassis
 .text.CAN1_cmd_yaw_pitch_toggle
                0x080062b0       0x54 CMakeFiles/bubing_RM2025.elf.dir/code_mf/Src/CAN_receive.c.obj
                0x080062b0                CAN1_cmd_yaw_pitch_toggle
 .text.CAN2_cmd_friction_wheels_1234
                0x08006304       0x54 CMakeFiles/bubing_RM2025.elf.dir/code_mf/Src/CAN_receive.c.obj
                0x08006304                CAN2_cmd_friction_wheels_1234
 .text.CAN2_cmd_friction_wheels_5678
                0x08006358       0x54 CMakeFiles/bubing_RM2025.elf.dir/code_mf/Src/CAN_receive.c.obj
                0x08006358                CAN2_cmd_friction_wheels_5678
 .text.IMU_DATA_GET
                0x080063ac       0xfc CMakeFiles/bubing_RM2025.elf.dir/code_mf/Src/IMU_DATA_GET.c.obj
                0x080063ac                IMU_DATA_GET
 .text.invSqrt  0x080064a8       0x30 CMakeFiles/bubing_RM2025.elf.dir/code_mf/Src/MahonyAHRS.c.obj
                0x080064a8                invSqrt
 .text.MahonyAHRSupdateIMU
                0x080064d8      0x268 CMakeFiles/bubing_RM2025.elf.dir/code_mf/Src/MahonyAHRS.c.obj
                0x080064d8                MahonyAHRSupdateIMU
 .text.MahonyAHRSupdate
                0x08006740      0x3e4 CMakeFiles/bubing_RM2025.elf.dir/code_mf/Src/MahonyAHRS.c.obj
                0x08006740                MahonyAHRSupdate
 .text.get_angle
                0x08006b24       0xbc CMakeFiles/bubing_RM2025.elf.dir/code_mf/Src/MahonyAHRS.c.obj
                0x08006b24                get_angle
 .text.crc16_Get_CRC16_Check_Sum
                0x08006be0       0x38 CMakeFiles/bubing_RM2025.elf.dir/code_mf/Src/auto_aim.c.obj
                0x08006be0                crc16_Get_CRC16_Check_Sum
 .text.auto_aim_communication_data_parse
                0x08006c18       0x90 CMakeFiles/bubing_RM2025.elf.dir/code_mf/Src/auto_aim.c.obj
                0x08006c18                auto_aim_communication_data_parse
 .text.board_LED
                0x08006ca8       0x40 CMakeFiles/bubing_RM2025.elf.dir/code_mf/Src/board_LED.c.obj
                0x08006ca8                board_LED
 .text.can_filter_init
                0x08006ce8       0x5c CMakeFiles/bubing_RM2025.elf.dir/code_mf/Src/bsp_can.c.obj
                0x08006ce8                can_filter_init
 .text.RC_init  0x08006d44       0x68 CMakeFiles/bubing_RM2025.elf.dir/code_mf/Src/bsp_rc.c.obj
                0x08006d44                RC_init
 .text.can_cmd_all
                0x08006dac       0x3e CMakeFiles/bubing_RM2025.elf.dir/code_mf/Src/can_sent.c.obj
                0x08006dac                can_cmd_all
 *fill*         0x08006dea        0x2 
 .text.can_sent
                0x08006dec      0x138 CMakeFiles/bubing_RM2025.elf.dir/code_mf/Src/can_sent.c.obj
                0x08006dec                can_sent
 .text.rc_to_gimbal_speed_compute
                0x08006f24      0x188 CMakeFiles/bubing_RM2025.elf.dir/code_mf/Src/chassis_motor_control.c.obj
                0x08006f24                rc_to_gimbal_speed_compute
 .text.yaw_ecd_angle_to_radian
                0x080070ac       0x44 CMakeFiles/bubing_RM2025.elf.dir/code_mf/Src/chassis_motor_control.c.obj
                0x080070ac                yaw_ecd_angle_to_radian
 .text.gimbal_to_chassis_speed_compute
                0x080070f0       0x24 CMakeFiles/bubing_RM2025.elf.dir/code_mf/Src/chassis_motor_control.c.obj
                0x080070f0                gimbal_to_chassis_speed_compute
 .text.chassis_settlement
                0x08007114      0x20c CMakeFiles/bubing_RM2025.elf.dir/code_mf/Src/chassis_motor_control.c.obj
                0x08007114                chassis_settlement
 .text.chassis_3508_id1_speed_pid_init
                0x08007320       0x28 CMakeFiles/bubing_RM2025.elf.dir/code_mf/Src/chassis_motor_control.c.obj
                0x08007320                chassis_3508_id1_speed_pid_init
 .text.chassis_3508_id1_speed_pid_loop
                0x08007348       0x38 CMakeFiles/bubing_RM2025.elf.dir/code_mf/Src/chassis_motor_control.c.obj
                0x08007348                chassis_3508_id1_speed_pid_loop
 .text.chassis_3508_id2_speed_pid_init
                0x08007380       0x28 CMakeFiles/bubing_RM2025.elf.dir/code_mf/Src/chassis_motor_control.c.obj
                0x08007380                chassis_3508_id2_speed_pid_init
 .text.chassis_3508_id2_speed_pid_loop
                0x080073a8       0x38 CMakeFiles/bubing_RM2025.elf.dir/code_mf/Src/chassis_motor_control.c.obj
                0x080073a8                chassis_3508_id2_speed_pid_loop
 .text.chassis_3508_id3_speed_pid_init
                0x080073e0       0x28 CMakeFiles/bubing_RM2025.elf.dir/code_mf/Src/chassis_motor_control.c.obj
                0x080073e0                chassis_3508_id3_speed_pid_init
 .text.chassis_3508_id3_speed_pid_loop
                0x08007408       0x38 CMakeFiles/bubing_RM2025.elf.dir/code_mf/Src/chassis_motor_control.c.obj
                0x08007408                chassis_3508_id3_speed_pid_loop
 .text.chassis_3508_id4_speed_pid_init
                0x08007440       0x28 CMakeFiles/bubing_RM2025.elf.dir/code_mf/Src/chassis_motor_control.c.obj
                0x08007440                chassis_3508_id4_speed_pid_init
 .text.chassis_3508_id4_speed_pid_loop
                0x08007468       0x38 CMakeFiles/bubing_RM2025.elf.dir/code_mf/Src/chassis_motor_control.c.obj
                0x08007468                chassis_3508_id4_speed_pid_loop
 .text.motor_chassis_pid_compute
                0x080074a0       0x5c CMakeFiles/bubing_RM2025.elf.dir/code_mf/Src/chassis_motor_control.c.obj
                0x080074a0                motor_chassis_pid_compute
 .text.chassis_motor_control
                0x080074fc       0x1e CMakeFiles/bubing_RM2025.elf.dir/code_mf/Src/chassis_motor_control.c.obj
                0x080074fc                chassis_motor_control
 *fill*         0x0800751a        0x2 
 .text.chassis_follow_gimbal_angle_pid_init
                0x0800751c       0x28 CMakeFiles/bubing_RM2025.elf.dir/code_mf/Src/chassis_motor_control.c.obj
                0x0800751c                chassis_follow_gimbal_angle_pid_init
 .text.rc_connection_status
                0x08007544       0x2c CMakeFiles/bubing_RM2025.elf.dir/code_mf/Src/error_detection.c.obj
                0x08007544                rc_connection_status
 .text.yaw_6020_status
                0x08007570       0x24 CMakeFiles/bubing_RM2025.elf.dir/code_mf/Src/error_detection.c.obj
                0x08007570                yaw_6020_status
 .text.pitch_6020_status
                0x08007594       0x24 CMakeFiles/bubing_RM2025.elf.dir/code_mf/Src/error_detection.c.obj
                0x08007594                pitch_6020_status
 .text.error_detection
                0x080075b8       0x16 CMakeFiles/bubing_RM2025.elf.dir/code_mf/Src/error_detection.c.obj
                0x080075b8                error_detection
 *fill*         0x080075ce        0x2 
 .text.get_rc   0x080075d0      0x228 CMakeFiles/bubing_RM2025.elf.dir/code_mf/Src/get_rc.c.obj
                0x080075d0                get_rc
 .text.motor_gimbal_angle_compute
                0x080077f8       0xcc CMakeFiles/bubing_RM2025.elf.dir/code_mf/Src/gimbal_motor_control.c.obj
                0x080077f8                motor_gimbal_angle_compute
 .text.yaw_imu_getAbscissa
                0x080078c4       0x8c CMakeFiles/bubing_RM2025.elf.dir/code_mf/Src/gimbal_motor_control.c.obj
                0x080078c4                yaw_imu_getAbscissa
 .text.friction_wheel_speed_control
                0x08007950       0x60 CMakeFiles/bubing_RM2025.elf.dir/code_mf/Src/gimbal_motor_control.c.obj
                0x08007950                friction_wheel_speed_control
 .text.yaw_angle_pid_init
                0x080079b0       0x24 CMakeFiles/bubing_RM2025.elf.dir/code_mf/Src/gimbal_motor_control.c.obj
                0x080079b0                yaw_angle_pid_init
 .text.yaw_angle_pid_loop
                0x080079d4       0x24 CMakeFiles/bubing_RM2025.elf.dir/code_mf/Src/gimbal_motor_control.c.obj
                0x080079d4                yaw_angle_pid_loop
 .text.yaw_speed_pid_init
                0x080079f8       0x28 CMakeFiles/bubing_RM2025.elf.dir/code_mf/Src/gimbal_motor_control.c.obj
                0x080079f8                yaw_speed_pid_init
 .text.yaw_speed_pid_loop
                0x08007a20       0x34 CMakeFiles/bubing_RM2025.elf.dir/code_mf/Src/gimbal_motor_control.c.obj
                0x08007a20                yaw_speed_pid_loop
 .text.pitch_speed_from_bmi88_pid_init
                0x08007a54       0x28 CMakeFiles/bubing_RM2025.elf.dir/code_mf/Src/gimbal_motor_control.c.obj
                0x08007a54                pitch_speed_from_bmi88_pid_init
 .text.pitch_speed_from_3510_pid_loop
                0x08007a7c       0x3c CMakeFiles/bubing_RM2025.elf.dir/code_mf/Src/gimbal_motor_control.c.obj
                0x08007a7c                pitch_speed_from_3510_pid_loop
 .text.motor_gimbal_pid_compute
                0x08007ab8       0x50 CMakeFiles/bubing_RM2025.elf.dir/code_mf/Src/gimbal_motor_control.c.obj
                0x08007ab8                motor_gimbal_pid_compute
 .text.pitch_angle_pid_init
                0x08007b08       0x24 CMakeFiles/bubing_RM2025.elf.dir/code_mf/Src/gimbal_motor_control.c.obj
                0x08007b08                pitch_angle_pid_init
 .text.friction_wheel_3510_id1_speed_pid_init
                0x08007b2c       0x28 CMakeFiles/bubing_RM2025.elf.dir/code_mf/Src/gimbal_motor_control.c.obj
                0x08007b2c                friction_wheel_3510_id1_speed_pid_init
 .text.friction_wheel_3510_id1_speed_pid_loop
                0x08007b54       0x38 CMakeFiles/bubing_RM2025.elf.dir/code_mf/Src/gimbal_motor_control.c.obj
                0x08007b54                friction_wheel_3510_id1_speed_pid_loop
 .text.friction_wheel_3510_id2_speed_pid_init
                0x08007b8c       0x28 CMakeFiles/bubing_RM2025.elf.dir/code_mf/Src/gimbal_motor_control.c.obj
                0x08007b8c                friction_wheel_3510_id2_speed_pid_init
 .text.friction_wheel_3510_id2_speed_pid_loop
                0x08007bb4       0x38 CMakeFiles/bubing_RM2025.elf.dir/code_mf/Src/gimbal_motor_control.c.obj
                0x08007bb4                friction_wheel_3510_id2_speed_pid_loop
 .text.friction_wheel_3510_id3_speed_pid_init
                0x08007bec       0x28 CMakeFiles/bubing_RM2025.elf.dir/code_mf/Src/gimbal_motor_control.c.obj
                0x08007bec                friction_wheel_3510_id3_speed_pid_init
 .text.friction_wheel_3510_id3_speed_pid_loop
                0x08007c14       0x38 CMakeFiles/bubing_RM2025.elf.dir/code_mf/Src/gimbal_motor_control.c.obj
                0x08007c14                friction_wheel_3510_id3_speed_pid_loop
 .text.friction_wheel_3510_id4_speed_pid_init
                0x08007c4c       0x28 CMakeFiles/bubing_RM2025.elf.dir/code_mf/Src/gimbal_motor_control.c.obj
                0x08007c4c                friction_wheel_3510_id4_speed_pid_init
 .text.friction_wheel_3510_id4_speed_pid_loop
                0x08007c74       0x38 CMakeFiles/bubing_RM2025.elf.dir/code_mf/Src/gimbal_motor_control.c.obj
                0x08007c74                friction_wheel_3510_id4_speed_pid_loop
 .text.friction_wheel_3510_id5_speed_pid_init
                0x08007cac       0x28 CMakeFiles/bubing_RM2025.elf.dir/code_mf/Src/gimbal_motor_control.c.obj
                0x08007cac                friction_wheel_3510_id5_speed_pid_init
 .text.friction_wheel_3510_id5_speed_pid_loop
                0x08007cd4       0x38 CMakeFiles/bubing_RM2025.elf.dir/code_mf/Src/gimbal_motor_control.c.obj
                0x08007cd4                friction_wheel_3510_id5_speed_pid_loop
 .text.friction_wheel_3510_id6_speed_pid_init
                0x08007d0c       0x28 CMakeFiles/bubing_RM2025.elf.dir/code_mf/Src/gimbal_motor_control.c.obj
                0x08007d0c                friction_wheel_3510_id6_speed_pid_init
 .text.friction_wheel_3510_id6_speed_pid_loop
                0x08007d34       0x38 CMakeFiles/bubing_RM2025.elf.dir/code_mf/Src/gimbal_motor_control.c.obj
                0x08007d34                friction_wheel_3510_id6_speed_pid_loop
 .text.friction_wheel_pid_control
                0x08007d6c       0x88 CMakeFiles/bubing_RM2025.elf.dir/code_mf/Src/gimbal_motor_control.c.obj
                0x08007d6c                friction_wheel_pid_control
 .text.gimbal_motor_control
                0x08007df4       0x22 CMakeFiles/bubing_RM2025.elf.dir/code_mf/Src/gimbal_motor_control.c.obj
                0x08007df4                gimbal_motor_control
 .text.PID_init
                0x08007e16       0x32 CMakeFiles/bubing_RM2025.elf.dir/code_mf/Src/pid.c.obj
                0x08007e16                PID_init
 .text.PID_calc
                0x08007e48      0x158 CMakeFiles/bubing_RM2025.elf.dir/code_mf/Src/pid.c.obj
                0x08007e48                PID_calc
 .text.max_power_compute
                0x08007fa0       0x94 CMakeFiles/bubing_RM2025.elf.dir/code_mf/Src/refree_task.c.obj
                0x08007fa0                max_power_compute
 .text.refree_task
                0x08008034       0x78 CMakeFiles/bubing_RM2025.elf.dir/code_mf/Src/refree_task.c.obj
                0x08008034                refree_task
 .text.sbus_to_rc
                0x080080ac       0xde CMakeFiles/bubing_RM2025.elf.dir/code_mf/Src/remote_control.c.obj
 *fill*         0x0800818a        0x2 
 .text.remote_control_init
                0x0800818c       0x14 CMakeFiles/bubing_RM2025.elf.dir/code_mf/Src/remote_control.c.obj
                0x0800818c                remote_control_init
 .text.get_remote_control_point
                0x080081a0        0x8 CMakeFiles/bubing_RM2025.elf.dir/code_mf/Src/remote_control.c.obj
                0x080081a0                get_remote_control_point
 .text.USART3_IRQHandler
                0x080081a8       0xf0 CMakeFiles/bubing_RM2025.elf.dir/code_mf/Src/remote_control.c.obj
                0x080081a8                USART3_IRQHandler
 .text.servo_task
                0x08008298       0xc4 CMakeFiles/bubing_RM2025.elf.dir/code_mf/Src/servo_task.c.obj
                0x08008298                servo_task
 .text.shoot_speed_compute
                0x0800835c       0x64 CMakeFiles/bubing_RM2025.elf.dir/code_mf/Src/shoot_control.c.obj
                0x0800835c                shoot_speed_compute
 .text.shoot_stop_check
                0x080083c0       0x58 CMakeFiles/bubing_RM2025.elf.dir/code_mf/Src/shoot_control.c.obj
                0x080083c0                shoot_stop_check
 .text.shoot_control
                0x08008418       0x12 CMakeFiles/bubing_RM2025.elf.dir/code_mf/Src/shoot_control.c.obj
                0x08008418                shoot_control
 *fill*         0x0800842a        0x2 
 .text.shoot_2006_id3_speed_pid_init
                0x0800842c       0x28 CMakeFiles/bubing_RM2025.elf.dir/code_mf/Src/shoot_control.c.obj
                0x0800842c                shoot_2006_id3_speed_pid_init
 .text.shoot_2006_id3_speed_pid_loop
                0x08008454       0x34 CMakeFiles/bubing_RM2025.elf.dir/code_mf/Src/shoot_control.c.obj
                0x08008454                shoot_2006_id3_speed_pid_loop
 .text.shoot_pid_control
                0x08008488       0x1c CMakeFiles/bubing_RM2025.elf.dir/code_mf/Src/shoot_control.c.obj
                0x08008488                shoot_pid_control
 .text.HAL_UART_RxCpltCallback
                0x080084a4       0x28 CMakeFiles/bubing_RM2025.elf.dir/code_mf/Src/uart_callback.c.obj
                0x080084a4                HAL_UART_RxCpltCallback
 .text.usart6_printf
                0x080084cc       0x40 CMakeFiles/bubing_RM2025.elf.dir/code_mf/Src/uart_printf.c.obj
                0x080084cc                usart6_printf
 .text.uart_sent_debug
                0x0800850c       0x40 CMakeFiles/bubing_RM2025.elf.dir/code_mf/Src/uart_sent.c.obj
                0x0800850c                uart_sent_debug
 .text.aim_uart_sent
                0x0800854c       0x10 CMakeFiles/bubing_RM2025.elf.dir/code_mf/Src/uart_sent.c.obj
                0x0800854c                aim_uart_sent
 .text.__udivmoddi4
                0x0800855c      0x2bc C:/CLionToolchains/gcc-arm-none-eabi-10.3-2021.10/bin/../lib/gcc/arm-none-eabi/13.3.1/thumb/v7e-m+fp/hard\libgcc.a(_udivmoddi4.o)
                0x0800855c                __udivmoddi4
 .text.stdio_exit_handler
                0x08008818       0x18 C:/CLionToolchains/gcc-arm-none-eabi-10.3-2021.10/bin/../lib/gcc/arm-none-eabi/13.3.1/thumb/v7e-m+fp/hard\libg.a(libc_a-findfp.o)
 .text.cleanup_stdio
                0x08008830       0x40 C:/CLionToolchains/gcc-arm-none-eabi-10.3-2021.10/bin/../lib/gcc/arm-none-eabi/13.3.1/thumb/v7e-m+fp/hard\libg.a(libc_a-findfp.o)
 .text.global_stdio_init.part.0
                0x08008870       0xf0 C:/CLionToolchains/gcc-arm-none-eabi-10.3-2021.10/bin/../lib/gcc/arm-none-eabi/13.3.1/thumb/v7e-m+fp/hard\libg.a(libc_a-findfp.o)
 .text.__sinit  0x08008960       0x3c C:/CLionToolchains/gcc-arm-none-eabi-10.3-2021.10/bin/../lib/gcc/arm-none-eabi/13.3.1/thumb/v7e-m+fp/hard\libg.a(libc_a-findfp.o)
                0x08008960                __sinit
 .text.__sfp_lock_acquire
                0x0800899c        0xc C:/CLionToolchains/gcc-arm-none-eabi-10.3-2021.10/bin/../lib/gcc/arm-none-eabi/13.3.1/thumb/v7e-m+fp/hard\libg.a(libc_a-findfp.o)
                0x0800899c                __sfp_lock_acquire
 .text.__sfp_lock_release
                0x080089a8        0xc C:/CLionToolchains/gcc-arm-none-eabi-10.3-2021.10/bin/../lib/gcc/arm-none-eabi/13.3.1/thumb/v7e-m+fp/hard\libg.a(libc_a-findfp.o)
                0x080089a8                __sfp_lock_release
 .text._fwalk_sglue
                0x080089b4       0x44 C:/CLionToolchains/gcc-arm-none-eabi-10.3-2021.10/bin/../lib/gcc/arm-none-eabi/13.3.1/thumb/v7e-m+fp/hard\libg.a(libc_a-fwalk.o)
                0x080089b4                _fwalk_sglue
 .text.__sread  0x080089f8       0x24 C:/CLionToolchains/gcc-arm-none-eabi-10.3-2021.10/bin/../lib/gcc/arm-none-eabi/13.3.1/thumb/v7e-m+fp/hard\libg.a(libc_a-stdio.o)
                0x080089f8                __sread
 .text.__swrite
                0x08008a1c       0x40 C:/CLionToolchains/gcc-arm-none-eabi-10.3-2021.10/bin/../lib/gcc/arm-none-eabi/13.3.1/thumb/v7e-m+fp/hard\libg.a(libc_a-stdio.o)
                0x08008a1c                __swrite
 .text.__sseek  0x08008a5c       0x24 C:/CLionToolchains/gcc-arm-none-eabi-10.3-2021.10/bin/../lib/gcc/arm-none-eabi/13.3.1/thumb/v7e-m+fp/hard\libg.a(libc_a-stdio.o)
                0x08008a5c                __sseek
 .text.__sclose
                0x08008a80        0x8 C:/CLionToolchains/gcc-arm-none-eabi-10.3-2021.10/bin/../lib/gcc/arm-none-eabi/13.3.1/thumb/v7e-m+fp/hard\libg.a(libc_a-stdio.o)
                0x08008a80                __sclose
 .text.vsprintf
                0x08008a88       0x38 C:/CLionToolchains/gcc-arm-none-eabi-10.3-2021.10/bin/../lib/gcc/arm-none-eabi/13.3.1/thumb/v7e-m+fp/hard\libg.a(libc_a-vsprintf.o)
                0x08008a88                vsprintf
 .text.memset   0x08008ac0       0xa4 C:/CLionToolchains/gcc-arm-none-eabi-10.3-2021.10/bin/../lib/gcc/arm-none-eabi/13.3.1/thumb/v7e-m+fp/hard\libg.a(libc_a-memset.o)
                0x08008ac0                memset
 .text._close_r
                0x08008b64       0x24 C:/CLionToolchains/gcc-arm-none-eabi-10.3-2021.10/bin/../lib/gcc/arm-none-eabi/13.3.1/thumb/v7e-m+fp/hard\libg.a(libc_a-closer.o)
                0x08008b64                _close_r
 .text._reclaim_reent
                0x08008b88       0x6c C:/CLionToolchains/gcc-arm-none-eabi-10.3-2021.10/bin/../lib/gcc/arm-none-eabi/13.3.1/thumb/v7e-m+fp/hard\libg.a(libc_a-reent.o)
                0x08008b88                _reclaim_reent
 .text._lseek_r
                0x08008bf4       0x2c C:/CLionToolchains/gcc-arm-none-eabi-10.3-2021.10/bin/../lib/gcc/arm-none-eabi/13.3.1/thumb/v7e-m+fp/hard\libg.a(libc_a-lseekr.o)
                0x08008bf4                _lseek_r
 .text._read_r  0x08008c20       0x2c C:/CLionToolchains/gcc-arm-none-eabi-10.3-2021.10/bin/../lib/gcc/arm-none-eabi/13.3.1/thumb/v7e-m+fp/hard\libg.a(libc_a-readr.o)
                0x08008c20                _read_r
 .text._write_r
                0x08008c4c       0x2c C:/CLionToolchains/gcc-arm-none-eabi-10.3-2021.10/bin/../lib/gcc/arm-none-eabi/13.3.1/thumb/v7e-m+fp/hard\libg.a(libc_a-writer.o)
                0x08008c4c                _write_r
 .text.__errno  0x08008c78        0xc C:/CLionToolchains/gcc-arm-none-eabi-10.3-2021.10/bin/../lib/gcc/arm-none-eabi/13.3.1/thumb/v7e-m+fp/hard\libg.a(libc_a-errno.o)
                0x08008c78                __errno
 .text.__libc_init_array
                0x08008c84       0x50 C:/CLionToolchains/gcc-arm-none-eabi-10.3-2021.10/bin/../lib/gcc/arm-none-eabi/13.3.1/thumb/v7e-m+fp/hard\libg.a(libc_a-init.o)
                0x08008c84                __libc_init_array
 .text.__retarget_lock_init_recursive
                0x08008cd4        0x4 C:/CLionToolchains/gcc-arm-none-eabi-10.3-2021.10/bin/../lib/gcc/arm-none-eabi/13.3.1/thumb/v7e-m+fp/hard\libg.a(libc_a-lock.o)
                0x08008cd4                __retarget_lock_init_recursive
 .text.__retarget_lock_close_recursive
                0x08008cd8        0x4 C:/CLionToolchains/gcc-arm-none-eabi-10.3-2021.10/bin/../lib/gcc/arm-none-eabi/13.3.1/thumb/v7e-m+fp/hard\libg.a(libc_a-lock.o)
                0x08008cd8                __retarget_lock_close_recursive
 .text.__retarget_lock_acquire_recursive
                0x08008cdc        0x4 C:/CLionToolchains/gcc-arm-none-eabi-10.3-2021.10/bin/../lib/gcc/arm-none-eabi/13.3.1/thumb/v7e-m+fp/hard\libg.a(libc_a-lock.o)
                0x08008cdc                __retarget_lock_acquire_recursive
 .text.__retarget_lock_release_recursive
                0x08008ce0        0x4 C:/CLionToolchains/gcc-arm-none-eabi-10.3-2021.10/bin/../lib/gcc/arm-none-eabi/13.3.1/thumb/v7e-m+fp/hard\libg.a(libc_a-lock.o)
                0x08008ce0                __retarget_lock_release_recursive
 .text.startup.register_fini
                0x08008ce4       0x14 C:/CLionToolchains/gcc-arm-none-eabi-10.3-2021.10/bin/../lib/gcc/arm-none-eabi/13.3.1/thumb/v7e-m+fp/hard\libg.a(libc_a-__call_atexit.o)
 .text.atexit   0x08008cf8        0xc C:/CLionToolchains/gcc-arm-none-eabi-10.3-2021.10/bin/../lib/gcc/arm-none-eabi/13.3.1/thumb/v7e-m+fp/hard\libg.a(libc_a-atexit.o)
                0x08008cf8                atexit
 .text._malloc_trim_r
                0x08008d04       0xb8 C:/CLionToolchains/gcc-arm-none-eabi-10.3-2021.10/bin/../lib/gcc/arm-none-eabi/13.3.1/thumb/v7e-m+fp/hard\libg.a(libc_a-freer.o)
                0x08008d04                _malloc_trim_r
 .text._free_r  0x08008dbc      0x1f8 C:/CLionToolchains/gcc-arm-none-eabi-10.3-2021.10/bin/../lib/gcc/arm-none-eabi/13.3.1/thumb/v7e-m+fp/hard\libg.a(libc_a-freer.o)
                0x08008dbc                _free_r
 .text._malloc_r
                0x08008fb4      0x564 C:/CLionToolchains/gcc-arm-none-eabi-10.3-2021.10/bin/../lib/gcc/arm-none-eabi/13.3.1/thumb/v7e-m+fp/hard\libg.a(libc_a-mallocr.o)
                0x08008fb4                _malloc_r
 .text.__malloc_lock
                0x08009518        0xc C:/CLionToolchains/gcc-arm-none-eabi-10.3-2021.10/bin/../lib/gcc/arm-none-eabi/13.3.1/thumb/v7e-m+fp/hard\libg.a(libc_a-mlock.o)
                0x08009518                __malloc_lock
 .text.__malloc_unlock
                0x08009524        0xc C:/CLionToolchains/gcc-arm-none-eabi-10.3-2021.10/bin/../lib/gcc/arm-none-eabi/13.3.1/thumb/v7e-m+fp/hard\libg.a(libc_a-mlock.o)
                0x08009524                __malloc_unlock
 .text._svfprintf_r
                0x08009530     0x1b3c C:/CLionToolchains/gcc-arm-none-eabi-10.3-2021.10/bin/../lib/gcc/arm-none-eabi/13.3.1/thumb/v7e-m+fp/hard\libg.a(libc_a-svfprintf.o)
                0x08009530                _svfprintf_r
 .text.__ssprint_r
                0x0800b06c       0x58 C:/CLionToolchains/gcc-arm-none-eabi-10.3-2021.10/bin/../lib/gcc/arm-none-eabi/13.3.1/thumb/v7e-m+fp/hard\libg.a(libc_a-ssprint_r.o)
                0x0800b06c                __ssprint_r
 .text._fclose_r
                0x0800b0c4       0xc0 C:/CLionToolchains/gcc-arm-none-eabi-10.3-2021.10/bin/../lib/gcc/arm-none-eabi/13.3.1/thumb/v7e-m+fp/hard\libg.a(libc_a-fclose.o)
                0x0800b0c4                _fclose_r
 .text.__sflush_r
                0x0800b184      0x138 C:/CLionToolchains/gcc-arm-none-eabi-10.3-2021.10/bin/../lib/gcc/arm-none-eabi/13.3.1/thumb/v7e-m+fp/hard\libg.a(libc_a-fflush.o)
                0x0800b184                __sflush_r
 .text._fflush_r
                0x0800b2bc       0x54 C:/CLionToolchains/gcc-arm-none-eabi-10.3-2021.10/bin/../lib/gcc/arm-none-eabi/13.3.1/thumb/v7e-m+fp/hard\libg.a(libc_a-fflush.o)
                0x0800b2bc                _fflush_r
 .text.strncpy  0x0800b310       0x68 C:/CLionToolchains/gcc-arm-none-eabi-10.3-2021.10/bin/../lib/gcc/arm-none-eabi/13.3.1/thumb/v7e-m+fp/hard\libg.a(libc_a-strncpy.o)
                0x0800b310                strncpy
 .text.__locale_mb_cur_max
                0x0800b378        0xc C:/CLionToolchains/gcc-arm-none-eabi-10.3-2021.10/bin/../lib/gcc/arm-none-eabi/13.3.1/thumb/v7e-m+fp/hard\libg.a(libc_a-locale.o)
                0x0800b378                __locale_mb_cur_max
 .text._localeconv_r
                0x0800b384        0x8 C:/CLionToolchains/gcc-arm-none-eabi-10.3-2021.10/bin/../lib/gcc/arm-none-eabi/13.3.1/thumb/v7e-m+fp/hard\libg.a(libc_a-localeconv.o)
                0x0800b384                _localeconv_r
 .text._sbrk_r  0x0800b38c       0x24 C:/CLionToolchains/gcc-arm-none-eabi-10.3-2021.10/bin/../lib/gcc/arm-none-eabi/13.3.1/thumb/v7e-m+fp/hard\libg.a(libc_a-sbrkr.o)
                0x0800b38c                _sbrk_r
 .text.__libc_fini_array
                0x0800b3b0       0x28 C:/CLionToolchains/gcc-arm-none-eabi-10.3-2021.10/bin/../lib/gcc/arm-none-eabi/13.3.1/thumb/v7e-m+fp/hard\libg.a(libc_a-fini.o)
                0x0800b3b0                __libc_fini_array
 .text.sysconf  0x0800b3d8       0x1c C:/CLionToolchains/gcc-arm-none-eabi-10.3-2021.10/bin/../lib/gcc/arm-none-eabi/13.3.1/thumb/v7e-m+fp/hard\libg.a(libc_a-sysconf.o)
                0x0800b3d8                sysconf
 .text.frexp    0x0800b3f4       0x64 C:/CLionToolchains/gcc-arm-none-eabi-10.3-2021.10/bin/../lib/gcc/arm-none-eabi/13.3.1/thumb/v7e-m+fp/hard\libg.a(libm_a-s_frexp.o)
                0x0800b3f4                frexp
 .text.__register_exitproc
                0x0800b458       0x80 C:/CLionToolchains/gcc-arm-none-eabi-10.3-2021.10/bin/../lib/gcc/arm-none-eabi/13.3.1/thumb/v7e-m+fp/hard\libg.a(libc_a-__atexit.o)
                0x0800b458                __register_exitproc
 .text.quorem   0x0800b4d8      0x12c C:/CLionToolchains/gcc-arm-none-eabi-10.3-2021.10/bin/../lib/gcc/arm-none-eabi/13.3.1/thumb/v7e-m+fp/hard\libg.a(libc_a-dtoa.o)
 *fill*         0x0800b604        0x4 
 .text._dtoa_r  0x0800b608      0xe80 C:/CLionToolchains/gcc-arm-none-eabi-10.3-2021.10/bin/../lib/gcc/arm-none-eabi/13.3.1/thumb/v7e-m+fp/hard\libg.a(libc_a-dtoa.o)
                0x0800b608                _dtoa_r
 .text.__ascii_mbtowc
                0x0800c488       0x2c C:/CLionToolchains/gcc-arm-none-eabi-10.3-2021.10/bin/../lib/gcc/arm-none-eabi/13.3.1/thumb/v7e-m+fp/hard\libg.a(libc_a-mbtowc_r.o)
                0x0800c488                __ascii_mbtowc
 .text._Balloc  0x0800c4b4       0x4c C:/CLionToolchains/gcc-arm-none-eabi-10.3-2021.10/bin/../lib/gcc/arm-none-eabi/13.3.1/thumb/v7e-m+fp/hard\libg.a(libc_a-mprec.o)
                0x0800c4b4                _Balloc
 .text._Bfree   0x0800c500       0x14 C:/CLionToolchains/gcc-arm-none-eabi-10.3-2021.10/bin/../lib/gcc/arm-none-eabi/13.3.1/thumb/v7e-m+fp/hard\libg.a(libc_a-mprec.o)
                0x0800c500                _Bfree
 .text.__multadd
                0x0800c514       0xa0 C:/CLionToolchains/gcc-arm-none-eabi-10.3-2021.10/bin/../lib/gcc/arm-none-eabi/13.3.1/thumb/v7e-m+fp/hard\libg.a(libc_a-mprec.o)
                0x0800c514                __multadd
 .text.__hi0bits
                0x0800c5b4       0x44 C:/CLionToolchains/gcc-arm-none-eabi-10.3-2021.10/bin/../lib/gcc/arm-none-eabi/13.3.1/thumb/v7e-m+fp/hard\libg.a(libc_a-mprec.o)
                0x0800c5b4                __hi0bits
 .text.__lo0bits
                0x0800c5f8       0x60 C:/CLionToolchains/gcc-arm-none-eabi-10.3-2021.10/bin/../lib/gcc/arm-none-eabi/13.3.1/thumb/v7e-m+fp/hard\libg.a(libc_a-mprec.o)
                0x0800c5f8                __lo0bits
 .text.__i2b    0x0800c658       0x5c C:/CLionToolchains/gcc-arm-none-eabi-10.3-2021.10/bin/../lib/gcc/arm-none-eabi/13.3.1/thumb/v7e-m+fp/hard\libg.a(libc_a-mprec.o)
                0x0800c658                __i2b
 .text.__multiply
                0x0800c6b4      0x16c C:/CLionToolchains/gcc-arm-none-eabi-10.3-2021.10/bin/../lib/gcc/arm-none-eabi/13.3.1/thumb/v7e-m+fp/hard\libg.a(libc_a-mprec.o)
                0x0800c6b4                __multiply
 .text.__pow5mult
                0x0800c820       0xb4 C:/CLionToolchains/gcc-arm-none-eabi-10.3-2021.10/bin/../lib/gcc/arm-none-eabi/13.3.1/thumb/v7e-m+fp/hard\libg.a(libc_a-mprec.o)
                0x0800c820                __pow5mult
 .text.__lshift
                0x0800c8d4       0xf0 C:/CLionToolchains/gcc-arm-none-eabi-10.3-2021.10/bin/../lib/gcc/arm-none-eabi/13.3.1/thumb/v7e-m+fp/hard\libg.a(libc_a-mprec.o)
                0x0800c8d4                __lshift
 .text.__mcmp   0x0800c9c4       0x44 C:/CLionToolchains/gcc-arm-none-eabi-10.3-2021.10/bin/../lib/gcc/arm-none-eabi/13.3.1/thumb/v7e-m+fp/hard\libg.a(libc_a-mprec.o)
                0x0800c9c4                __mcmp
 .text.__mdiff  0x0800ca08      0x178 C:/CLionToolchains/gcc-arm-none-eabi-10.3-2021.10/bin/../lib/gcc/arm-none-eabi/13.3.1/thumb/v7e-m+fp/hard\libg.a(libc_a-mprec.o)
                0x0800ca08                __mdiff
 .text.__d2b    0x0800cb80       0xc0 C:/CLionToolchains/gcc-arm-none-eabi-10.3-2021.10/bin/../lib/gcc/arm-none-eabi/13.3.1/thumb/v7e-m+fp/hard\libg.a(libc_a-mprec.o)
                0x0800cb80                __d2b
 .text.__ascii_wctomb
                0x0800cc40       0x1c C:/CLionToolchains/gcc-arm-none-eabi-10.3-2021.10/bin/../lib/gcc/arm-none-eabi/13.3.1/thumb/v7e-m+fp/hard\libg.a(libc_a-wctomb_r.o)
                0x0800cc40                __ascii_wctomb
 .text._wcrtomb_r
                0x0800cc5c       0x4c C:/CLionToolchains/gcc-arm-none-eabi-10.3-2021.10/bin/../lib/gcc/arm-none-eabi/13.3.1/thumb/v7e-m+fp/hard\libg.a(libc_a-wcrtomb.o)
                0x0800cc5c                _wcrtomb_r
 .text._wcsrtombs_r
                0x0800cca8       0x18 C:/CLionToolchains/gcc-arm-none-eabi-10.3-2021.10/bin/../lib/gcc/arm-none-eabi/13.3.1/thumb/v7e-m+fp/hard\libg.a(libc_a-wcsrtombs.o)
                0x0800cca8                _wcsrtombs_r
 .text.__ssputs_r
                0x0800ccc0       0xc0 C:/CLionToolchains/gcc-arm-none-eabi-10.3-2021.10/bin/../lib/gcc/arm-none-eabi/13.3.1/thumb/v7e-m+fp/hard\libg.a(libc_a-ssputs_r.o)
                0x0800ccc0                __ssputs_r
 .text.memmove  0x0800cd80      0x100 C:/CLionToolchains/gcc-arm-none-eabi-10.3-2021.10/bin/../lib/gcc/arm-none-eabi/13.3.1/thumb/v7e-m+fp/hard\libg.a(libc_a-memmove.o)
                0x0800cd80                memmove
 .text.__assert_func
                0x0800ce80       0x40 C:/CLionToolchains/gcc-arm-none-eabi-10.3-2021.10/bin/../lib/gcc/arm-none-eabi/13.3.1/thumb/v7e-m+fp/hard\libg.a(libc_a-assert.o)
                0x0800ce80                __assert_func
 .text._calloc_r
                0x0800cec0       0x6c C:/CLionToolchains/gcc-arm-none-eabi-10.3-2021.10/bin/../lib/gcc/arm-none-eabi/13.3.1/thumb/v7e-m+fp/hard\libg.a(libc_a-callocr.o)
                0x0800cec0                _calloc_r
 .text._realloc_r
                0x0800cf2c      0x344 C:/CLionToolchains/gcc-arm-none-eabi-10.3-2021.10/bin/../lib/gcc/arm-none-eabi/13.3.1/thumb/v7e-m+fp/hard\libg.a(libc_a-reallocr.o)
                0x0800cf2c                _realloc_r
 .text._wcsnrtombs_l
                0x0800d270       0xfc C:/CLionToolchains/gcc-arm-none-eabi-10.3-2021.10/bin/../lib/gcc/arm-none-eabi/13.3.1/thumb/v7e-m+fp/hard\libg.a(libc_a-wcsnrtombs.o)
                0x0800d270                _wcsnrtombs_l
 .text._wcsnrtombs_r
                0x0800d36c       0x24 C:/CLionToolchains/gcc-arm-none-eabi-10.3-2021.10/bin/../lib/gcc/arm-none-eabi/13.3.1/thumb/v7e-m+fp/hard\libg.a(libc_a-wcsnrtombs.o)
                0x0800d36c                _wcsnrtombs_r
 .text.fiprintf
                0x0800d390       0x28 C:/CLionToolchains/gcc-arm-none-eabi-10.3-2021.10/bin/../lib/gcc/arm-none-eabi/13.3.1/thumb/v7e-m+fp/hard\libg.a(libc_a-fiprintf.o)
                0x0800d390                fiprintf
 .text._vfiprintf_r
                0x0800d3b8      0xe68 C:/CLionToolchains/gcc-arm-none-eabi-10.3-2021.10/bin/../lib/gcc/arm-none-eabi/13.3.1/thumb/v7e-m+fp/hard\libg.a(libc_a-vfiprintf.o)
                0x0800d3b8                _vfiprintf_r
 .text.__sbprintf
                0x0800e220       0x80 C:/CLionToolchains/gcc-arm-none-eabi-10.3-2021.10/bin/../lib/gcc/arm-none-eabi/13.3.1/thumb/v7e-m+fp/hard\libg.a(libc_a-vfiprintf.o)
 .text.__sprint_r
                0x0800e2a0       0x20 C:/CLionToolchains/gcc-arm-none-eabi-10.3-2021.10/bin/../lib/gcc/arm-none-eabi/13.3.1/thumb/v7e-m+fp/hard\libg.a(libc_a-sprint_r.o)
                0x0800e2a0                __sprint_r
 .text.__sfvwrite_r
                0x0800e2c0      0x300 C:/CLionToolchains/gcc-arm-none-eabi-10.3-2021.10/bin/../lib/gcc/arm-none-eabi/13.3.1/thumb/v7e-m+fp/hard\libg.a(libc_a-fvwrite.o)
                0x0800e2c0                __sfvwrite_r
 .text.__swsetup_r
                0x0800e5c0       0xc4 C:/CLionToolchains/gcc-arm-none-eabi-10.3-2021.10/bin/../lib/gcc/arm-none-eabi/13.3.1/thumb/v7e-m+fp/hard\libg.a(libc_a-wsetup.o)
                0x0800e5c0                __swsetup_r
 .text.abort    0x0800e684       0x10 C:/CLionToolchains/gcc-arm-none-eabi-10.3-2021.10/bin/../lib/gcc/arm-none-eabi/13.3.1/thumb/v7e-m+fp/hard\libg.a(libc_a-abort.o)
                0x0800e684                abort
 .text.__smakebuf_r
                0x0800e694       0xdc C:/CLionToolchains/gcc-arm-none-eabi-10.3-2021.10/bin/../lib/gcc/arm-none-eabi/13.3.1/thumb/v7e-m+fp/hard\libg.a(libc_a-makebuf.o)
                0x0800e694                __smakebuf_r
 .text.raise    0x0800e770       0x58 C:/CLionToolchains/gcc-arm-none-eabi-10.3-2021.10/bin/../lib/gcc/arm-none-eabi/13.3.1/thumb/v7e-m+fp/hard\libg.a(libc_a-signal.o)
                0x0800e770                raise
 .text._fstat_r
                0x0800e7c8       0x2c C:/CLionToolchains/gcc-arm-none-eabi-10.3-2021.10/bin/../lib/gcc/arm-none-eabi/13.3.1/thumb/v7e-m+fp/hard\libg.a(libc_a-fstatr.o)
                0x0800e7c8                _fstat_r
 .text._isatty_r
                0x0800e7f4       0x24 C:/CLionToolchains/gcc-arm-none-eabi-10.3-2021.10/bin/../lib/gcc/arm-none-eabi/13.3.1/thumb/v7e-m+fp/hard\libg.a(libc_a-isattyr.o)
                0x0800e7f4                _isatty_r
 .text._kill_r  0x0800e818       0x2c C:/CLionToolchains/gcc-arm-none-eabi-10.3-2021.10/bin/../lib/gcc/arm-none-eabi/13.3.1/thumb/v7e-m+fp/hard\libg.a(libc_a-signalr.o)
                0x0800e818                _kill_r
 .text._getpid_r
                0x0800e844        0x4 C:/CLionToolchains/gcc-arm-none-eabi-10.3-2021.10/bin/../lib/gcc/arm-none-eabi/13.3.1/thumb/v7e-m+fp/hard\libg.a(libc_a-signalr.o)
                0x0800e844                _getpid_r
 .text.sqrt     0x0800e848       0x68 C:/CLionToolchains/gcc-arm-none-eabi-10.3-2021.10/bin/../lib/gcc/arm-none-eabi/13.3.1/thumb/v7e-m+fp/hard\libm.a(libm_a-w_sqrt.o)
                0x0800e848                sqrt
 .text.asinf    0x0800e8b0       0x58 C:/CLionToolchains/gcc-arm-none-eabi-10.3-2021.10/bin/../lib/gcc/arm-none-eabi/13.3.1/thumb/v7e-m+fp/hard\libm.a(libm_a-wf_asin.o)
                0x0800e8b0                asinf
 .text.atan2f   0x0800e908        0x4 C:/CLionToolchains/gcc-arm-none-eabi-10.3-2021.10/bin/../lib/gcc/arm-none-eabi/13.3.1/thumb/v7e-m+fp/hard\libm.a(libm_a-wf_atan2.o)
                0x0800e908                atan2f
 .text.fabsf    0x0800e90c       0x10 C:/CLionToolchains/gcc-arm-none-eabi-10.3-2021.10/bin/../lib/gcc/arm-none-eabi/13.3.1/thumb/v7e-m+fp/hard\libm.a(libm_a-sf_fabs.o)
                0x0800e90c                fabsf
 .text.nanf     0x0800e91c        0xc C:/CLionToolchains/gcc-arm-none-eabi-10.3-2021.10/bin/../lib/gcc/arm-none-eabi/13.3.1/thumb/v7e-m+fp/hard\libm.a(libm_a-sf_nan.o)
                0x0800e91c                nanf
 .text.__ieee754_sqrt
                0x0800e928      0x1ec C:/CLionToolchains/gcc-arm-none-eabi-10.3-2021.10/bin/../lib/gcc/arm-none-eabi/13.3.1/thumb/v7e-m+fp/hard\libm.a(libm_a-e_sqrt.o)
                0x0800e928                __ieee754_sqrt
 .text.__ieee754_asinf
                0x0800eb14      0x1f8 C:/CLionToolchains/gcc-arm-none-eabi-10.3-2021.10/bin/../lib/gcc/arm-none-eabi/13.3.1/thumb/v7e-m+fp/hard\libm.a(libm_a-ef_asin.o)
                0x0800eb14                __ieee754_asinf
 .text.__ieee754_atan2f
                0x0800ed0c      0x150 C:/CLionToolchains/gcc-arm-none-eabi-10.3-2021.10/bin/../lib/gcc/arm-none-eabi/13.3.1/thumb/v7e-m+fp/hard\libm.a(libm_a-ef_atan2.o)
                0x0800ed0c                __ieee754_atan2f
 .text.atanf    0x0800ee5c      0x1ac C:/CLionToolchains/gcc-arm-none-eabi-10.3-2021.10/bin/../lib/gcc/arm-none-eabi/13.3.1/thumb/v7e-m+fp/hard\libm.a(libm_a-sf_atan.o)