Archive member included to satisfy reference by file (symbol)

C:/CLionToolchains/gcc-arm-none-eabi-10.3-2021.10/bin/../lib/gcc/arm-none-eabi/13.3.1/thumb/v7e-m+fp/hard\libgcc.a(_arm_addsubdf3.o)
                              CMakeFiles/bubing_RM2025.elf.dir/code_mf/Src/MahonyAHRS.c.obj (__aeabi_f2d)
C:/CLionToolchains/gcc-arm-none-eabi-10.3-2021.10/bin/../lib/gcc/arm-none-eabi/13.3.1/thumb/v7e-m+fp/hard\libgcc.a(_arm_truncdfsf2.o)
                              CMakeFiles/bubing_RM2025.elf.dir/code_mf/Src/MahonyAHRS.c.obj (__aeabi_d2f)
C:/CLionToolchains/gcc-arm-none-eabi-10.3-2021.10/bin/../lib/gcc/arm-none-eabi/13.3.1/thumb/v7e-m+fp/hard\libgcc.a(_aeabi_uldivmod.o)
                              CMakeFiles/bubing_RM2025.elf.dir/Drivers/STM32F4xx_HAL_Driver/Src/stm32f4xx_hal_rcc.c.obj (__aeabi_uldivmod)
C:/CLionToolchains/gcc-arm-none-eabi-10.3-2021.10/bin/../lib/gcc/arm-none-eabi/13.3.1/thumb/v7e-m+fp/hard\libgcc.a(_udivmoddi4.o)
                              C:/CLionToolchains/gcc-arm-none-eabi-10.3-2021.10/bin/../lib/gcc/arm-none-eabi/13.3.1/thumb/v7e-m+fp/hard\libgcc.a(_aeabi_uldivmod.o) (__udivmoddi4)
C:/CLionToolchains/gcc-arm-none-eabi-10.3-2021.10/bin/../lib/gcc/arm-none-eabi/13.3.1/thumb/v7e-m+fp/hard\libgcc.a(_dvmd_tls.o)
                              C:/CLionToolchains/gcc-arm-none-eabi-10.3-2021.10/bin/../lib/gcc/arm-none-eabi/13.3.1/thumb/v7e-m+fp/hard\libgcc.a(_aeabi_uldivmod.o) (__aeabi_ldiv0)
C:/CLionToolchains/gcc-arm-none-eabi-10.3-2021.10/bin/../lib/gcc/arm-none-eabi/13.3.1/thumb/v7e-m+fp/hard\libg.a(libc_a-exit.o)
                              C:/CLionToolchains/gcc-arm-none-eabi-10.3-2021.10/bin/../lib/gcc/arm-none-eabi/13.3.1/thumb/v7e-m+fp/hard/crt0.o (exit)
C:/CLionToolchains/gcc-arm-none-eabi-10.3-2021.10/bin/../lib/gcc/arm-none-eabi/13.3.1/thumb/v7e-m+fp/hard\libg.a(libc_a-findfp.o)
                              CMakeFiles/bubing_RM2025.elf.dir/Middlewares/Third_Party/FreeRTOS/Source/tasks.c.obj (__sf)
C:/CLionToolchains/gcc-arm-none-eabi-10.3-2021.10/bin/../lib/gcc/arm-none-eabi/13.3.1/thumb/v7e-m+fp/hard\libg.a(libc_a-fwalk.o)
                              C:/CLionToolchains/gcc-arm-none-eabi-10.3-2021.10/bin/../lib/gcc/arm-none-eabi/13.3.1/thumb/v7e-m+fp/hard\libg.a(libc_a-findfp.o) (_fwalk_sglue)
C:/CLionToolchains/gcc-arm-none-eabi-10.3-2021.10/bin/../lib/gcc/arm-none-eabi/13.3.1/thumb/v7e-m+fp/hard\libg.a(libc_a-stdio.o)
                              C:/CLionToolchains/gcc-arm-none-eabi-10.3-2021.10/bin/../lib/gcc/arm-none-eabi/13.3.1/thumb/v7e-m+fp/hard\libg.a(libc_a-findfp.o) (__sread)
C:/CLionToolchains/gcc-arm-none-eabi-10.3-2021.10/bin/../lib/gcc/arm-none-eabi/13.3.1/thumb/v7e-m+fp/hard\libg.a(libc_a-vsprintf.o)
                              CMakeFiles/bubing_RM2025.elf.dir/code_mf/Src/uart_printf.c.obj (vsprintf)
C:/CLionToolchains/gcc-arm-none-eabi-10.3-2021.10/bin/../lib/gcc/arm-none-eabi/13.3.1/thumb/v7e-m+fp/hard\libg.a(libc_a-memset.o)
                              C:/CLionToolchains/gcc-arm-none-eabi-10.3-2021.10/bin/../lib/gcc/arm-none-eabi/13.3.1/thumb/v7e-m+fp/hard/crt0.o (memset)
C:/CLionToolchains/gcc-arm-none-eabi-10.3-2021.10/bin/../lib/gcc/arm-none-eabi/13.3.1/thumb/v7e-m+fp/hard\libg.a(libc_a-closer.o)
                              C:/CLionToolchains/gcc-arm-none-eabi-10.3-2021.10/bin/../lib/gcc/arm-none-eabi/13.3.1/thumb/v7e-m+fp/hard\libg.a(libc_a-stdio.o) (_close_r)
C:/CLionToolchains/gcc-arm-none-eabi-10.3-2021.10/bin/../lib/gcc/arm-none-eabi/13.3.1/thumb/v7e-m+fp/hard\libg.a(libc_a-reent.o)
                              CMakeFiles/bubing_RM2025.elf.dir/Middlewares/Third_Party/FreeRTOS/Source/tasks.c.obj (_reclaim_reent)
C:/CLionToolchains/gcc-arm-none-eabi-10.3-2021.10/bin/../lib/gcc/arm-none-eabi/13.3.1/thumb/v7e-m+fp/hard\libg.a(libc_a-impure.o)
                              CMakeFiles/bubing_RM2025.elf.dir/Middlewares/Third_Party/FreeRTOS/Source/tasks.c.obj (_impure_ptr)
C:/CLionToolchains/gcc-arm-none-eabi-10.3-2021.10/bin/../lib/gcc/arm-none-eabi/13.3.1/thumb/v7e-m+fp/hard\libg.a(libc_a-lseekr.o)
                              C:/CLionToolchains/gcc-arm-none-eabi-10.3-2021.10/bin/../lib/gcc/arm-none-eabi/13.3.1/thumb/v7e-m+fp/hard\libg.a(libc_a-stdio.o) (_lseek_r)
C:/CLionToolchains/gcc-arm-none-eabi-10.3-2021.10/bin/../lib/gcc/arm-none-eabi/13.3.1/thumb/v7e-m+fp/hard\libg.a(libc_a-readr.o)
                              C:/CLionToolchains/gcc-arm-none-eabi-10.3-2021.10/bin/../lib/gcc/arm-none-eabi/13.3.1/thumb/v7e-m+fp/hard\libg.a(libc_a-stdio.o) (_read_r)
C:/CLionToolchains/gcc-arm-none-eabi-10.3-2021.10/bin/../lib/gcc/arm-none-eabi/13.3.1/thumb/v7e-m+fp/hard\libg.a(libc_a-writer.o)
                              C:/CLionToolchains/gcc-arm-none-eabi-10.3-2021.10/bin/../lib/gcc/arm-none-eabi/13.3.1/thumb/v7e-m+fp/hard\libg.a(libc_a-stdio.o) (_write_r)
C:/CLionToolchains/gcc-arm-none-eabi-10.3-2021.10/bin/../lib/gcc/arm-none-eabi/13.3.1/thumb/v7e-m+fp/hard\libg.a(libc_a-errno.o)
[...]
Memory Configuration

Name             Origin             Length             Attributes
CCMRAM           0x10000000         0x00010000         xrw
RAM              0x20000000         0x00020000         xrw
FLASH            0x08000000         0x00100000         xr
*default*        0x00000000         0xffffffff

Linker script and memory map

LOAD C:/CLionToolchains/gcc-arm-none-eabi-10.3-2021.10/bin/../lib/gcc/arm-none-eabi/13.3.1/thumb/v7e-m+fp/hard/crti.o
LOAD C:/CLionToolchains/gcc-arm-none-eabi-10.3-2021.10/bin/../lib/gcc/arm-none-eabi/13.3.1/thumb/v7e-m+fp/hard/crtbegin.o
LOAD C:/CLionToolchains/gcc-arm-none-eabi-10.3-2021.10/bin/../lib/gcc/arm-none-eabi/13.3.1/thumb/v7e-m+fp/hard/crt0.o
LOAD CMakeFiles/bubing_RM2025.elf.dir/Core/Src/can.c.obj
LOAD CMakeFiles/bubing_RM2025.elf.dir/Core/Src/dma.c.obj
LOAD CMakeFiles/bubing_RM2025.elf.dir/Core/Src/freertos.c.obj
LOAD CMakeFiles/bubing_RM2025.elf.dir/Core/Src/gpio.c.obj
LOAD CMakeFiles/bubing_RM2025.elf.dir/Core/Src/main.c.obj
LOAD CMakeFiles/bubing_RM2025.elf.dir/Core/Src/spi.c.obj
LOAD CMakeFiles/bubing_RM2025.elf.dir/Core/Src/stm32f4xx_hal_msp.c.obj
LOAD CMakeFiles/bubing_RM2025.elf.dir/Core/Src/stm32f4xx_hal_timebase_tim.c.obj
LOAD CMakeFiles/bubing_RM2025.elf.dir/Core/Src/stm32f4xx_it.c.obj
LOAD CMakeFiles/bubing_RM2025.elf.dir/Core/Src/syscalls.c.obj
LOAD CMakeFiles/bubing_RM2025.elf.dir/Core/Src/sysmem.c.obj
LOAD CMakeFiles/bubing_RM2025.elf.dir/Core/Src/system_stm32f4xx.c.obj
LOAD CMakeFiles/bubing_RM2025.elf.dir/Core/Src/tim.c.obj
LOAD CMakeFiles/bubing_RM2025.elf.dir/Core/Src/usart.c.obj
LOAD CMakeFiles/bubing_RM2025.elf.dir/Core/Startup/startup_stm32f407ighx.s.obj
LOAD CMakeFiles/bubing_RM2025.elf.dir/Drivers/STM32F4xx_HAL_Driver/Src/stm32f4xx_hal.c.obj
LOAD CMakeFiles/bubing_RM2025.elf.dir/Drivers/STM32F4xx_HAL_Driver/Src/stm32f4xx_hal_can.c.obj
LOAD CMakeFiles/bubing_RM2025.elf.dir/Drivers/STM32F4xx_HAL_Driver/Src/stm32f4xx_hal_cortex.c.obj
LOAD CMakeFiles/bubing_RM2025.elf.dir/Drivers/STM32F4xx_HAL_Driver/Src/stm32f4xx_hal_dma.c.obj
LOAD CMakeFiles/bubing_RM2025.elf.dir/Drivers/STM32F4xx_HAL_Driver/Src/stm32f4xx_hal_dma_ex.c.obj
LOAD CMakeFiles/bubing_RM2025.elf.dir/Drivers/STM32F4xx_HAL_Driver/Src/stm32f4xx_hal_exti.c.obj
LOAD CMakeFiles/bubing_RM2025.elf.dir/Drivers/STM32F4xx_HAL_Driver/Src/stm32f4xx_hal_flash.c.obj
LOAD CMakeFiles/bubing_RM2025.elf.dir/Drivers/STM32F4xx_HAL_Driver/Src/stm32f4xx_hal_flash_ex.c.obj
LOAD CMakeFiles/bubing_RM2025.elf.dir/Drivers/STM32F4xx_HAL_Driver/Src/stm32f4xx_hal_flash_ramfunc.c.obj
LOAD CMakeFiles/bubing_RM2025.elf.dir/Drivers/STM32F4xx_HAL_Driver/Src/stm32f4xx_hal_gpio.c.obj
LOAD CMakeFiles/bubing_RM2025.elf.dir/Drivers/STM32F4xx_HAL_Driver/Src/stm32f4xx_hal_pwr.c.obj
LOAD CMakeFiles/bubing_RM2025.elf.dir/Drivers/STM32F4xx_HAL_Driver/Src/stm32f4xx_hal_pwr_ex.c.obj
LOAD CMakeFiles/bubing_RM2025.elf.dir/Drivers/STM32F4xx_HAL_Driver/Src/stm32f4xx_hal_rcc.c.obj
LOAD CMakeFiles/bubing_RM2025.elf.dir/Drivers/STM32F4xx_HAL_Driver/Src/stm32f4xx_hal_rcc_ex.c.obj
LOAD CMakeFiles/bubing_RM2025.elf.dir/Drivers/STM32F4xx_HAL_Driver/Src/stm32f4xx_hal_spi.c.obj
LOAD CMakeFiles/bubing_RM2025.elf.dir/Drivers/STM32F4xx_HAL_Driver/Src/stm32f4xx_hal_tim.c.obj
LOAD CMakeFiles/bubing_RM2025.elf.dir/Drivers/STM32F4xx_HAL_Driver/Src/stm32f4xx_hal_tim_ex.c.obj
LOAD CMakeFiles/bubing_RM2025.elf.dir/Drivers/STM32F4xx_HAL_Driver/Src/stm32f4xx_hal_uart.c.obj
LOAD CMakeFiles/bubing_RM2025.elf.dir/Middlewares/Third_Party/FreeRTOS/Source/CMSIS_RTOS/cmsis_os.c.obj
LOAD CMakeFiles/bubing_RM2025.elf.dir/Middlewares/Third_Party/FreeRTOS/Source/croutine.c.obj
LOAD CMakeFiles/bubing_RM2025.elf.dir/Middlewares/Third_Party/FreeRTOS/Source/event_groups.c.obj
LOAD CMakeFiles/bubing_RM2025.elf.dir/Middlewares/Third_Party/FreeRTOS/Source/list.c.obj
LOAD CMakeFiles/bubing_RM2025.elf.dir/Middlewares/Third_Party/FreeRTOS/Source/portable/GCC/ARM_CM4F/port.c.obj
LOAD CMakeFiles/bubing_RM2025.elf.dir/Middlewares/Third_Party/FreeRTOS/Source/portable/MemMang/heap_4.c.obj
LOAD CMakeFiles/bubing_RM2025.elf.dir/Middlewares/Third_Party/FreeRTOS/Source/queue.c.obj
LOAD CMakeFiles/bubing_RM2025.elf.dir/Middlewares/Third_Party/FreeRTOS/Source/stream_buffer.c.obj
LOAD CMakeFiles/bubing_RM2025.elf.dir/Middlewares/Third_Party/FreeRTOS/Source/tasks.c.obj
LOAD CMakeFiles/bubing_RM2025.elf.dir/Middlewares/Third_Party/FreeRTOS/Source/timers.c.obj
LOAD CMakeFiles/bubing_RM2025.elf.dir/code_mf/Src/BMI088Middleware.c.obj
LOAD CMakeFiles/bubing_RM2025.elf.dir/code_mf/Src/BMI088driver.c.obj
LOAD CMakeFiles/bubing_RM2025.elf.dir/code_mf/Src/CAN_receive.c.obj
LOAD CMakeFiles/bubing_RM2025.elf.dir/code_mf/Src/IMU_DATA_GET.c.obj
LOAD CMakeFiles/bubing_RM2025.elf.dir/code_mf/Src/MahonyAHRS.c.obj
LOAD CMakeFiles/bubing_RM2025.elf.dir/code_mf/Src/board_LED.c.obj
LOAD CMakeFiles/bubing_RM2025.elf.dir/code_mf/Src/bsp_can.c.obj
LOAD CMakeFiles/bubing_RM2025.elf.dir/code_mf/Src/bsp_rc.c.obj
LOAD CMakeFiles/bubing_RM2025.elf.dir/code_mf/Src/can_sent.c.obj
LOAD CMakeFiles/bubing_RM2025.elf.dir/code_mf/Src/chassis_motor_control.c.obj
LOAD CMakeFiles/bubing_RM2025.elf.dir/code_mf/Src/error_detection.c.obj
LOAD CMakeFiles/bubing_RM2025.elf.dir/code_mf/Src/get_rc.c.obj
LOAD CMakeFiles/bubing_RM2025.elf.dir/code_mf/Src/gimbal_motor_control.c.obj
LOAD CMakeFiles/bubing_RM2025.elf.dir/code_mf/Src/jy61p.c.obj
LOAD CMakeFiles/bubing_RM2025.elf.dir/code_mf/Src/odometer.c.obj
LOAD CMakeFiles/bubing_RM2025.elf.dir/code_mf/Src/pid.c.obj
LOAD CMakeFiles/bubing_RM2025.elf.dir/code_mf/Src/refree_task.c.obj
LOAD CMakeFiles/bubing_RM2025.elf.dir/code_mf/Src/remote_control.c.obj
LOAD CMakeFiles/bubing_RM2025.elf.dir/code_mf/Src/servo_task.c.obj
LOAD CMakeFiles/bubing_RM2025.elf.dir/code_mf/Src/shoot_control.c.obj
LOAD CMakeFiles/bubing_RM2025.elf.dir/code_mf/Src/uart_callback.c.obj
LOAD CMakeFiles/bubing_RM2025.elf.dir/code_mf/Src/uart_printf.c.obj
LOAD CMakeFiles/bubing_RM2025.elf.dir/code_mf/Src/uart_sent.c.obj
START GROUP
LOAD C:/CLionToolchains/gcc-arm-none-eabi-10.3-2021.10/bin/../lib/gcc/arm-none-eabi/13.3.1/thumb/v7e-m+fp/hard\libgcc.a
LOAD C:/CLionToolchains/gcc-arm-none-eabi-10.3-2021.10/bin/../lib/gcc/arm-none-eabi/13.3.1/thumb/v7e-m+fp/hard\libg.a
LOAD C:/CLionToolchains/gcc-arm-none-eabi-10.3-2021.10/bin/../lib/gcc/arm-none-eabi/13.3.1/thumb/v7e-m+fp/hard\libc.a
END GROUP
LOAD C:/CLionToolchains/gcc-arm-none-eabi-10.3-2021.10/bin/../lib/gcc/arm-none-eabi/13.3.1/thumb/v7e-m+fp/hard/crtend.o
LOAD C:/CLionToolchains/gcc-arm-none-eabi-10.3-2021.10/bin/../lib/gcc/arm-none-eabi/13.3.1/thumb/v7e-m+fp/hard/crtn.o
                0x20020000                        _estack = (ORIGIN (RAM) + LENGTH (RAM))
                0x00000200                        _Min_Heap_Size = 0x200
                0x00000400                        _Min_Stack_Size = 0x400

.isr_vector     0x08000000      0x188
                0x08000000                        . = ALIGN (0x4)
 *(.isr_vector)
 .isr_vector    0x08000000      0x188 CMakeFiles/bubing_RM2025.elf.dir/Core/Startup/startup_stm32f407ighx.s.obj
                0x08000000                g_pfnVectors
                0x08000188                        . = ALIGN (0x4)

.text           0x080001c0     0xeba8
                0x080001c0                        . = ALIGN (0x4)
 *(.text)
 .text          0x080001c0      0x378 C:/CLionToolchains/gcc-arm-none-eabi-10.3-2021.10/bin/../lib/gcc/arm-none-eabi/13.3.1/thumb/v7e-m+fp/hard\libgcc.a(_arm_addsubdf3.o)
                0x080001c0                __aeabi_drsub
                0x080001c8                __aeabi_dsub
                0x080001c8                __subdf3
                0x080001cc                __aeabi_dadd
                0x080001cc                __adddf3
                0x08000444                __floatunsidf
                0x08000444                __aeabi_ui2d
                0x08000464                __floatsidf
                0x08000464                __aeabi_i2d
                0x08000488                __aeabi_f2d
                0x08000488                __extendsfdf2
                0x080004cc                __floatundidf
                0x080004cc                __aeabi_ul2d
                0x080004dc                __floatdidf
                0x080004dc                __aeabi_l2d
 .text          0x08000538       0xa0 C:/CLionToolchains/gcc-arm-none-eabi-10.3-2021.10/bin/../lib/gcc/arm-none-eabi/13.3.1/thumb/v7e-m+fp/hard\libgcc.a(_arm_truncdfsf2.o)
                0x08000538                __truncdfsf2
                0x08000538                __aeabi_d2f
 .text          0x080005d8       0x30 C:/CLionToolchains/gcc-arm-none-eabi-10.3-2021.10/bin/../lib/gcc/arm-none-eabi/13.3.1/thumb/v7e-m+fp/hard\libgcc.a(_aeabi_uldivmod.o)
                0x080005d8                __aeabi_uldivmod
 .text          0x08000608        0x4 C:/CLionToolchains/gcc-arm-none-eabi-10.3-2021.10/bin/../lib/gcc/arm-none-eabi/13.3.1/thumb/v7e-m+fp/hard\libgcc.a(_dvmd_tls.o)
                0x08000608                __aeabi_idiv0
                0x08000608                __aeabi_ldiv0
 .text          0x0800060c      0x134 C:/CLionToolchains/gcc-arm-none-eabi-10.3-2021.10/bin/../lib/gcc/arm-none-eabi/13.3.1/thumb/v7e-m+fp/hard\libg.a(libc_a-memcpy.o)
                0x0800060c                memcpy
 .text          0x08000740       0xa0 C:/CLionToolchains/gcc-arm-none-eabi-10.3-2021.10/bin/../lib/gcc/arm-none-eabi/13.3.1/thumb/v7e-m+fp/hard\libg.a(libc_a-memchr.o)
                0x08000740                memchr
 *fill*         0x080007e0       0x20 
 .text          0x08000800       0xd8 C:/CLionToolchains/gcc-arm-none-eabi-10.3-2021.10/bin/../lib/gcc/arm-none-eabi/13.3.1/thumb/v7e-m+fp/hard\libg.a(libc_a-strlen.o)
                0x08000800                strlen
 .text          0x080008d8      0x424 C:/CLionToolchains/gcc-arm-none-eabi-10.3-2021.10/bin/../lib/gcc/arm-none-eabi/13.3.1/thumb/v7e-m+fp/hard\libgcc.a(_arm_muldivdf3.o)
                0x080008d8                __aeabi_dmul
                0x080008d8                __muldf3
                0x08000b2c                __divdf3
                0x08000b2c                __aeabi_ddiv
 .text          0x08000cfc      0x110 C:/CLionToolchains/gcc-arm-none-eabi-10.3-2021.10/bin/../lib/gcc/arm-none-eabi/13.3.1/thumb/v7e-m+fp/hard\libgcc.a(_arm_cmpdf2.o)
                0x08000cfc                __gtdf2
                0x08000cfc                __gedf2
                0x08000d04                __ltdf2
                0x08000d04                __ledf2
                0x08000d0c                __nedf2
                0x08000d0c                __eqdf2
                0x08000d0c                __cmpdf2
                0x08000d88                __aeabi_cdrcmple
                0x08000d98                __aeabi_cdcmpeq
                0x08000d98                __aeabi_cdcmple
                0x08000da8                __aeabi_dcmpeq
                0x08000dbc                __aeabi_dcmplt
                0x08000dd0                __aeabi_dcmple
                0x08000de4                __aeabi_dcmpge
                0x08000df8                __aeabi_dcmpgt
 .text          0x08000e0c       0x2c C:/CLionToolchains/gcc-arm-none-eabi-10.3-2021.10/bin/../lib/gcc/arm-none-eabi/13.3.1/thumb/v7e-m+fp/hard\libgcc.a(_arm_unorddf2.o)
                0x08000e0c                __unorddf2
                0x08000e0c                __aeabi_dcmpun
 .text          0x08000e38       0x50 C:/CLionToolchains/gcc-arm-none-eabi-10.3-2021.10/bin/../lib/gcc/arm-none-eabi/13.3.1/thumb/v7e-m+fp/hard\libgcc.a(_arm_fixdfsi.o)
                0x08000e38                __aeabi_d2iz
                0x08000e38                __fixdfsi
 *(.text*)
 .text.deregister_tm_clones
                0x08000e88       0x1c C:/CLionToolchains/gcc-arm-none-eabi-10.3-2021.10/bin/../lib/gcc/arm-none-eabi/13.3.1/thumb/v7e-m+fp/hard/crtbegin.o
 .text.register_tm_clones
                0x08000ea4       0x24 C:/CLionToolchains/gcc-arm-none-eabi-10.3-2021.10/bin/../lib/gcc/arm-none-eabi/13.3.1/thumb/v7e-m+fp/hard/crtbegin.o
 .text.__do_global_dtors_aux
                0x08000ec8       0x28 C:/CLionToolchains/gcc-arm-none-eabi-10.3-2021.10/bin/../lib/gcc/arm-none-eabi/13.3.1/thumb/v7e-m+fp/hard/crtbegin.o
 .text.frame_dummy
                0x08000ef0       0x24 C:/CLionToolchains/gcc-arm-none-eabi-10.3-2021.10/bin/../lib/gcc/arm-none-eabi/13.3.1/thumb/v7e-m+fp/hard/crtbegin.o
 .text.MX_CAN1_Init
                0x08000f14       0x40 CMakeFiles/bubing_RM2025.elf.dir/Core/Src/can.c.obj
                0x08000f14                MX_CAN1_Init
 .text.MX_CAN2_Init
                0x08000f54       0x40 CMakeFiles/bubing_RM2025.elf.dir/Core/Src/can.c.obj
                0x08000f54                MX_CAN2_Init
 .text.HAL_CAN_MspInit
                0x08000f94      0x120 CMakeFiles/bubing_RM2025.elf.dir/Core/Src/can.c.obj
                0x08000f94                HAL_CAN_MspInit
 .text.MX_DMA_Init
                0x080010b4       0x78 CMakeFiles/bubing_RM2025.elf.dir/Core/Src/dma.c.obj
                0x080010b4                MX_DMA_Init
 .text.StartDefaultTask
                0x0800112c        0xa CMakeFiles/bubing_RM2025.elf.dir/Core/Src/freertos.c.obj
                0x0800112c                StartDefaultTask
 *fill*         0x08001136        0x2 
 .text.vApplicationGetIdleTaskMemory
                0x08001138       0x18 CMakeFiles/bubing_RM2025.elf.dir/Core/Src/freertos.c.obj
                0x08001138                vApplicationGetIdleTaskMemory
 .text.MX_FREERTOS_Init
                0x08001150      0x1e8 CMakeFiles/bubing_RM2025.elf.dir/Core/Src/freertos.c.obj
                0x08001150                MX_FREERTOS_Init
 .text.MX_GPIO_Init
                0x08001338      0x144 CMakeFiles/bubing_RM2025.elf.dir/Core/Src/gpio.c.obj
                0x08001338                MX_GPIO_Init
 .text.HAL_TIM_PeriodElapsedCallback
                0x0800147c       0x18 CMakeFiles/bubing_RM2025.elf.dir/Core/Src/main.c.obj
                0x0800147c                HAL_TIM_PeriodElapsedCallback
 .text.Error_Handler
                0x08001494        0x4 CMakeFiles/bubing_RM2025.elf.dir/Core/Src/main.c.obj
                0x08001494                Error_Handler
 .text.SystemClock_Config
                0x08001498       0xa8 CMakeFiles/bubing_RM2025.elf.dir/Core/Src/main.c.obj
                0x08001498                SystemClock_Config
 .text.main     0x08001540       0xe8 CMakeFiles/bubing_RM2025.elf.dir/Core/Src/main.c.obj
                0x08001540                main
 .text.MX_SPI1_Init
                0x08001628       0x48 CMakeFiles/bubing_RM2025.elf.dir/Core/Src/spi.c.obj
                0x08001628                MX_SPI1_Init
 .text.HAL_SPI_MspInit
                0x08001670       0x98 CMakeFiles/bubing_RM2025.elf.dir/Core/Src/spi.c.obj
                0x08001670                HAL_SPI_MspInit
 .text.HAL_MspInit
                0x08001708       0x44 CMakeFiles/bubing_RM2025.elf.dir/Core/Src/stm32f4xx_hal_msp.c.obj
                0x08001708                HAL_MspInit
 .text.HAL_InitTick
                0x0800174c       0xa4 CMakeFiles/bubing_RM2025.elf.dir/Core/Src/stm32f4xx_hal_timebase_tim.c.obj
                0x0800174c                HAL_InitTick
 .text.NMI_Handler
                0x080017f0        0x2 CMakeFiles/bubing_RM2025.elf.dir/Core/Src/stm32f4xx_it.c.obj
                0x080017f0                NMI_Handler
 .text.HardFault_Handler
                0x080017f2        0x2 CMakeFiles/bubing_RM2025.elf.dir/Core/Src/stm32f4xx_it.c.obj
                0x080017f2                HardFault_Handler
 .text.MemManage_Handler
                0x080017f4        0x2 CMakeFiles/bubing_RM2025.elf.dir/Core/Src/stm32f4xx_it.c.obj
                0x080017f4                MemManage_Handler
 .text.BusFault_Handler
                0x080017f6        0x2 CMakeFiles/bubing_RM2025.elf.dir/Core/Src/stm32f4xx_it.c.obj
                0x080017f6                BusFault_Handler
 .text.UsageFault_Handler
                0x080017f8        0x2 CMakeFiles/bubing_RM2025.elf.dir/Core/Src/stm32f4xx_it.c.obj
                0x080017f8                UsageFault_Handler
 .text.DebugMon_Handler
                0x080017fa        0x2 CMakeFiles/bubing_RM2025.elf.dir/Core/Src/stm32f4xx_it.c.obj
                0x080017fa                DebugMon_Handler
 .text.DMA1_Stream1_IRQHandler
                0x080017fc       0x10 CMakeFiles/bubing_RM2025.elf.dir/Core/Src/stm32f4xx_it.c.obj
                0x080017fc                DMA1_Stream1_IRQHandler
 .text.CAN1_RX0_IRQHandler
                0x0800180c       0x10 CMakeFiles/bubing_RM2025.elf.dir/Core/Src/stm32f4xx_it.c.obj
                0x0800180c                CAN1_RX0_IRQHandler
 .text.USART1_IRQHandler
                0x0800181c       0x10 CMakeFiles/bubing_RM2025.elf.dir/Core/Src/stm32f4xx_it.c.obj
                0x0800181c                USART1_IRQHandler
 .text.TIM7_IRQHandler
                0x0800182c       0x10 CMakeFiles/bubing_RM2025.elf.dir/Core/Src/stm32f4xx_it.c.obj
                0x0800182c                TIM7_IRQHandler
 .text.DMA2_Stream1_IRQHandler
                0x0800183c       0x10 CMakeFiles/bubing_RM2025.elf.dir/Core/Src/stm32f4xx_it.c.obj
                0x0800183c                DMA2_Stream1_IRQHandler
 .text.DMA2_Stream2_IRQHandler
                0x0800184c       0x10 CMakeFiles/bubing_RM2025.elf.dir/Core/Src/stm32f4xx_it.c.obj
                0x0800184c                DMA2_Stream2_IRQHandler
 .text.CAN2_RX0_IRQHandler
                0x0800185c       0x10 CMakeFiles/bubing_RM2025.elf.dir/Core/Src/stm32f4xx_it.c.obj
                0x0800185c                CAN2_RX0_IRQHandler
 .text.DMA2_Stream6_IRQHandler
                0x0800186c       0x10 CMakeFiles/bubing_RM2025.elf.dir/Core/Src/stm32f4xx_it.c.obj
                0x0800186c                DMA2_Stream6_IRQHandler
 .text.USART6_IRQHandler
                0x0800187c       0x10 CMakeFiles/bubing_RM2025.elf.dir/Core/Src/stm32f4xx_it.c.obj
                0x0800187c                USART6_IRQHandler
 .text._getpid  0x0800188c        0x4 CMakeFiles/bubing_RM2025.elf.dir/Core/Src/syscalls.c.obj
                0x0800188c                _getpid
 .text._kill    0x08001890       0x10 CMakeFiles/bubing_RM2025.elf.dir/Core/Src/syscalls.c.obj
                0x08001890                _kill
 .text._exit    0x080018a0        0xc CMakeFiles/bubing_RM2025.elf.dir/Core/Src/syscalls.c.obj
                0x080018a0                _exit
 .text._read    0x080018ac       0x20 CMakeFiles/bubing_RM2025.elf.dir/Core/Src/syscalls.c.obj
                0x080018ac                _read
 .text._write   0x080018cc       0x1c CMakeFiles/bubing_RM2025.elf.dir/Core/Src/syscalls.c.obj
                0x080018cc                _write
 .text._close   0x080018e8        0x6 CMakeFiles/bubing_RM2025.elf.dir/Core/Src/syscalls.c.obj
                0x080018e8                _close
 .text._fstat   0x080018ee        0xa CMakeFiles/bubing_RM2025.elf.dir/Core/Src/syscalls.c.obj
                0x080018ee                _fstat
 .text._isatty  0x080018f8        0x4 CMakeFiles/bubing_RM2025.elf.dir/Core/Src/syscalls.c.obj
                0x080018f8                _isatty
 .text._lseek   0x080018fc        0x4 CMakeFiles/bubing_RM2025.elf.dir/Core/Src/syscalls.c.obj
                0x080018fc                _lseek
 .text._sbrk    0x08001900       0x48 CMakeFiles/bubing_RM2025.elf.dir/Core/Src/sysmem.c.obj
                0x08001900                _sbrk
 .text.SystemInit
                0x08001948       0x14 CMakeFiles/bubing_RM2025.elf.dir/Core/Src/system_stm32f4xx.c.obj
                0x08001948                SystemInit
 .text.HAL_TIM_Base_MspInit
                0x0800195c       0x54 CMakeFiles/bubing_RM2025.elf.dir/Core/Src/tim.c.obj
                0x0800195c                HAL_TIM_Base_MspInit
 .text.HAL_TIM_MspPostInit
                0x080019b0       0xc0 CMakeFiles/bubing_RM2025.elf.dir/Core/Src/tim.c.obj
                0x080019b0                HAL_TIM_MspPostInit
 .text.MX_TIM1_Init
                0x08001a70      0x124 CMakeFiles/bubing_RM2025.elf.dir/Core/Src/tim.c.obj
                0x08001a70                MX_TIM1_Init
 .text.MX_TIM8_Init
                0x08001b94      0x110 CMakeFiles/bubing_RM2025.elf.dir/Core/Src/tim.c.obj
                0x08001b94                MX_TIM8_Init
 .text.MX_USART1_UART_Init
                0x08001ca4       0x34 CMakeFiles/bubing_RM2025.elf.dir/Core/Src/usart.c.obj
                0x08001ca4                MX_USART1_UART_Init
 .text.MX_USART3_UART_Init
                0x08001cd8       0x3c CMakeFiles/bubing_RM2025.elf.dir/Core/Src/usart.c.obj
                0x08001cd8                MX_USART3_UART_Init
 .text.MX_USART6_UART_Init
                0x08001d14       0x34 CMakeFiles/bubing_RM2025.elf.dir/Core/Src/usart.c.obj
                0x08001d14                MX_USART6_UART_Init
 .text.HAL_UART_MspInit
                0x08001d48      0x290 CMakeFiles/bubing_RM2025.elf.dir/Core/Src/usart.c.obj
                0x08001d48                HAL_UART_MspInit
 .text.Reset_Handler
                0x08001fd8       0x50 CMakeFiles/bubing_RM2025.elf.dir/Core/Startup/startup_stm32f407ighx.s.obj
                0x08001fd8                Reset_Handler
 .text.Default_Handler
                0x08002028        0x2 CMakeFiles/bubing_RM2025.elf.dir/Core/Startup/startup_stm32f407ighx.s.obj
                0x08002028                RTC_Alarm_IRQHandler
                0x08002028                HASH_RNG_IRQHandler
                0x08002028                EXTI2_IRQHandler
                0x08002028                TIM8_CC_IRQHandler
                0x08002028                TIM1_CC_IRQHandler
                0x08002028                DMA2_Stream5_IRQHandler
                0x08002028                DMA1_Stream5_IRQHandler
                0x08002028                PVD_IRQHandler
                0x08002028                SDIO_IRQHandler
                0x08002028                TAMP_STAMP_IRQHandler
                0x08002028                CAN2_RX1_IRQHandler
                0x08002028                EXTI3_IRQHandler
                0x08002028                TIM8_TRG_COM_TIM14_IRQHandler
                0x08002028                TIM1_UP_TIM10_IRQHandler
                0x08002028                TIM8_UP_TIM13_IRQHandler
                0x08002028                I2C3_ER_IRQHandler
                0x08002028                EXTI0_IRQHandler
                0x08002028                I2C2_EV_IRQHandler
                0x08002028                DMA1_Stream2_IRQHandler
                0x08002028                FPU_IRQHandler
                0x08002028                OTG_HS_WKUP_IRQHandler
                0x08002028                CAN2_SCE_IRQHandler
                0x08002028                SPI1_IRQHandler
                0x08002028                TIM6_DAC_IRQHandler
                0x08002028                TIM1_BRK_TIM9_IRQHandler
                0x08002028                DCMI_IRQHandler
                0x08002028                DMA2_Stream3_IRQHandler
                0x08002028                CAN1_RX1_IRQHandler
                0x08002028                UART5_IRQHandler
                0x08002028                DMA2_Stream0_IRQHandler
                0x08002028                TIM4_IRQHandler
                0x08002028                I2C1_EV_IRQHandler
                0x08002028                DMA1_Stream6_IRQHandler
                0x08002028                UART4_IRQHandler
                0x08002028                TIM3_IRQHandler
                0x08002028                RCC_IRQHandler
                0x08002028                TIM8_BRK_TIM12_IRQHandler
                0x08002028                Default_Handler
                0x08002028                EXTI15_10_IRQHandler
                0x08002028                ADC_IRQHandler
                0x08002028                DMA1_Stream7_IRQHandler
                0x08002028                CAN2_TX_IRQHandler
                0x08002028                TIM5_IRQHandler
                0x08002028                DMA2_Stream7_IRQHandler
                0x08002028                I2C3_EV_IRQHandler
                0x08002028                EXTI9_5_IRQHandler
                0x08002028                RTC_WKUP_IRQHandler
                0x08002028                ETH_WKUP_IRQHandler
                0x08002028                SPI2_IRQHandler
                0x08002028                OTG_HS_EP1_IN_IRQHandler
                0x08002028                DMA1_Stream0_IRQHandler
                0x08002028                CAN1_TX_IRQHandler
                0x08002028                EXTI4_IRQHandler
                0x08002028                FSMC_IRQHandler
                0x08002028                ETH_IRQHandler
                0x08002028                OTG_HS_EP1_OUT_IRQHandler
                0x08002028                WWDG_IRQHandler
                0x08002028                TIM2_IRQHandler
                0x08002028                OTG_FS_WKUP_IRQHandler
                0x08002028                TIM1_TRG_COM_TIM11_IRQHandler
                0x08002028                OTG_HS_IRQHandler
                0x08002028                EXTI1_IRQHandler
                0x08002028                USART2_IRQHandler
                0x08002028                I2C2_ER_IRQHandler
                0x08002028                CAN1_SCE_IRQHandler
                0x08002028                FLASH_IRQHandler
                0x08002028                DMA2_Stream4_IRQHandler
                0x08002028                OTG_FS_IRQHandler
                0x08002028                SPI3_IRQHandler
                0x08002028                DMA1_Stream4_IRQHandler
                0x08002028                I2C1_ER_IRQHandler
                0x08002028                DMA1_Stream3_IRQHandler
 *fill*         0x0800202a        0x2 
 .text.HAL_Init
                0x0800202c       0x34 CMakeFiles/bubing_RM2025.elf.dir/Drivers/STM32F4xx_HAL_Driver/Src/stm32f4xx_hal.c.obj
                0x0800202c                HAL_Init
 .text.HAL_IncTick
                0x08002060       0x18 CMakeFiles/bubing_RM2025.elf.dir/Drivers/STM32F4xx_HAL_Driver/Src/stm32f4xx_hal.c.obj
                0x08002060                HAL_IncTick
 .text.HAL_GetTick
                0x08002078        0xc CMakeFiles/bubing_RM2025.elf.dir/Drivers/STM32F4xx_HAL_Driver/Src/stm32f4xx_hal.c.obj
                0x08002078                HAL_GetTick
 .text.HAL_CAN_Init
                0x08002084      0x14c CMakeFiles/bubing_RM2025.elf.dir/Drivers/STM32F4xx_HAL_Driver/Src/stm32f4xx_hal_can.c.obj
                0x08002084                HAL_CAN_Init
 .text.HAL_CAN_ConfigFilter
                0x080021d0      0x138 CMakeFiles/bubing_RM2025.elf.dir/Drivers/STM32F4xx_HAL_Driver/Src/stm32f4xx_hal_can.c.obj
                0x080021d0                HAL_CAN_ConfigFilter
 .text.HAL_CAN_Start
                0x08002308       0x5c CMakeFiles/bubing_RM2025.elf.dir/Drivers/STM32F4xx_HAL_Driver/Src/stm32f4xx_hal_can.c.obj
                0x08002308                HAL_CAN_Start
 .text.HAL_CAN_AddTxMessage
                0x08002364       0xea CMakeFiles/bubing_RM2025.elf.dir/Drivers/STM32F4xx_HAL_Driver/Src/stm32f4xx_hal_can.c.obj
                0x08002364                HAL_CAN_AddTxMessage
 .text.HAL_CAN_GetRxMessage
                0x0800244e      0x16a CMakeFiles/bubing_RM2025.elf.dir/Drivers/STM32F4xx_HAL_Driver/Src/stm32f4xx_hal_can.c.obj
                0x0800244e                HAL_CAN_GetRxMessage
 .text.HAL_CAN_ActivateNotification
                0x080025b8       0x24 CMakeFiles/bubing_RM2025.elf.dir/Drivers/STM32F4xx_HAL_Driver/Src/stm32f4xx_hal_can.c.obj
                0x080025b8                HAL_CAN_ActivateNotification
 .text.HAL_CAN_TxMailbox0CompleteCallback
                0x080025dc        0x2 CMakeFiles/bubing_RM2025.elf.dir/Drivers/STM32F4xx_HAL_Driver/Src/stm32f4xx_hal_can.c.obj
                0x080025dc                HAL_CAN_TxMailbox0CompleteCallback
 .text.HAL_CAN_TxMailbox1CompleteCallback
                0x080025de        0x2 CMakeFiles/bubing_RM2025.elf.dir/Drivers/STM32F4xx_HAL_Driver/Src/stm32f4xx_hal_can.c.obj
                0x080025de                HAL_CAN_TxMailbox1CompleteCallback
 .text.HAL_CAN_TxMailbox2CompleteCallback
                0x080025e0        0x2 CMakeFiles/bubing_RM2025.elf.dir/Drivers/STM32F4xx_HAL_Driver/Src/stm32f4xx_hal_can.c.obj
                0x080025e0                HAL_CAN_TxMailbox2CompleteCallback
 .text.HAL_CAN_TxMailbox0AbortCallback
                0x080025e2        0x2 CMakeFiles/bubing_RM2025.elf.dir/Drivers/STM32F4xx_HAL_Driver/Src/stm32f4xx_hal_can.c.obj
                0x080025e2                HAL_CAN_TxMailbox0AbortCallback
 .text.HAL_CAN_TxMailbox1AbortCallback
                0x080025e4        0x2 CMakeFiles/bubing_RM2025.elf.dir/Drivers/STM32F4xx_HAL_Driver/Src/stm32f4xx_hal_can.c.obj
                0x080025e4                HAL_CAN_TxMailbox1AbortCallback
 .text.HAL_CAN_TxMailbox2AbortCallback
                0x080025e6        0x2 CMakeFiles/bubing_RM2025.elf.dir/Drivers/STM32F4xx_HAL_Driver/Src/stm32f4xx_hal_can.c.obj
                0x080025e6                HAL_CAN_TxMailbox2AbortCallback
 .text.HAL_CAN_RxFifo0FullCallback
                0x080025e8        0x2 CMakeFiles/bubing_RM2025.elf.dir/Drivers/STM32F4xx_HAL_Driver/Src/stm32f4xx_hal_can.c.obj
                0x080025e8                HAL_CAN_RxFifo0FullCallback
 .text.HAL_CAN_RxFifo1MsgPendingCallback
                0x080025ea        0x2 CMakeFiles/bubing_RM2025.elf.dir/Drivers/STM32F4xx_HAL_Driver/Src/stm32f4xx_hal_can.c.obj
                0x080025ea                HAL_CAN_RxFifo1MsgPendingCallback
 .text.HAL_CAN_RxFifo1FullCallback
                0x080025ec        0x2 CMakeFiles/bubing_RM2025.elf.dir/Drivers/STM32F4xx_HAL_Driver/Src/stm32f4xx_hal_can.c.obj
                0x080025ec                HAL_CAN_RxFifo1FullCallback
 .text.HAL_CAN_SleepCallback
                0x080025ee        0x2 CMakeFiles/bubing_RM2025.elf.dir/Drivers/STM32F4xx_HAL_Driver/Src/stm32f4xx_hal_can.c.obj
                0x080025ee                HAL_CAN_SleepCallback
 .text.HAL_CAN_WakeUpFromRxMsgCallback
                0x080025f0        0x2 CMakeFiles/bubing_RM2025.elf.dir/Drivers/STM32F4xx_HAL_Driver/Src/stm32f4xx_hal_can.c.obj
                0x080025f0                HAL_CAN_WakeUpFromRxMsgCallback
 .text.HAL_CAN_ErrorCallback
                0x080025f2        0x2 CMakeFiles/bubing_RM2025.elf.dir/Drivers/STM32F4xx_HAL_Driver/Src/stm32f4xx_hal_can.c.obj
                0x080025f2                HAL_CAN_ErrorCallback
 .text.HAL_CAN_IRQHandler
                0x080025f4      0x250 CMakeFiles/bubing_RM2025.elf.dir/Drivers/STM32F4xx_HAL_Driver/Src/stm32f4xx_hal_can.c.obj
                0x080025f4                HAL_CAN_IRQHandler
 .text.__NVIC_EnableIRQ
                0x08002844       0x1c CMakeFiles/bubing_RM2025.elf.dir/Drivers/STM32F4xx_HAL_Driver/Src/stm32f4xx_hal_cortex.c.obj
 .text.__NVIC_SetPriority
                0x08002860       0x28 CMakeFiles/bubing_RM2025.elf.dir/Drivers/STM32F4xx_HAL_Driver/Src/stm32f4xx_hal_cortex.c.obj
 .text.NVIC_EncodePriority
                0x08002888       0x3e CMakeFiles/bubing_RM2025.elf.dir/Drivers/STM32F4xx_HAL_Driver/Src/stm32f4xx_hal_cortex.c.obj
 *fill*         0x080028c6        0x2 
 .text.HAL_NVIC_SetPriorityGrouping
                0x080028c8       0x24 CMakeFiles/bubing_RM2025.elf.dir/Drivers/STM32F4xx_HAL_Driver/Src/stm32f4xx_hal_cortex.c.obj
                0x080028c8                HAL_NVIC_SetPriorityGrouping
 .text.HAL_NVIC_SetPriority
                0x080028ec       0x20 CMakeFiles/bubing_RM2025.elf.dir/Drivers/STM32F4xx_HAL_Driver/Src/stm32f4xx_hal_cortex.c.obj
                0x080028ec                HAL_NVIC_SetPriority
 .text.HAL_NVIC_EnableIRQ
                0x0800290c        0x8 CMakeFiles/bubing_RM2025.elf.dir/Drivers/STM32F4xx_HAL_Driver/Src/stm32f4xx_hal_cortex.c.obj
                0x0800290c                HAL_NVIC_EnableIRQ
 .text.DMA_SetConfig
                0x08002914       0x2c CMakeFiles/bubing_RM2025.elf.dir/Drivers/STM32F4xx_HAL_Driver/Src/stm32f4xx_hal_dma.c.obj
 .text.DMA_CalcBaseAndBitshift
                0x08002940       0x3c CMakeFiles/bubing_RM2025.elf.dir/Drivers/STM32F4xx_HAL_Driver/Src/stm32f4xx_hal_dma.c.obj
 .text.DMA_CheckFifoParam
                0x0800297c       0x8e CMakeFiles/bubing_RM2025.elf.dir/Drivers/STM32F4xx_HAL_Driver/Src/stm32f4xx_hal_dma.c.obj
 *fill*         0x08002a0a        0x2 
 .text.HAL_DMA_Init
                0x08002a0c       0xcc CMakeFiles/bubing_RM2025.elf.dir/Drivers/STM32F4xx_HAL_Driver/Src/stm32f4xx_hal_dma.c.obj
                0x08002a0c                HAL_DMA_Init
 .text.HAL_DMA_Start_IT
                0x08002ad8       0x6a CMakeFiles/bubing_RM2025.elf.dir/Drivers/STM32F4xx_HAL_Driver/Src/stm32f4xx_hal_dma.c.obj
                0x08002ad8                HAL_DMA_Start_IT
 .text.HAL_DMA_Abort
                0x08002b42       0x94 CMakeFiles/bubing_RM2025.elf.dir/Drivers/STM32F4xx_HAL_Driver/Src/stm32f4xx_hal_dma.c.obj
                0x08002b42                HAL_DMA_Abort
 .text.HAL_DMA_Abort_IT
                0x08002bd6       0x26 CMakeFiles/bubing_RM2025.elf.dir/Drivers/STM32F4xx_HAL_Driver/Src/stm32f4xx_hal_dma.c.obj
                0x08002bd6                HAL_DMA_Abort_IT
 .text.HAL_DMA_IRQHandler
                0x08002bfc      0x1dc CMakeFiles/bubing_RM2025.elf.dir/Drivers/STM32F4xx_HAL_Driver/Src/stm32f4xx_hal_dma.c.obj
                0x08002bfc                HAL_DMA_IRQHandler
 .text.HAL_GPIO_Init
                0x08002dd8      0x1ec CMakeFiles/bubing_RM2025.elf.dir/Drivers/STM32F4xx_HAL_Driver/Src/stm32f4xx_hal_gpio.c.obj
                0x08002dd8                HAL_GPIO_Init
 .text.HAL_GPIO_WritePin
                0x08002fc4        0xc CMakeFiles/bubing_RM2025.elf.dir/Drivers/STM32F4xx_HAL_Driver/Src/stm32f4xx_hal_gpio.c.obj
                0x08002fc4                HAL_GPIO_WritePin
 .text.HAL_GPIO_TogglePin
                0x08002fd0       0x12 CMakeFiles/bubing_RM2025.elf.dir/Drivers/STM32F4xx_HAL_Driver/Src/stm32f4xx_hal_gpio.c.obj
                0x08002fd0                HAL_GPIO_TogglePin
 *fill*         0x08002fe2        0x2 
 .text.HAL_RCC_OscConfig
                0x08002fe4      0x3f8 CMakeFiles/bubing_RM2025.elf.dir/Drivers/STM32F4xx_HAL_Driver/Src/stm32f4xx_hal_rcc.c.obj
                0x08002fe4                HAL_RCC_OscConfig
 .text.HAL_RCC_GetSysClockFreq
                0x080033dc       0xa8 CMakeFiles/bubing_RM2025.elf.dir/Drivers/STM32F4xx_HAL_Driver/Src/stm32f4xx_hal_rcc.c.obj
                0x080033dc                HAL_RCC_GetSysClockFreq
 .text.HAL_RCC_ClockConfig
                0x08003484      0x160 CMakeFiles/bubing_RM2025.elf.dir/Drivers/STM32F4xx_HAL_Driver/Src/stm32f4xx_hal_rcc.c.obj
                0x08003484                HAL_RCC_ClockConfig
 .text.HAL_RCC_GetHCLKFreq
                0x080035e4        0xc CMakeFiles/bubing_RM2025.elf.dir/Drivers/STM32F4xx_HAL_Driver/Src/stm32f4xx_hal_rcc.c.obj
                0x080035e4                HAL_RCC_GetHCLKFreq
 .text.HAL_RCC_GetPCLK1Freq
                0x080035f0       0x20 CMakeFiles/bubing_RM2025.elf.dir/Drivers/STM32F4xx_HAL_Driver/Src/stm32f4xx_hal_rcc.c.obj
                0x080035f0                HAL_RCC_GetPCLK1Freq
 .text.HAL_RCC_GetPCLK2Freq
                0x08003610       0x20 CMakeFiles/bubing_RM2025.elf.dir/Drivers/STM32F4xx_HAL_Driver/Src/stm32f4xx_hal_rcc.c.obj
                0x08003610                HAL_RCC_GetPCLK2Freq
 .text.HAL_RCC_GetClockConfig
                0x08003630       0x3c CMakeFiles/bubing_RM2025.elf.dir/Drivers/STM32F4xx_HAL_Driver/Src/stm32f4xx_hal_rcc.c.obj
                0x08003630                HAL_RCC_GetClockConfig
 .text.SPI_WaitFlagStateUntilTimeout
                0x0800366c       0xc8 CMakeFiles/bubing_RM2025.elf.dir/Drivers/STM32F4xx_HAL_Driver/Src/stm32f4xx_hal_spi.c.obj
 .text.SPI_EndRxTxTransaction
                0x08003734       0x80 CMakeFiles/bubing_RM2025.elf.dir/Drivers/STM32F4xx_HAL_Driver/Src/stm32f4xx_hal_spi.c.obj
 .text.HAL_SPI_Init
                0x080037b4       0xbe CMakeFiles/bubing_RM2025.elf.dir/Drivers/STM32F4xx_HAL_Driver/Src/stm32f4xx_hal_spi.c.obj
                0x080037b4                HAL_SPI_Init
 .text.HAL_SPI_TransmitReceive
                0x08003872      0x254 CMakeFiles/bubing_RM2025.elf.dir/Drivers/STM32F4xx_HAL_Driver/Src/stm32f4xx_hal_spi.c.obj
                0x08003872                HAL_SPI_TransmitReceive
 *fill*         0x08003ac6        0x2 
 .text.TIM_OC1_SetConfig
                0x08003ac8       0x70 CMakeFiles/bubing_RM2025.elf.dir/Drivers/STM32F4xx_HAL_Driver/Src/stm32f4xx_hal_tim.c.obj
 .text.TIM_OC3_SetConfig
                0x08003b38       0x70 CMakeFiles/bubing_RM2025.elf.dir/Drivers/STM32F4xx_HAL_Driver/Src/stm32f4xx_hal_tim.c.obj
 .text.TIM_OC4_SetConfig
                0x08003ba8       0x50 CMakeFiles/bubing_RM2025.elf.dir/Drivers/STM32F4xx_HAL_Driver/Src/stm32f4xx_hal_tim.c.obj
 .text.TIM_TI1_ConfigInputStage
                0x08003bf8       0x26 CMakeFiles/bubing_RM2025.elf.dir/Drivers/STM32F4xx_HAL_Driver/Src/stm32f4xx_hal_tim.c.obj
 .text.TIM_TI2_ConfigInputStage
                0x08003c1e       0x28 CMakeFiles/bubing_RM2025.elf.dir/Drivers/STM32F4xx_HAL_Driver/Src/stm32f4xx_hal_tim.c.obj
 .text.TIM_ITRx_SetConfig
                0x08003c46       0x10 CMakeFiles/bubing_RM2025.elf.dir/Drivers/STM32F4xx_HAL_Driver/Src/stm32f4xx_hal_tim.c.obj
 *fill*         0x08003c56        0x2 
 .text.HAL_TIM_Base_Start
                0x08003c58       0x7c CMakeFiles/bubing_RM2025.elf.dir/Drivers/STM32F4xx_HAL_Driver/Src/stm32f4xx_hal_tim.c.obj
                0x08003c58                HAL_TIM_Base_Start
 .text.HAL_TIM_Base_Start_IT
                0x08003cd4       0x88 CMakeFiles/bubing_RM2025.elf.dir/Drivers/STM32F4xx_HAL_Driver/Src/stm32f4xx_hal_tim.c.obj
                0x08003cd4                HAL_TIM_Base_Start_IT
 .text.HAL_TIM_PWM_MspInit
                0x08003d5c        0x2 CMakeFiles/bubing_RM2025.elf.dir/Drivers/STM32F4xx_HAL_Driver/Src/stm32f4xx_hal_tim.c.obj
                0x08003d5c                HAL_TIM_PWM_MspInit
 .text.HAL_TIM_OC_DelayElapsedCallback
                0x08003d5e        0x2 CMakeFiles/bubing_RM2025.elf.dir/Drivers/STM32F4xx_HAL_Driver/Src/stm32f4xx_hal_tim.c.obj
                0x08003d5e                HAL_TIM_OC_DelayElapsedCallback
 .text.HAL_TIM_IC_CaptureCallback
                0x08003d60        0x2 CMakeFiles/bubing_RM2025.elf.dir/Drivers/STM32F4xx_HAL_Driver/Src/stm32f4xx_hal_tim.c.obj
                0x08003d60                HAL_TIM_IC_CaptureCallback
 .text.HAL_TIM_PWM_PulseFinishedCallback
                0x08003d62        0x2 CMakeFiles/bubing_RM2025.elf.dir/Drivers/STM32F4xx_HAL_Driver/Src/stm32f4xx_hal_tim.c.obj
                0x08003d62                HAL_TIM_PWM_PulseFinishedCallback
 .text.HAL_TIM_TriggerCallback
                0x08003d64        0x2 CMakeFiles/bubing_RM2025.elf.dir/Drivers/STM32F4xx_HAL_Driver/Src/stm32f4xx_hal_tim.c.obj
                0x08003d64                HAL_TIM_TriggerCallback
 .text.HAL_TIM_IRQHandler
                0x08003d66      0x15e CMakeFiles/bubing_RM2025.elf.dir/Drivers/STM32F4xx_HAL_Driver/Src/stm32f4xx_hal_tim.c.obj
                0x08003d66                HAL_TIM_IRQHandler
 .text.TIM_Base_SetConfig
                0x08003ec4       0xd8 CMakeFiles/bubing_RM2025.elf.dir/Drivers/STM32F4xx_HAL_Driver/Src/stm32f4xx_hal_tim.c.obj
                0x08003ec4                TIM_Base_SetConfig
 .text.HAL_TIM_Base_Init
                0x08003f9c       0x58 CMakeFiles/bubing_RM2025.elf.dir/Drivers/STM32F4xx_HAL_Driver/Src/stm32f4xx_hal_tim.c.obj
                0x08003f9c                HAL_TIM_Base_Init
 .text.HAL_TIM_PWM_Init
                0x08003ff4       0x58 CMakeFiles/bubing_RM2025.elf.dir/Drivers/STM32F4xx_HAL_Driver/Src/stm32f4xx_hal_tim.c.obj
                0x08003ff4                HAL_TIM_PWM_Init
 .text.TIM_OC2_SetConfig
                0x0800404c       0x70 CMakeFiles/bubing_RM2025.elf.dir/Drivers/STM32F4xx_HAL_Driver/Src/stm32f4xx_hal_tim.c.obj
                0x0800404c                TIM_OC2_SetConfig
 .text.HAL_TIM_PWM_ConfigChannel
                0x080040bc       0xdc CMakeFiles/bubing_RM2025.elf.dir/Drivers/STM32F4xx_HAL_Driver/Src/stm32f4xx_hal_tim.c.obj
                0x080040bc                HAL_TIM_PWM_ConfigChannel
 .text.TIM_ETR_SetConfig
                0x08004198       0x1a CMakeFiles/bubing_RM2025.elf.dir/Drivers/STM32F4xx_HAL_Driver/Src/stm32f4xx_hal_tim.c.obj
                0x08004198                TIM_ETR_SetConfig
 .text.HAL_TIM_ConfigClockSource
                0x080041b2       0xfe CMakeFiles/bubing_RM2025.elf.dir/Drivers/STM32F4xx_HAL_Driver/Src/stm32f4xx_hal_tim.c.obj
                0x080041b2                HAL_TIM_ConfigClockSource
 .text.TIM_CCxChannelCmd
                0x080042b0       0x1e CMakeFiles/bubing_RM2025.elf.dir/Drivers/STM32F4xx_HAL_Driver/Src/stm32f4xx_hal_tim.c.obj
                0x080042b0                TIM_CCxChannelCmd
 *fill*         0x080042ce        0x2 
 .text.HAL_TIM_PWM_Start
                0x080042d0      0x104 CMakeFiles/bubing_RM2025.elf.dir/Drivers/STM32F4xx_HAL_Driver/Src/stm32f4xx_hal_tim.c.obj
                0x080042d0                HAL_TIM_PWM_Start
 .text.HAL_TIMEx_MasterConfigSynchronization
                0x080043d4       0x8c CMakeFiles/bubing_RM2025.elf.dir/Drivers/STM32F4xx_HAL_Driver/Src/stm32f4xx_hal_tim_ex.c.obj
                0x080043d4                HAL_TIMEx_MasterConfigSynchronization
 .text.HAL_TIMEx_ConfigBreakDeadTime
                0x08004460       0x52 CMakeFiles/bubing_RM2025.elf.dir/Drivers/STM32F4xx_HAL_Driver/Src/stm32f4xx_hal_tim_ex.c.obj
                0x08004460                HAL_TIMEx_ConfigBreakDeadTime
 .text.HAL_TIMEx_CommutCallback
                0x080044b2        0x2 CMakeFiles/bubing_RM2025.elf.dir/Drivers/STM32F4xx_HAL_Driver/Src/stm32f4xx_hal_tim_ex.c.obj
                0x080044b2                HAL_TIMEx_CommutCallback
 .text.HAL_TIMEx_BreakCallback
                0x080044b4        0x2 CMakeFiles/bubing_RM2025.elf.dir/Drivers/STM32F4xx_HAL_Driver/Src/stm32f4xx_hal_tim_ex.c.obj
                0x080044b4                HAL_TIMEx_BreakCallback
 .text.UART_EndTxTransfer
                0x080044b6       0x20 CMakeFiles/bubing_RM2025.elf.dir/Drivers/STM32F4xx_HAL_Driver/Src/stm32f4xx_hal_uart.c.obj
 .text.UART_EndRxTransfer
                0x080044d6       0x5c CMakeFiles/bubing_RM2025.elf.dir/Drivers/STM32F4xx_HAL_Driver/Src/stm32f4xx_hal_uart.c.obj
 .text.UART_Transmit_IT
                0x08004532       0x60 CMakeFiles/bubing_RM2025.elf.dir/Drivers/STM32F4xx_HAL_Driver/Src/stm32f4xx_hal_uart.c.obj
 *fill*         0x08004592        0x2 
 .text.UART_SetConfig
                0x08004594      0x110 CMakeFiles/bubing_RM2025.elf.dir/Drivers/STM32F4xx_HAL_Driver/Src/stm32f4xx_hal_uart.c.obj
 .text.UART_WaitOnFlagUntilTimeout
                0x080046a4       0x86 CMakeFiles/bubing_RM2025.elf.dir/Drivers/STM32F4xx_HAL_Driver/Src/stm32f4xx_hal_uart.c.obj
 .text.HAL_UART_Init
                0x0800472a       0x60 CMakeFiles/bubing_RM2025.elf.dir/Drivers/STM32F4xx_HAL_Driver/Src/stm32f4xx_hal_uart.c.obj
                0x0800472a                HAL_UART_Init
 .text.HAL_UART_Transmit
                0x0800478a       0xcc CMakeFiles/bubing_RM2025.elf.dir/Drivers/STM32F4xx_HAL_Driver/Src/stm32f4xx_hal_uart.c.obj
                0x0800478a                HAL_UART_Transmit
 .text.HAL_UART_TxCpltCallback
                0x08004856        0x2 CMakeFiles/bubing_RM2025.elf.dir/Drivers/STM32F4xx_HAL_Driver/Src/stm32f4xx_hal_uart.c.obj
                0x08004856                HAL_UART_TxCpltCallback
 .text.UART_EndTransmit_IT
                0x08004858       0x1a CMakeFiles/bubing_RM2025.elf.dir/Drivers/STM32F4xx_HAL_Driver/Src/stm32f4xx_hal_uart.c.obj
 .text.HAL_UART_RxHalfCpltCallback
                0x08004872        0x2 CMakeFiles/bubing_RM2025.elf.dir/Drivers/STM32F4xx_HAL_Driver/Src/stm32f4xx_hal_uart.c.obj
                0x08004872                HAL_UART_RxHalfCpltCallback
 .text.HAL_UART_ErrorCallback
                0x08004874        0x2 CMakeFiles/bubing_RM2025.elf.dir/Drivers/STM32F4xx_HAL_Driver/Src/stm32f4xx_hal_uart.c.obj
                0x08004874                HAL_UART_ErrorCallback
 .text.UART_DMAError
                0x08004876       0x58 CMakeFiles/bubing_RM2025.elf.dir/Drivers/STM32F4xx_HAL_Driver/Src/stm32f4xx_hal_uart.c.obj
 .text.UART_DMAAbortOnError
                0x080048ce       0x10 CMakeFiles/bubing_RM2025.elf.dir/Drivers/STM32F4xx_HAL_Driver/Src/stm32f4xx_hal_uart.c.obj
 .text.HAL_UARTEx_RxEventCallback
                0x080048de        0x2 CMakeFiles/bubing_RM2025.elf.dir/Drivers/STM32F4xx_HAL_Driver/Src/stm32f4xx_hal_uart.c.obj
                0x080048de                HAL_UARTEx_RxEventCallback
 .text.UART_Receive_IT
                0x080048e0       0xe6 CMakeFiles/bubing_RM2025.elf.dir/Drivers/STM32F4xx_HAL_Driver/Src/stm32f4xx_hal_uart.c.obj
 *fill*         0x080049c6        0x2 
 .text.HAL_UART_IRQHandler
                0x080049c8      0x284 CMakeFiles/bubing_RM2025.elf.dir/Drivers/STM32F4xx_HAL_Driver/Src/stm32f4xx_hal_uart.c.obj
                0x080049c8                HAL_UART_IRQHandler
 .text.UART_DMARxHalfCplt
                0x08004c4c       0x1e CMakeFiles/bubing_RM2025.elf.dir/Drivers/STM32F4xx_HAL_Driver/Src/stm32f4xx_hal_uart.c.obj
 .text.UART_DMAReceiveCplt
                0x08004c6a       0x9a CMakeFiles/bubing_RM2025.elf.dir/Drivers/STM32F4xx_HAL_Driver/Src/stm32f4xx_hal_uart.c.obj
 .text.UART_Start_Receive_DMA
                0x08004d04       0xa4 CMakeFiles/bubing_RM2025.elf.dir/Drivers/STM32F4xx_HAL_Driver/Src/stm32f4xx_hal_uart.c.obj
                0x08004d04                UART_Start_Receive_DMA
 .text.HAL_UART_Receive_DMA
                0x08004da8       0x26 CMakeFiles/bubing_RM2025.elf.dir/Drivers/STM32F4xx_HAL_Driver/Src/stm32f4xx_hal_uart.c.obj
                0x08004da8                HAL_UART_Receive_DMA
 .text.makeFreeRtosPriority
                0x08004dce        0xc CMakeFiles/bubing_RM2025.elf.dir/Middlewares/Third_Party/FreeRTOS/Source/CMSIS_RTOS/cmsis_os.c.obj
 .text.osKernelStart
                0x08004dda        0xa CMakeFiles/bubing_RM2025.elf.dir/Middlewares/Third_Party/FreeRTOS/Source/CMSIS_RTOS/cmsis_os.c.obj
                0x08004dda                osKernelStart
 .text.osThreadCreate
                0x08004de4       0x66 CMakeFiles/bubing_RM2025.elf.dir/Middlewares/Third_Party/FreeRTOS/Source/CMSIS_RTOS/cmsis_os.c.obj
                0x08004de4                osThreadCreate
 .text.osDelay  0x08004e4a        0xe CMakeFiles/bubing_RM2025.elf.dir/Middlewares/Third_Party/FreeRTOS/Source/CMSIS_RTOS/cmsis_os.c.obj
                0x08004e4a                osDelay
 .text.vListInitialise
                0x08004e58       0x16 CMakeFiles/bubing_RM2025.elf.dir/Middlewares/Third_Party/FreeRTOS/Source/list.c.obj
                0x08004e58                vListInitialise
 .text.vListInitialiseItem
                0x08004e6e        0x6 CMakeFiles/bubing_RM2025.elf.dir/Middlewares/Third_Party/FreeRTOS/Source/list.c.obj
                0x08004e6e                vListInitialiseItem
 .text.vListInsertEnd
                0x08004e74       0x16 CMakeFiles/bubing_RM2025.elf.dir/Middlewares/Third_Party/FreeRTOS/Source/list.c.obj
                0x08004e74                vListInsertEnd
 .text.vListInsert
                0x08004e8a       0x32 CMakeFiles/bubing_RM2025.elf.dir/Middlewares/Third_Party/FreeRTOS/Source/list.c.obj
                0x08004e8a                vListInsert
 .text.uxListRemove
                0x08004ebc       0x26 CMakeFiles/bubing_RM2025.elf.dir/Middlewares/Third_Party/FreeRTOS/Source/list.c.obj
                0x08004ebc                uxListRemove
 *fill*         0x08004ee2        0x2 
 .text.prvTaskExitError
                0x08004ee4       0x40 CMakeFiles/bubing_RM2025.elf.dir/Middlewares/Third_Party/FreeRTOS/Source/portable/GCC/ARM_CM4F/port.c.obj
 .text.prvPortStartFirstTask
                0x08004f24       0x28 CMakeFiles/bubing_RM2025.elf.dir/Middlewares/Third_Party/FreeRTOS/Source/portable/GCC/ARM_CM4F/port.c.obj
 .text.vPortEnableVFP
                0x08004f4c       0x14 CMakeFiles/bubing_RM2025.elf.dir/Middlewares/Third_Party/FreeRTOS/Source/portable/GCC/ARM_CM4F/port.c.obj
 .text.pxPortInitialiseStack
                0x08004f60       0x2c CMakeFiles/bubing_RM2025.elf.dir/Middlewares/Third_Party/FreeRTOS/Source/portable/GCC/ARM_CM4F/port.c.obj
                0x08004f60                pxPortInitialiseStack
 *fill*         0x08004f8c        0x4 
 .text.SVC_Handler
                0x08004f90       0x24 CMakeFiles/bubing_RM2025.elf.dir/Middlewares/Third_Party/FreeRTOS/Source/portable/GCC/ARM_CM4F/port.c.obj
                0x08004f90                SVC_Handler
 .text.vPortEnterCritical
                0x08004fb4       0x44 CMakeFiles/bubing_RM2025.elf.dir/Middlewares/Third_Party/FreeRTOS/Source/portable/GCC/ARM_CM4F/port.c.obj
                0x08004fb4                vPortEnterCritical
 .text.vPortExitCritical
                0x08004ff8       0x2c CMakeFiles/bubing_RM2025.elf.dir/Middlewares/Third_Party/FreeRTOS/Source/portable/GCC/ARM_CM4F/port.c.obj
                0x08004ff8                vPortExitCritical
 *fill*         0x08005024        0xc 
 .text.PendSV_Handler
                0x08005030       0x64 CMakeFiles/bubing_RM2025.elf.dir/Middlewares/Third_Party/FreeRTOS/Source/portable/GCC/ARM_CM4F/port.c.obj
                0x08005030                PendSV_Handler
 .text.SysTick_Handler
                0x08005094       0x2c CMakeFiles/bubing_RM2025.elf.dir/Middlewares/Third_Party/FreeRTOS/Source/portable/GCC/ARM_CM4F/port.c.obj
                0x08005094                SysTick_Handler
 .text.vPortSetupTimerInterrupt
                0x080050c0       0x28 CMakeFiles/bubing_RM2025.elf.dir/Middlewares/Third_Party/FreeRTOS/Source/portable/GCC/ARM_CM4F/port.c.obj
                0x080050c0                vPortSetupTimerInterrupt
 .text.xPortStartScheduler
                0x080050e8      0x118 CMakeFiles/bubing_RM2025.elf.dir/Middlewares/Third_Party/FreeRTOS/Source/portable/GCC/ARM_CM4F/port.c.obj
                0x080050e8                xPortStartScheduler
 .text.prvHeapInit
                0x08005200       0x64 CMakeFiles/bubing_RM2025.elf.dir/Middlewares/Third_Party/FreeRTOS/Source/portable/MemMang/heap_4.c.obj
 .text.prvInsertBlockIntoFreeList
                0x08005264       0x64 CMakeFiles/bubing_RM2025.elf.dir/Middlewares/Third_Party/FreeRTOS/Source/portable/MemMang/heap_4.c.obj
 .text.pvPortMalloc
                0x080052c8      0x104 CMakeFiles/bubing_RM2025.elf.dir/Middlewares/Third_Party/FreeRTOS/Source/portable/MemMang/heap_4.c.obj
                0x080052c8                pvPortMalloc
 .text.vPortFree
                0x080053cc       0x7c CMakeFiles/bubing_RM2025.elf.dir/Middlewares/Third_Party/FreeRTOS/Source/portable/MemMang/heap_4.c.obj
                0x080053cc                vPortFree
 .text.prvResetNextTaskUnblockTime
                0x08005448       0x2c CMakeFiles/bubing_RM2025.elf.dir/Middlewares/Third_Party/FreeRTOS/Source/tasks.c.obj
 .text.prvInitialiseNewTask
                0x08005474       0xfc CMakeFiles/bubing_RM2025.elf.dir/Middlewares/Third_Party/FreeRTOS/Source/tasks.c.obj
 .text.prvInitialiseTaskLists
                0x08005570       0x68 CMakeFiles/bubing_RM2025.elf.dir/Middlewares/Third_Party/FreeRTOS/Source/tasks.c.obj
 .text.prvAddNewTaskToReadyList
                0x080055d8       0xa8 CMakeFiles/bubing_RM2025.elf.dir/Middlewares/Third_Party/FreeRTOS/Source/tasks.c.obj
 .text.prvDeleteTCB
                0x08005680       0x40 CMakeFiles/bubing_RM2025.elf.dir/Middlewares/Third_Party/FreeRTOS/Source/tasks.c.obj
 .text.prvCheckTasksWaitingTermination
                0x080056c0       0x4c CMakeFiles/bubing_RM2025.elf.dir/Middlewares/Third_Party/FreeRTOS/Source/tasks.c.obj
 .text.prvIdleTask
                0x0800570c       0x28 CMakeFiles/bubing_RM2025.elf.dir/Middlewares/Third_Party/FreeRTOS/Source/tasks.c.obj
 .text.prvAddCurrentTaskToDelayedList
                0x08005734       0x98 CMakeFiles/bubing_RM2025.elf.dir/Middlewares/Third_Party/FreeRTOS/Source/tasks.c.obj
 .text.xTaskCreateStatic
                0x080057cc       0x7a CMakeFiles/bubing_RM2025.elf.dir/Middlewares/Third_Party/FreeRTOS/Source/tasks.c.obj
                0x080057cc                xTaskCreateStatic
 .text.xTaskCreate
                0x08005846       0x66 CMakeFiles/bubing_RM2025.elf.dir/Middlewares/Third_Party/FreeRTOS/Source/tasks.c.obj
                0x08005846                xTaskCreate
 .text.vTaskStartScheduler
                0x080058ac       0x84 CMakeFiles/bubing_RM2025.elf.dir/Middlewares/Third_Party/FreeRTOS/Source/tasks.c.obj
                0x080058ac                vTaskStartScheduler
 .text.vTaskSuspendAll
                0x08005930       0x10 CMakeFiles/bubing_RM2025.elf.dir/Middlewares/Third_Party/FreeRTOS/Source/tasks.c.obj
                0x08005930                vTaskSuspendAll
 .text.xTaskIncrementTick
                0x08005940      0x118 CMakeFiles/bubing_RM2025.elf.dir/Middlewares/Third_Party/FreeRTOS/Source/tasks.c.obj
                0x08005940                xTaskIncrementTick
 .text.xTaskResumeAll
                0x08005a58       0xf8 CMakeFiles/bubing_RM2025.elf.dir/Middlewares/Third_Party/FreeRTOS/Source/tasks.c.obj
                0x08005a58                xTaskResumeAll
 .text.vTaskDelay
                0x08005b50       0x4c CMakeFiles/bubing_RM2025.elf.dir/Middlewares/Third_Party/FreeRTOS/Source/tasks.c.obj
                0x08005b50                vTaskDelay
 .text.vTaskSwitchContext
                0x08005b9c       0xa4 CMakeFiles/bubing_RM2025.elf.dir/Middlewares/Third_Party/FreeRTOS/Source/tasks.c.obj
                0x08005b9c                vTaskSwitchContext
 .text.BMI088_GPIO_init
                0x08005c40        0x2 CMakeFiles/bubing_RM2025.elf.dir/code_mf/Src/BMI088Middleware.c.obj
                0x08005c40                BMI088_GPIO_init
 .text.BMI088_com_init
                0x08005c42        0x2 CMakeFiles/bubing_RM2025.elf.dir/code_mf/Src/BMI088Middleware.c.obj
                0x08005c42                BMI088_com_init
 .text.BMI088_delay_us
                0x08005c44       0x16 CMakeFiles/bubing_RM2025.elf.dir/code_mf/Src/BMI088Middleware.c.obj
                0x08005c44                BMI088_delay_us
 .text.BMI088_delay_ms
                0x08005c5a       0x18 CMakeFiles/bubing_RM2025.elf.dir/code_mf/Src/BMI088Middleware.c.obj
                0x08005c5a                BMI088_delay_ms
 *fill*         0x08005c72        0x2 
 .text.BMI088_ACCEL_NS_L
                0x08005c74       0x14 CMakeFiles/bubing_RM2025.elf.dir/code_mf/Src/BMI088Middleware.c.obj
                0x08005c74                BMI088_ACCEL_NS_L
 .text.BMI088_ACCEL_NS_H
                0x08005c88       0x14 CMakeFiles/bubing_RM2025.elf.dir/code_mf/Src/BMI088Middleware.c.obj
                0x08005c88                BMI088_ACCEL_NS_H
 .text.BMI088_GYRO_NS_L
                0x08005c9c       0x14 CMakeFiles/bubing_RM2025.elf.dir/code_mf/Src/BMI088Middleware.c.obj
                0x08005c9c                BMI088_GYRO_NS_L
 .text.BMI088_GYRO_NS_H
                0x08005cb0       0x14 CMakeFiles/bubing_RM2025.elf.dir/code_mf/Src/BMI088Middleware.c.obj
                0x08005cb0                BMI088_GYRO_NS_H
 .text.BMI088_read_write_byte
                0x08005cc4       0x2c CMakeFiles/bubing_RM2025.elf.dir/code_mf/Src/BMI088Middleware.c.obj
                0x08005cc4                BMI088_read_write_byte
 .text.BMI088_write_single_reg
                0x08005cf0       0x10 CMakeFiles/bubing_RM2025.elf.dir/code_mf/Src/BMI088driver.c.obj
 .text.BMI088_read_single_reg
                0x08005d00       0x16 CMakeFiles/bubing_RM2025.elf.dir/code_mf/Src/BMI088driver.c.obj
 .text.BMI088_read_muli_reg
                0x08005d16       0x24 CMakeFiles/bubing_RM2025.elf.dir/code_mf/Src/BMI088driver.c.obj
 *fill*         0x08005d3a        0x2 
 .text.bmi088_accel_init
                0x08005d3c      0x10c CMakeFiles/bubing_RM2025.elf.dir/code_mf/Src/BMI088driver.c.obj
                0x08005d3c                bmi088_accel_init
 .text.bmi088_gyro_init
                0x08005e48       0xf0 CMakeFiles/bubing_RM2025.elf.dir/code_mf/Src/BMI088driver.c.obj
                0x08005e48                bmi088_gyro_init
 .text.BMI088_init
                0x08005f38       0x1a CMakeFiles/bubing_RM2025.elf.dir/code_mf/Src/BMI088driver.c.obj
                0x08005f38                BMI088_init
 *fill*         0x08005f52        0x2 
 .text.BMI088_read
                0x08005f54      0x164 CMakeFiles/bubing_RM2025.elf.dir/code_mf/Src/BMI088driver.c.obj
                0x08005f54                BMI088_read
 .text.HAL_CAN_RxFifo0MsgPendingCallback
                0x080060b8      0x104 CMakeFiles/bubing_RM2025.elf.dir/code_mf/Src/CAN_receive.c.obj
                0x080060b8                HAL_CAN_RxFifo0MsgPendingCallback
 .text.CAN1_cmd_chassis
                0x080061bc       0x54 CMakeFiles/bubing_RM2025.elf.dir/code_mf/Src/CAN_receive.c.obj
                0x080061bc                CAN1_cmd_chassis
 .text.IMU_DATA_GET
                0x08006210       0xdc CMakeFiles/bubing_RM2025.elf.dir/code_mf/Src/IMU_DATA_GET.c.obj
                0x08006210                IMU_DATA_GET
 .text.invSqrt  0x080062ec       0x30 CMakeFiles/bubing_RM2025.elf.dir/code_mf/Src/MahonyAHRS.c.obj
                0x080062ec                invSqrt
 .text.MahonyAHRSupdateIMU
                0x0800631c      0x268 CMakeFiles/bubing_RM2025.elf.dir/code_mf/Src/MahonyAHRS.c.obj
                0x0800631c                MahonyAHRSupdateIMU
 .text.MahonyAHRSupdate
                0x08006584      0x3e4 CMakeFiles/bubing_RM2025.elf.dir/code_mf/Src/MahonyAHRS.c.obj
                0x08006584                MahonyAHRSupdate
 .text.get_angle
                0x08006968       0xbc CMakeFiles/bubing_RM2025.elf.dir/code_mf/Src/MahonyAHRS.c.obj
                0x08006968                get_angle
 .text.board_LED
                0x08006a24       0x40 CMakeFiles/bubing_RM2025.elf.dir/code_mf/Src/board_LED.c.obj
                0x08006a24                board_LED
 .text.can_filter_init
                0x08006a64       0x5c CMakeFiles/bubing_RM2025.elf.dir/code_mf/Src/bsp_can.c.obj
                0x08006a64                can_filter_init
 .text.RC_init  0x08006ac0       0x68 CMakeFiles/bubing_RM2025.elf.dir/code_mf/Src/bsp_rc.c.obj
                0x08006ac0                RC_init
 .text.can_cmd_all
                0x08006b28        0x8 CMakeFiles/bubing_RM2025.elf.dir/code_mf/Src/can_sent.c.obj
                0x08006b28                can_cmd_all
 .text.can_sent
                0x08006b30      0x104 CMakeFiles/bubing_RM2025.elf.dir/code_mf/Src/can_sent.c.obj
                0x08006b30                can_sent
 .text.rc_to_gimbal_speed_compute
                0x08006c34      0x188 CMakeFiles/bubing_RM2025.elf.dir/code_mf/Src/chassis_motor_control.c.obj
                0x08006c34                rc_to_gimbal_speed_compute
 .text.yaw_ecd_angle_to_radian
                0x08006dbc       0x44 CMakeFiles/bubing_RM2025.elf.dir/code_mf/Src/chassis_motor_control.c.obj
                0x08006dbc                yaw_ecd_angle_to_radian
 .text.gimbal_to_chassis_speed_compute
                0x08006e00       0x44 CMakeFiles/bubing_RM2025.elf.dir/code_mf/Src/chassis_motor_control.c.obj
                0x08006e00                gimbal_to_chassis_speed_compute
 .text.chassis_settlement
                0x08006e44      0x208 CMakeFiles/bubing_RM2025.elf.dir/code_mf/Src/chassis_motor_control.c.obj
                0x08006e44                chassis_settlement
 .text.chassis_3508_id1_speed_pid_init
                0x0800704c       0x28 CMakeFiles/bubing_RM2025.elf.dir/code_mf/Src/chassis_motor_control.c.obj
                0x0800704c                chassis_3508_id1_speed_pid_init
 .text.chassis_3508_id1_speed_pid_loop
                0x08007074       0x38 CMakeFiles/bubing_RM2025.elf.dir/code_mf/Src/chassis_motor_control.c.obj
                0x08007074                chassis_3508_id1_speed_pid_loop
 .text.chassis_3508_id2_speed_pid_init
                0x080070ac       0x28 CMakeFiles/bubing_RM2025.elf.dir/code_mf/Src/chassis_motor_control.c.obj
                0x080070ac                chassis_3508_id2_speed_pid_init
 .text.chassis_3508_id2_speed_pid_loop
                0x080070d4       0x38 CMakeFiles/bubing_RM2025.elf.dir/code_mf/Src/chassis_motor_control.c.obj
                0x080070d4                chassis_3508_id2_speed_pid_loop
 .text.chassis_3508_id3_speed_pid_init
                0x0800710c       0x28 CMakeFiles/bubing_RM2025.elf.dir/code_mf/Src/chassis_motor_control.c.obj
                0x0800710c                chassis_3508_id3_speed_pid_init
 .text.chassis_3508_id3_speed_pid_loop
                0x08007134       0x38 CMakeFiles/bubing_RM2025.elf.dir/code_mf/Src/chassis_motor_control.c.obj
                0x08007134                chassis_3508_id3_speed_pid_loop
 .text.chassis_3508_id4_speed_pid_init
                0x0800716c       0x28 CMakeFiles/bubing_RM2025.elf.dir/code_mf/Src/chassis_motor_control.c.obj
                0x0800716c                chassis_3508_id4_speed_pid_init
 .text.chassis_3508_id4_speed_pid_loop
                0x08007194       0x38 CMakeFiles/bubing_RM2025.elf.dir/code_mf/Src/chassis_motor_control.c.obj
                0x08007194                chassis_3508_id4_speed_pid_loop
 .text.motor_chassis_pid_compute
                0x080071cc       0x5c CMakeFiles/bubing_RM2025.elf.dir/code_mf/Src/chassis_motor_control.c.obj
                0x080071cc                motor_chassis_pid_compute
 .text.chassis_motor_control
                0x08007228       0x1e CMakeFiles/bubing_RM2025.elf.dir/code_mf/Src/chassis_motor_control.c.obj
                0x08007228                chassis_motor_control
 *fill*         0x08007246        0x2 
 .text.chassis_follow_gimbal_angle_pid_init
                0x08007248       0x28 CMakeFiles/bubing_RM2025.elf.dir/code_mf/Src/chassis_motor_control.c.obj
                0x08007248                chassis_follow_gimbal_angle_pid_init
 .text.rc_connection_status
                0x08007270       0x2c CMakeFiles/bubing_RM2025.elf.dir/code_mf/Src/error_detection.c.obj
                0x08007270                rc_connection_status
 .text.yaw_6020_status
                0x0800729c       0x24 CMakeFiles/bubing_RM2025.elf.dir/code_mf/Src/error_detection.c.obj
                0x0800729c                yaw_6020_status
 .text.pitch_6020_status
                0x080072c0       0x24 CMakeFiles/bubing_RM2025.elf.dir/code_mf/Src/error_detection.c.obj
                0x080072c0                pitch_6020_status
 .text.error_detection
                0x080072e4       0x16 CMakeFiles/bubing_RM2025.elf.dir/code_mf/Src/error_detection.c.obj
                0x080072e4                error_detection
 *fill*         0x080072fa        0x2 
 .text.get_rc   0x080072fc      0x228 CMakeFiles/bubing_RM2025.elf.dir/code_mf/Src/get_rc.c.obj
                0x080072fc                get_rc
 .text.motor_gimbal_angle_compute
                0x08007524       0xb8 CMakeFiles/bubing_RM2025.elf.dir/code_mf/Src/gimbal_motor_control.c.obj
                0x08007524                motor_gimbal_angle_compute
 .text.yaw_imu_getAbscissa
                0x080075dc       0x8c CMakeFiles/bubing_RM2025.elf.dir/code_mf/Src/gimbal_motor_control.c.obj
                0x080075dc                yaw_imu_getAbscissa
 .text.friction_wheel_speed_control
                0x08007668       0x34 CMakeFiles/bubing_RM2025.elf.dir/code_mf/Src/gimbal_motor_control.c.obj
                0x08007668                friction_wheel_speed_control
 .text.yaw_angle_pid_init
                0x0800769c       0x24 CMakeFiles/bubing_RM2025.elf.dir/code_mf/Src/gimbal_motor_control.c.obj
                0x0800769c                yaw_angle_pid_init
 .text.yaw_angle_pid_loop
                0x080076c0       0x24 CMakeFiles/bubing_RM2025.elf.dir/code_mf/Src/gimbal_motor_control.c.obj
                0x080076c0                yaw_angle_pid_loop
 .text.yaw_speed_pid_init
                0x080076e4       0x28 CMakeFiles/bubing_RM2025.elf.dir/code_mf/Src/gimbal_motor_control.c.obj
                0x080076e4                yaw_speed_pid_init
 .text.yaw_speed_pid_loop
                0x0800770c       0x34 CMakeFiles/bubing_RM2025.elf.dir/code_mf/Src/gimbal_motor_control.c.obj
                0x0800770c                yaw_speed_pid_loop
 .text.pitch_speed_from_bmi88_pid_init
                0x08007740       0x28 CMakeFiles/bubing_RM2025.elf.dir/code_mf/Src/gimbal_motor_control.c.obj
                0x08007740                pitch_speed_from_bmi88_pid_init
 .text.pitch_speed_from_bmi088_pid_loop
                0x08007768       0x34 CMakeFiles/bubing_RM2025.elf.dir/code_mf/Src/gimbal_motor_control.c.obj
                0x08007768                pitch_speed_from_bmi088_pid_loop
 .text.pitch_angle_pid_init
                0x0800779c       0x24 CMakeFiles/bubing_RM2025.elf.dir/code_mf/Src/gimbal_motor_control.c.obj
                0x0800779c                pitch_angle_pid_init
 .text.pitch_angle_from_bmi088_pid_loop
                0x080077c0       0x24 CMakeFiles/bubing_RM2025.elf.dir/code_mf/Src/gimbal_motor_control.c.obj
                0x080077c0                pitch_angle_from_bmi088_pid_loop
 .text.motor_gimbal_pid_compute
                0x080077e4       0x60 CMakeFiles/bubing_RM2025.elf.dir/code_mf/Src/gimbal_motor_control.c.obj
                0x080077e4                motor_gimbal_pid_compute
 .text.friction_wheel_3510_id1_speed_pid_init
                0x08007844       0x28 CMakeFiles/bubing_RM2025.elf.dir/code_mf/Src/gimbal_motor_control.c.obj
                0x08007844                friction_wheel_3510_id1_speed_pid_init
 .text.friction_wheel_3510_id1_speed_pid_loop
                0x0800786c       0x38 CMakeFiles/bubing_RM2025.elf.dir/code_mf/Src/gimbal_motor_control.c.obj
                0x0800786c                friction_wheel_3510_id1_speed_pid_loop
 .text.friction_wheel_3510_id2_speed_pid_init
                0x080078a4       0x28 CMakeFiles/bubing_RM2025.elf.dir/code_mf/Src/gimbal_motor_control.c.obj
                0x080078a4                friction_wheel_3510_id2_speed_pid_init
 .text.friction_wheel_3510_id2_speed_pid_loop
                0x080078cc       0x38 CMakeFiles/bubing_RM2025.elf.dir/code_mf/Src/gimbal_motor_control.c.obj
                0x080078cc                friction_wheel_3510_id2_speed_pid_loop
 .text.friction_wheel_pid_control
                0x08007904       0x30 CMakeFiles/bubing_RM2025.elf.dir/code_mf/Src/gimbal_motor_control.c.obj
                0x08007904                friction_wheel_pid_control
 .text.gimbal_motor_control
                0x08007934       0x22 CMakeFiles/bubing_RM2025.elf.dir/code_mf/Src/gimbal_motor_control.c.obj
                0x08007934                gimbal_motor_control
 *fill*         0x08007956        0x2 
 .text.jy61p_Receive_Angle_Data
                0x08007958      0x110 CMakeFiles/bubing_RM2025.elf.dir/code_mf/Src/jy61p.c.obj
                0x08007958                jy61p_Receive_Angle_Data
 .text.jy61p_Receive_Speed_Data
                0x08007a68      0x110 CMakeFiles/bubing_RM2025.elf.dir/code_mf/Src/jy61p.c.obj
                0x08007a68                jy61p_Receive_Speed_Data
 .text.PID_init
                0x08007b78       0x32 CMakeFiles/bubing_RM2025.elf.dir/code_mf/Src/pid.c.obj
                0x08007b78                PID_init
 *fill*         0x08007baa        0x2 
 .text.PID_calc
                0x08007bac      0x158 CMakeFiles/bubing_RM2025.elf.dir/code_mf/Src/pid.c.obj
                0x08007bac                PID_calc
 .text.max_power_compute
                0x08007d04       0x94 CMakeFiles/bubing_RM2025.elf.dir/code_mf/Src/refree_task.c.obj
                0x08007d04                max_power_compute
 .text.refree_task
                0x08007d98       0x78 CMakeFiles/bubing_RM2025.elf.dir/code_mf/Src/refree_task.c.obj
                0x08007d98                refree_task
 .text.sbus_to_rc
                0x08007e10       0xde CMakeFiles/bubing_RM2025.elf.dir/code_mf/Src/remote_control.c.obj
 *fill*         0x08007eee        0x2 
 .text.remote_control_init
                0x08007ef0       0x14 CMakeFiles/bubing_RM2025.elf.dir/code_mf/Src/remote_control.c.obj
                0x08007ef0                remote_control_init
 .text.get_remote_control_point
                0x08007f04        0x8 CMakeFiles/bubing_RM2025.elf.dir/code_mf/Src/remote_control.c.obj
                0x08007f04                get_remote_control_point
 .text.USART3_IRQHandler
                0x08007f0c       0xf0 CMakeFiles/bubing_RM2025.elf.dir/code_mf/Src/remote_control.c.obj
                0x08007f0c                USART3_IRQHandler
 .text.servo_task
                0x08007ffc       0xc4 CMakeFiles/bubing_RM2025.elf.dir/code_mf/Src/servo_task.c.obj
                0x08007ffc                servo_task
 .text.shoot_speed_compute
                0x080080c0       0x64 CMakeFiles/bubing_RM2025.elf.dir/code_mf/Src/shoot_control.c.obj
                0x080080c0                shoot_speed_compute
 .text.shoot_stop_check
                0x08008124       0x58 CMakeFiles/bubing_RM2025.elf.dir/code_mf/Src/shoot_control.c.obj
                0x08008124                shoot_stop_check
 .text.shoot_control
                0x0800817c       0x12 CMakeFiles/bubing_RM2025.elf.dir/code_mf/Src/shoot_control.c.obj
                0x0800817c                shoot_control
 *fill*         0x0800818e        0x2 
 .text.shoot_2006_id3_speed_pid_init
                0x08008190       0x28 CMakeFiles/bubing_RM2025.elf.dir/code_mf/Src/shoot_control.c.obj
                0x08008190                shoot_2006_id3_speed_pid_init
 .text.shoot_2006_id3_speed_pid_loop
                0x080081b8       0x34 CMakeFiles/bubing_RM2025.elf.dir/code_mf/Src/shoot_control.c.obj
                0x080081b8                shoot_2006_id3_speed_pid_loop
 .text.shoot_pid_control
                0x080081ec       0x1c CMakeFiles/bubing_RM2025.elf.dir/code_mf/Src/shoot_control.c.obj
                0x080081ec                shoot_pid_control
 .text.HAL_UART_RxCpltCallback
                0x08008208       0x2c CMakeFiles/bubing_RM2025.elf.dir/code_mf/Src/uart_callback.c.obj
                0x08008208                HAL_UART_RxCpltCallback
 .text.usart6_printf
                0x08008234       0x40 CMakeFiles/bubing_RM2025.elf.dir/code_mf/Src/uart_printf.c.obj
                0x08008234                usart6_printf
 .text.uart_sent
                0x08008274       0x24 CMakeFiles/bubing_RM2025.elf.dir/code_mf/Src/uart_sent.c.obj
                0x08008274                uart_sent
 .text.__udivmoddi4
                0x08008298      0x2bc C:/CLionToolchains/gcc-arm-none-eabi-10.3-2021.10/bin/../lib/gcc/arm-none-eabi/13.3.1/thumb/v7e-m+fp/hard\libgcc.a(_udivmoddi4.o)
                0x08008298                __udivmoddi4
 .text.stdio_exit_handler
                0x08008554       0x18 C:/CLionToolchains/gcc-arm-none-eabi-10.3-2021.10/bin/../lib/gcc/arm-none-eabi/13.3.1/thumb/v7e-m+fp/hard\libg.a(libc_a-findfp.o)
 .text.cleanup_stdio
                0x0800856c       0x40 C:/CLionToolchains/gcc-arm-none-eabi-10.3-2021.10/bin/../lib/gcc/arm-none-eabi/13.3.1/thumb/v7e-m+fp/hard\libg.a(libc_a-findfp.o)
 .text.global_stdio_init.part.0
                0x080085ac       0xf0 C:/CLionToolchains/gcc-arm-none-eabi-10.3-2021.10/bin/../lib/gcc/arm-none-eabi/13.3.1/thumb/v7e-m+fp/hard\libg.a(libc_a-findfp.o)
 .text.__sinit  0x0800869c       0x3c C:/CLionToolchains/gcc-arm-none-eabi-10.3-2021.10/bin/../lib/gcc/arm-none-eabi/13.3.1/thumb/v7e-m+fp/hard\libg.a(libc_a-findfp.o)
                0x0800869c                __sinit
 .text.__sfp_lock_acquire
                0x080086d8        0xc C:/CLionToolchains/gcc-arm-none-eabi-10.3-2021.10/bin/../lib/gcc/arm-none-eabi/13.3.1/thumb/v7e-m+fp/hard\libg.a(libc_a-findfp.o)
                0x080086d8                __sfp_lock_acquire
 .text.__sfp_lock_release
                0x080086e4        0xc C:/CLionToolchains/gcc-arm-none-eabi-10.3-2021.10/bin/../lib/gcc/arm-none-eabi/13.3.1/thumb/v7e-m+fp/hard\libg.a(libc_a-findfp.o)
                0x080086e4                __sfp_lock_release
 .text._fwalk_sglue
                0x080086f0       0x44 C:/CLionToolchains/gcc-arm-none-eabi-10.3-2021.10/bin/../lib/gcc/arm-none-eabi/13.3.1/thumb/v7e-m+fp/hard\libg.a(libc_a-fwalk.o)
                0x080086f0                _fwalk_sglue
 .text.__sread  0x08008734       0x24 C:/CLionToolchains/gcc-arm-none-eabi-10.3-2021.10/bin/../lib/gcc/arm-none-eabi/13.3.1/thumb/v7e-m+fp/hard\libg.a(libc_a-stdio.o)
                0x08008734                __sread
 .text.__swrite
                0x08008758       0x40 C:/CLionToolchains/gcc-arm-none-eabi-10.3-2021.10/bin/../lib/gcc/arm-none-eabi/13.3.1/thumb/v7e-m+fp/hard\libg.a(libc_a-stdio.o)
                0x08008758                __swrite
 .text.__sseek  0x08008798       0x24 C:/CLionToolchains/gcc-arm-none-eabi-10.3-2021.10/bin/../lib/gcc/arm-none-eabi/13.3.1/thumb/v7e-m+fp/hard\libg.a(libc_a-stdio.o)
                0x08008798                __sseek
 .text.__sclose
                0x080087bc        0x8 C:/CLionToolchains/gcc-arm-none-eabi-10.3-2021.10/bin/../lib/gcc/arm-none-eabi/13.3.1/thumb/v7e-m+fp/hard\libg.a(libc_a-stdio.o)
                0x080087bc                __sclose
 .text.vsprintf
                0x080087c4       0x38 C:/CLionToolchains/gcc-arm-none-eabi-10.3-2021.10/bin/../lib/gcc/arm-none-eabi/13.3.1/thumb/v7e-m+fp/hard\libg.a(libc_a-vsprintf.o)
                0x080087c4                vsprintf
 .text.memset   0x080087fc       0xa4 C:/CLionToolchains/gcc-arm-none-eabi-10.3-2021.10/bin/../lib/gcc/arm-none-eabi/13.3.1/thumb/v7e-m+fp/hard\libg.a(libc_a-memset.o)
                0x080087fc                memset
 .text._close_r
                0x080088a0       0x24 C:/CLionToolchains/gcc-arm-none-eabi-10.3-2021.10/bin/../lib/gcc/arm-none-eabi/13.3.1/thumb/v7e-m+fp/hard\libg.a(libc_a-closer.o)
                0x080088a0                _close_r
 .text._reclaim_reent
                0x080088c4       0x6c C:/CLionToolchains/gcc-arm-none-eabi-10.3-2021.10/bin/../lib/gcc/arm-none-eabi/13.3.1/thumb/v7e-m+fp/hard\libg.a(libc_a-reent.o)
                0x080088c4                _reclaim_reent
 .text._lseek_r
                0x08008930       0x2c C:/CLionToolchains/gcc-arm-none-eabi-10.3-2021.10/bin/../lib/gcc/arm-none-eabi/13.3.1/thumb/v7e-m+fp/hard\libg.a(libc_a-lseekr.o)
                0x08008930                _lseek_r
 .text._read_r  0x0800895c       0x2c C:/CLionToolchains/gcc-arm-none-eabi-10.3-2021.10/bin/../lib/gcc/arm-none-eabi/13.3.1/thumb/v7e-m+fp/hard\libg.a(libc_a-readr.o)
                0x0800895c                _read_r
 .text._write_r
                0x08008988       0x2c C:/CLionToolchains/gcc-arm-none-eabi-10.3-2021.10/bin/../lib/gcc/arm-none-eabi/13.3.1/thumb/v7e-m+fp/hard\libg.a(libc_a-writer.o)
                0x08008988                _write_r
 .text.__errno  0x080089b4        0xc C:/CLionToolchains/gcc-arm-none-eabi-10.3-2021.10/bin/../lib/gcc/arm-none-eabi/13.3.1/thumb/v7e-m+fp/hard\libg.a(libc_a-errno.o)
                0x080089b4                __errno
 .text.__libc_init_array
                0x080089c0       0x50 C:/CLionToolchains/gcc-arm-none-eabi-10.3-2021.10/bin/../lib/gcc/arm-none-eabi/13.3.1/thumb/v7e-m+fp/hard\libg.a(libc_a-init.o)
                0x080089c0                __libc_init_array
 .text.__retarget_lock_init_recursive
                0x08008a10        0x4 C:/CLionToolchains/gcc-arm-none-eabi-10.3-2021.10/bin/../lib/gcc/arm-none-eabi/13.3.1/thumb/v7e-m+fp/hard\libg.a(libc_a-lock.o)
                0x08008a10                __retarget_lock_init_recursive
 .text.__retarget_lock_close_recursive
                0x08008a14        0x4 C:/CLionToolchains/gcc-arm-none-eabi-10.3-2021.10/bin/../lib/gcc/arm-none-eabi/13.3.1/thumb/v7e-m+fp/hard\libg.a(libc_a-lock.o)
                0x08008a14                __retarget_lock_close_recursive
 .text.__retarget_lock_acquire_recursive
                0x08008a18        0x4 C:/CLionToolchains/gcc-arm-none-eabi-10.3-2021.10/bin/../lib/gcc/arm-none-eabi/13.3.1/thumb/v7e-m+fp/hard\libg.a(libc_a-lock.o)
                0x08008a18                __retarget_lock_acquire_recursive
 .text.__retarget_lock_release_recursive
                0x08008a1c        0x4 C:/CLionToolchains/gcc-arm-none-eabi-10.3-2021.10/bin/../lib/gcc/arm-none-eabi/13.3.1/thumb/v7e-m+fp/hard\libg.a(libc_a-lock.o)
                0x08008a1c                __retarget_lock_release_recursive
 .text.startup.register_fini
                0x08008a20       0x14 C:/CLionToolchains/gcc-arm-none-eabi-10.3-2021.10/bin/../lib/gcc/arm-none-eabi/13.3.1/thumb/v7e-m+fp/hard\libg.a(libc_a-__call_atexit.o)
 .text.atexit   0x08008a34        0xc C:/CLionToolchains/gcc-arm-none-eabi-10.3-2021.10/bin/../lib/gcc/arm-none-eabi/13.3.1/thumb/v7e-m+fp/hard\libg.a(libc_a-atexit.o)
                0x08008a34                atexit
 .text._malloc_trim_r
                0x08008a40       0xb8 C:/CLionToolchains/gcc-arm-none-eabi-10.3-2021.10/bin/../lib/gcc/arm-none-eabi/13.3.1/thumb/v7e-m+fp/hard\libg.a(libc_a-freer.o)
                0x08008a40                _malloc_trim_r
 .text._free_r  0x08008af8      0x1f8 C:/CLionToolchains/gcc-arm-none-eabi-10.3-2021.10/bin/../lib/gcc/arm-none-eabi/13.3.1/thumb/v7e-m+fp/hard\libg.a(libc_a-freer.o)
                0x08008af8                _free_r
 .text._malloc_r
                0x08008cf0      0x564 C:/CLionToolchains/gcc-arm-none-eabi-10.3-2021.10/bin/../lib/gcc/arm-none-eabi/13.3.1/thumb/v7e-m+fp/hard\libg.a(libc_a-mallocr.o)
                0x08008cf0                _malloc_r
 .text.__malloc_lock
                0x08009254        0xc C:/CLionToolchains/gcc-arm-none-eabi-10.3-2021.10/bin/../lib/gcc/arm-none-eabi/13.3.1/thumb/v7e-m+fp/hard\libg.a(libc_a-mlock.o)
                0x08009254                __malloc_lock
 .text.__malloc_unlock
                0x08009260        0xc C:/CLionToolchains/gcc-arm-none-eabi-10.3-2021.10/bin/../lib/gcc/arm-none-eabi/13.3.1/thumb/v7e-m+fp/hard\libg.a(libc_a-mlock.o)
                0x08009260                __malloc_unlock
 *fill*         0x0800926c        0x4 
 .text._svfprintf_r
                0x08009270     0x1b3c C:/CLionToolchains/gcc-arm-none-eabi-10.3-2021.10/bin/../lib/gcc/arm-none-eabi/13.3.1/thumb/v7e-m+fp/hard\libg.a(libc_a-svfprintf.o)
                0x08009270                _svfprintf_r
 .text.__ssprint_r
                0x0800adac       0x58 C:/CLionToolchains/gcc-arm-none-eabi-10.3-2021.10/bin/../lib/gcc/arm-none-eabi/13.3.1/thumb/v7e-m+fp/hard\libg.a(libc_a-ssprint_r.o)
                0x0800adac                __ssprint_r
 .text._fclose_r
                0x0800ae04       0xc0 C:/CLionToolchains/gcc-arm-none-eabi-10.3-2021.10/bin/../lib/gcc/arm-none-eabi/13.3.1/thumb/v7e-m+fp/hard\libg.a(libc_a-fclose.o)
                0x0800ae04                _fclose_r
 .text.__sflush_r
                0x0800aec4      0x138 C:/CLionToolchains/gcc-arm-none-eabi-10.3-2021.10/bin/../lib/gcc/arm-none-eabi/13.3.1/thumb/v7e-m+fp/hard\libg.a(libc_a-fflush.o)
                0x0800aec4                __sflush_r
 .text._fflush_r
                0x0800affc       0x54 C:/CLionToolchains/gcc-arm-none-eabi-10.3-2021.10/bin/../lib/gcc/arm-none-eabi/13.3.1/thumb/v7e-m+fp/hard\libg.a(libc_a-fflush.o)
                0x0800affc                _fflush_r
 .text.strncpy  0x0800b050       0x68 C:/CLionToolchains/gcc-arm-none-eabi-10.3-2021.10/bin/../lib/gcc/arm-none-eabi/13.3.1/thumb/v7e-m+fp/hard\libg.a(libc_a-strncpy.o)
                0x0800b050                strncpy
 .text.__locale_mb_cur_max
                0x0800b0b8        0xc C:/CLionToolchains/gcc-arm-none-eabi-10.3-2021.10/bin/../lib/gcc/arm-none-eabi/13.3.1/thumb/v7e-m+fp/hard\libg.a(libc_a-locale.o)
                0x0800b0b8                __locale_mb_cur_max
 .text._localeconv_r
                0x0800b0c4        0x8 C:/CLionToolchains/gcc-arm-none-eabi-10.3-2021.10/bin/../lib/gcc/arm-none-eabi/13.3.1/thumb/v7e-m+fp/hard\libg.a(libc_a-localeconv.o)
                0x0800b0c4                _localeconv_r
 .text._sbrk_r  0x0800b0cc       0x24 C:/CLionToolchains/gcc-arm-none-eabi-10.3-2021.10/bin/../lib/gcc/arm-none-eabi/13.3.1/thumb/v7e-m+fp/hard\libg.a(libc_a-sbrkr.o)
                0x0800b0cc                _sbrk_r
 .text.__libc_fini_array
                0x0800b0f0       0x28 C:/CLionToolchains/gcc-arm-none-eabi-10.3-2021.10/bin/../lib/gcc/arm-none-eabi/13.3.1/thumb/v7e-m+fp/hard\libg.a(libc_a-fini.o)
                0x0800b0f0                __libc_fini_array
 .text.sysconf  0x0800b118       0x1c C:/CLionToolchains/gcc-arm-none-eabi-10.3-2021.10/bin/../lib/gcc/arm-none-eabi/13.3.1/thumb/v7e-m+fp/hard\libg.a(libc_a-sysconf.o)
                0x0800b118                sysconf
 .text.frexp    0x0800b134       0x64 C:/CLionToolchains/gcc-arm-none-eabi-10.3-2021.10/bin/../lib/gcc/arm-none-eabi/13.3.1/thumb/v7e-m+fp/hard\libg.a(libm_a-s_frexp.o)
                0x0800b134                frexp
 .text.__register_exitproc
                0x0800b198       0x80 C:/CLionToolchains/gcc-arm-none-eabi-10.3-2021.10/bin/../lib/gcc/arm-none-eabi/13.3.1/thumb/v7e-m+fp/hard\libg.a(libc_a-__atexit.o)
                0x0800b198                __register_exitproc
 .text.quorem   0x0800b218      0x12c C:/CLionToolchains/gcc-arm-none-eabi-10.3-2021.10/bin/../lib/gcc/arm-none-eabi/13.3.1/thumb/v7e-m+fp/hard\libg.a(libc_a-dtoa.o)
 *fill*         0x0800b344        0x4 
 .text._dtoa_r  0x0800b348      0xe80 C:/CLionToolchains/gcc-arm-none-eabi-10.3-2021.10/bin/../lib/gcc/arm-none-eabi/13.3.1/thumb/v7e-m+fp/hard\libg.a(libc_a-dtoa.o)
                0x0800b348                _dtoa_r
 .text.__ascii_mbtowc
                0x0800c1c8       0x2c C:/CLionToolchains/gcc-arm-none-eabi-10.3-2021.10/bin/../lib/gcc/arm-none-eabi/13.3.1/thumb/v7e-m+fp/hard\libg.a(libc_a-mbtowc_r.o)
                0x0800c1c8                __ascii_mbtowc
 .text._Balloc  0x0800c1f4       0x4c C:/CLionToolchains/gcc-arm-none-eabi-10.3-2021.10/bin/../lib/gcc/arm-none-eabi/13.3.1/thumb/v7e-m+fp/hard\libg.a(libc_a-mprec.o)
                0x0800c1f4                _Balloc
 .text._Bfree   0x0800c240       0x14 C:/CLionToolchains/gcc-arm-none-eabi-10.3-2021.10/bin/../lib/gcc/arm-none-eabi/13.3.1/thumb/v7e-m+fp/hard\libg.a(libc_a-mprec.o)
                0x0800c240                _Bfree
 .text.__multadd
                0x0800c254       0xa0 C:/CLionToolchains/gcc-arm-none-eabi-10.3-2021.10/bin/../lib/gcc/arm-none-eabi/13.3.1/thumb/v7e-m+fp/hard\libg.a(libc_a-mprec.o)
                0x0800c254                __multadd
 .text.__hi0bits
                0x0800c2f4       0x44 C:/CLionToolchains/gcc-arm-none-eabi-10.3-2021.10/bin/../lib/gcc/arm-none-eabi/13.3.1/thumb/v7e-m+fp/hard\libg.a(libc_a-mprec.o)
                0x0800c2f4                __hi0bits
 .text.__lo0bits
                0x0800c338       0x60 C:/CLionToolchains/gcc-arm-none-eabi-10.3-2021.10/bin/../lib/gcc/arm-none-eabi/13.3.1/thumb/v7e-m+fp/hard\libg.a(libc_a-mprec.o)
                0x0800c338                __lo0bits
 .text.__i2b    0x0800c398       0x5c C:/CLionToolchains/gcc-arm-none-eabi-10.3-2021.10/bin/../lib/gcc/arm-none-eabi/13.3.1/thumb/v7e-m+fp/hard\libg.a(libc_a-mprec.o)
                0x0800c398                __i2b
 .text.__multiply
                0x0800c3f4      0x16c C:/CLionToolchains/gcc-arm-none-eabi-10.3-2021.10/bin/../lib/gcc/arm-none-eabi/13.3.1/thumb/v7e-m+fp/hard\libg.a(libc_a-mprec.o)
                0x0800c3f4                __multiply
 .text.__pow5mult
                0x0800c560       0xb4 C:/CLionToolchains/gcc-arm-none-eabi-10.3-2021.10/bin/../lib/gcc/arm-none-eabi/13.3.1/thumb/v7e-m+fp/hard\libg.a(libc_a-mprec.o)
                0x0800c560                __pow5mult
 .text.__lshift
                0x0800c614       0xf0 C:/CLionToolchains/gcc-arm-none-eabi-10.3-2021.10/bin/../lib/gcc/arm-none-eabi/13.3.1/thumb/v7e-m+fp/hard\libg.a(libc_a-mprec.o)
                0x0800c614                __lshift
 .text.__mcmp   0x0800c704       0x44 C:/CLionToolchains/gcc-arm-none-eabi-10.3-2021.10/bin/../lib/gcc/arm-none-eabi/13.3.1/thumb/v7e-m+fp/hard\libg.a(libc_a-mprec.o)
                0x0800c704                __mcmp
 .text.__mdiff  0x0800c748      0x178 C:/CLionToolchains/gcc-arm-none-eabi-10.3-2021.10/bin/../lib/gcc/arm-none-eabi/13.3.1/thumb/v7e-m+fp/hard\libg.a(libc_a-mprec.o)
                0x0800c748                __mdiff
 .text.__d2b    0x0800c8c0       0xc0 C:/CLionToolchains/gcc-arm-none-eabi-10.3-2021.10/bin/../lib/gcc/arm-none-eabi/13.3.1/thumb/v7e-m+fp/hard\libg.a(libc_a-mprec.o)
                0x0800c8c0                __d2b
 .text.__ascii_wctomb
                0x0800c980       0x1c C:/CLionToolchains/gcc-arm-none-eabi-10.3-2021.10/bin/../lib/gcc/arm-none-eabi/13.3.1/thumb/v7e-m+fp/hard\libg.a(libc_a-wctomb_r.o)
                0x0800c980                __ascii_wctomb
 .text._wcrtomb_r
                0x0800c99c       0x4c C:/CLionToolchains/gcc-arm-none-eabi-10.3-2021.10/bin/../lib/gcc/arm-none-eabi/13.3.1/thumb/v7e-m+fp/hard\libg.a(libc_a-wcrtomb.o)
                0x0800c99c                _wcrtomb_r
 .text._wcsrtombs_r
                0x0800c9e8       0x18 C:/CLionToolchains/gcc-arm-none-eabi-10.3-2021.10/bin/../lib/gcc/arm-none-eabi/13.3.1/thumb/v7e-m+fp/hard\libg.a(libc_a-wcsrtombs.o)
                0x0800c9e8                _wcsrtombs_r
 .text.__ssputs_r
                0x0800ca00       0xc0 C:/CLionToolchains/gcc-arm-none-eabi-10.3-2021.10/bin/../lib/gcc/arm-none-eabi/13.3.1/thumb/v7e-m+fp/hard\libg.a(libc_a-ssputs_r.o)
                0x0800ca00                __ssputs_r
 .text.memmove  0x0800cac0      0x100 C:/CLionToolchains/gcc-arm-none-eabi-10.3-2021.10/bin/../lib/gcc/arm-none-eabi/13.3.1/thumb/v7e-m+fp/hard\libg.a(libc_a-memmove.o)
                0x0800cac0                memmove
 .text.__assert_func
                0x0800cbc0       0x40 C:/CLionToolchains/gcc-arm-none-eabi-10.3-2021.10/bin/../lib/gcc/arm-none-eabi/13.3.1/thumb/v7e-m+fp/hard\libg.a(libc_a-assert.o)
                0x0800cbc0                __assert_func
 .text._calloc_r
                0x0800cc00       0x6c C:/CLionToolchains/gcc-arm-none-eabi-10.3-2021.10/bin/../lib/gcc/arm-none-eabi/13.3.1/thumb/v7e-m+fp/hard\libg.a(libc_a-callocr.o)
                0x0800cc00                _calloc_r
 .text._realloc_r
                0x0800cc6c      0x344 C:/CLionToolchains/gcc-arm-none-eabi-10.3-2021.10/bin/../lib/gcc/arm-none-eabi/13.3.1/thumb/v7e-m+fp/hard\libg.a(libc_a-reallocr.o)
                0x0800cc6c                _realloc_r
 .text._wcsnrtombs_l
                0x0800cfb0       0xfc C:/CLionToolchains/gcc-arm-none-eabi-10.3-2021.10/bin/../lib/gcc/arm-none-eabi/13.3.1/thumb/v7e-m+fp/hard\libg.a(libc_a-wcsnrtombs.o)
                0x0800cfb0                _wcsnrtombs_l
 .text._wcsnrtombs_r
                0x0800d0ac       0x24 C:/CLionToolchains/gcc-arm-none-eabi-10.3-2021.10/bin/../lib/gcc/arm-none-eabi/13.3.1/thumb/v7e-m+fp/hard\libg.a(libc_a-wcsnrtombs.o)
                0x0800d0ac                _wcsnrtombs_r
 .text.fiprintf
                0x0800d0d0       0x28 C:/CLionToolchains/gcc-arm-none-eabi-10.3-2021.10/bin/../lib/gcc/arm-none-eabi/13.3.1/thumb/v7e-m+fp/hard\libg.a(libc_a-fiprintf.o)
                0x0800d0d0                fiprintf
 .text._vfiprintf_r
                0x0800d0f8      0xe68 C:/CLionToolchains/gcc-arm-none-eabi-10.3-2021.10/bin/../lib/gcc/arm-none-eabi/13.3.1/thumb/v7e-m+fp/hard\libg.a(libc_a-vfiprintf.o)
                0x0800d0f8                _vfiprintf_r
 .text.__sbprintf
                0x0800df60       0x80 C:/CLionToolchains/gcc-arm-none-eabi-10.3-2021.10/bin/../lib/gcc/arm-none-eabi/13.3.1/thumb/v7e-m+fp/hard\libg.a(libc_a-vfiprintf.o)
 .text.__sprint_r
                0x0800dfe0       0x20 C:/CLionToolchains/gcc-arm-none-eabi-10.3-2021.10/bin/../lib/gcc/arm-none-eabi/13.3.1/thumb/v7e-m+fp/hard\libg.a(libc_a-sprint_r.o)
                0x0800dfe0                __sprint_r
 .text.__sfvwrite_r
                0x0800e000      0x300 C:/CLionToolchains/gcc-arm-none-eabi-10.3-2021.10/bin/../lib/gcc/arm-none-eabi/13.3.1/thumb/v7e-m+fp/hard\libg.a(libc_a-fvwrite.o)
                0x0800e000                __sfvwrite_r
 .text.__swsetup_r
                0x0800e300       0xc4 C:/CLionToolchains/gcc-arm-none-eabi-10.3-2021.10/bin/../lib/gcc/arm-none-eabi/13.3.1/thumb/v7e-m+fp/hard\libg.a(libc_a-wsetup.o)
                0x0800e300                __swsetup_r
 .text.abort    0x0800e3c4       0x10 C:/CLionToolchains/gcc-arm-none-eabi-10.3-2021.10/bin/../lib/gcc/arm-none-eabi/13.3.1/thumb/v7e-m+fp/hard\libg.a(libc_a-abort.o)
                0x0800e3c4                abort
 .text.__smakebuf_r
                0x0800e3d4       0xdc C:/CLionToolchains/gcc-arm-none-eabi-10.3-2021.10/bin/../lib/gcc/arm-none-eabi/13.3.1/thumb/v7e-m+fp/hard\libg.a(libc_a-makebuf.o)
                0x0800e3d4                __smakebuf_r
 .text.raise    0x0800e4b0       0x58 C:/CLionToolchains/gcc-arm-none-eabi-10.3-2021.10/bin/../lib/gcc/arm-none-eabi/13.3.1/thumb/v7e-m+fp/hard\libg.a(libc_a-signal.o)
                0x0800e4b0                raise
 .text._fstat_r
                0x0800e508       0x2c C:/CLionToolchains/gcc-arm-none-eabi-10.3-2021.10/bin/../lib/gcc/arm-none-eabi/13.3.1/thumb/v7e-m+fp/hard\libg.a(libc_a-fstatr.o)
                0x0800e508                _fstat_r
 .text._isatty_r
                0x0800e534       0x24 C:/CLionToolchains/gcc-arm-none-eabi-10.3-2021.10/bin/../lib/gcc/arm-none-eabi/13.3.1/thumb/v7e-m+fp/hard\libg.a(libc_a-isattyr.o)
                0x0800e534                _isatty_r
 .text._kill_r  0x0800e558       0x2c C:/CLionToolchains/gcc-arm-none-eabi-10.3-2021.10/bin/../lib/gcc/arm-none-eabi/13.3.1/thumb/v7e-m+fp/hard\libg.a(libc_a-signalr.o)
                0x0800e558                _kill_r
 .text._getpid_r
                0x0800e584        0x4 C:/CLionToolchains/gcc-arm-none-eabi-10.3-2021.10/bin/../lib/gcc/arm-none-eabi/13.3.1/thumb/v7e-m+fp/hard\libg.a(libc_a-signalr.o)
                0x0800e584                _getpid_r
 .text.sqrt     0x0800e588       0x68 C:/CLionToolchains/gcc-arm-none-eabi-10.3-2021.10/bin/../lib/gcc/arm-none-eabi/13.3.1/thumb/v7e-m+fp/hard\libm.a(libm_a-w_sqrt.o)
                0x0800e588                sqrt
 .text.asinf    0x0800e5f0       0x58 C:/CLionToolchains/gcc-arm-none-eabi-10.3-2021.10/bin/../lib/gcc/arm-none-eabi/13.3.1/thumb/v7e-m+fp/hard\libm.a(libm_a-wf_asin.o)
                0x0800e5f0                asinf
 .text.atan2f   0x0800e648        0x4 C:/CLionToolchains/gcc-arm-none-eabi-10.3-2021.10/bin/../lib/gcc/arm-none-eabi/13.3.1/thumb/v7e-m+fp/hard\libm.a(libm_a-wf_atan2.o)
                0x0800e648                atan2f
 .text.fabsf    0x0800e64c       0x10 C:/CLionToolchains/gcc-arm-none-eabi-10.3-2021.10/bin/../lib/gcc/arm-none-eabi/13.3.1/thumb/v7e-m+fp/hard\libm.a(libm_a-sf_fabs.o)
                0x0800e64c                fabsf
 .text.nanf     0x0800e65c        0xc C:/CLionToolchains/gcc-arm-none-eabi-10.3-2021.10/bin/../lib/gcc/arm-none-eabi/13.3.1/thumb/v7e-m+fp/hard\libm.a(libm_a-sf_nan.o)
                0x0800e65c                nanf
 .text.__ieee754_sqrt
                0x0800e668      0x1ec C:/CLionToolchains/gcc-arm-none-eabi-10.3-2021.10/bin/../lib/gcc/arm-none-eabi/13.3.1/thumb/v7e-m+fp/hard\libm.a(libm_a-e_sqrt.o)
                0x0800e668                __ieee754_sqrt
 .text.__ieee754_asinf
                0x0800e854      0x1f8 C:/CLionToolchains/gcc-arm-none-eabi-10.3-2021.10/bin/../lib/gcc/arm-none-eabi/13.3.1/thumb/v7e-m+fp/hard\libm.a(libm_a-ef_asin.o)
                0x0800e854                __ieee754_asinf
 .text.__ieee754_atan2f
                0x0800ea4c      0x150 C:/CLionToolchains/gcc-arm-none-eabi-10.3-2021.10/bin/../lib/gcc/arm-none-eabi/13.3.1/thumb/v7e-m+fp/hard\libm.a(libm_a-ef_atan2.o)
                0x0800ea4c                __ieee754_atan2f
 .text.atanf    0x0800eb9c      0x1ac C:/CLionToolchains/gcc-arm-none-eabi-10.3-2021.10/bin/../lib/gcc/arm-none-eabi/13.3.1/thumb/v7e-m+fp/hard\libm.a(libm_a-sf_atan.o)
                0x0800eb9c                atanf
 .text.__ieee754_sqrtf
                0x0800ed48        0x8 C:/CLionToolchains/gcc-arm-none-eabi-10.3-2021.10/bin/../lib/gcc/arm-none-eabi/13.3.1/thumb/v7e-m+fp/hard\libm.a(libm_a-ef_sqrt.o)
                0x0800ed48                __ieee754_sqrtf
 *(.glue_7)
 .glue_7        0x0800ed50        0x0 linker stubs
 *(.glue_7t)
 .glue_7t       0x0800ed50        0x0 linker stubs
 *(.eh_frame)
 .eh_frame      0x0800ed50        0x0 C:/CLionToolchains/gcc-arm-none-eabi-10.3-2021.10/bin/../lib/gcc/arm-none-eabi/13.3.1/thumb/v7e-m+fp/hard/crtbegin.o
 *(.init)
 .init          0x0800ed50        0x4 C:/CLionToolchains/gcc-arm-none-eabi-10.3-2021.10/bin/../lib/gcc/arm-none-eabi/13.3.1/thumb/v7e-m+fp/hard/crti.o
                0x0800ed50                _init
 .init          0x0800ed54        0x8 C:/CLionToolchains/gcc-arm-none-eabi-10.3-2021.10/bin/../lib/gcc/arm-none-eabi/13.3.1/thumb/v7e-m+fp/hard/crtn.o
 *(.fini)
 .fini          0x0800ed5c        0x4 C:/CLionToolchains/gcc-arm-none-eabi-10.3-2021.10/bin/../lib/gcc/arm-none-eabi/13.3.1/thumb/v7e-m+fp/hard/crti.o
                0x0800ed5c                _fini
 .fini          0x0800ed60        0x8 C:/CLionToolchains/gcc-arm-none-eabi-10.3-2021.10/bin/../lib/gcc/arm-none-eabi/13.3.1/thumb/v7e-m+fp/hard/crtn.o
                0x0800ed68                        . = ALIGN (0x4)
                0x0800ed68                        _etext = .

.vfp11_veneer   0x0800ed68        0x0
 .vfp11_veneer  0x0800ed68        0x0 linker stubs

.v4_bx          0x0800ed68        0x0
 .v4_bx         0x0800ed68        0x0 linker stubs

.iplt           0x0800ed68        0x0
 .iplt          0x0800ed68        0x0 C:/CLionToolchains/gcc-arm-none-eabi-10.3-2021.10/bin/../lib/gcc/arm-none-eabi/13.3.1/thumb/v7e-m+fp/hard/crtbegin.o

.rodata         0x0800ed68      0x680
                0x0800ed68                        . = ALIGN (0x4)
 *(.rodata)
 .rodata        0x0800ed68      0x150 CMakeFiles/bubing_RM2025.elf.dir/Core/Src/freertos.c.obj
 *(.rodata*)
 .rodata.str1.4
                0x0800eeb8      0x257 CMakeFiles/bubing_RM2025.elf.dir/Core/Src/freertos.c.obj
                                 0xa0 (size before relaxing)
 *fill*         0x0800f10f        0x1 
 .rodata.APBPrescTable
                0x0800f110        0x8 CMakeFiles/bubing_RM2025.elf.dir/Core/Src/system_stm32f4xx.c.obj
                0x0800f110                APBPrescTable
 .rodata.AHBPrescTable
                0x0800f118       0x10 CMakeFiles/bubing_RM2025.elf.dir/Core/Src/system_stm32f4xx.c.obj
                0x0800f118                AHBPrescTable
 .rodata.flagBitshiftOffset.0